15:53:22 **** Incremental Build of configuration Debug for project MCU_HiL_Board ****
make -j8 all 
arm-none-eabi-gcc "../Core/Src/main.c" -mcpu=cortex-m7 -std=gnu11 -g3 -DDEBUG -DUSE_HAL_DRIVER -DSTM32F767xx -c -I../Core/Inc -I../Drivers/STM32F7xx_HAL_Driver/Inc -I../Drivers/STM32F7xx_HAL_Driver/Inc/Legacy -I../Drivers/CMSIS/Device/ST/STM32F7xx/Include -I../Drivers/CMSIS/Include -I../LWIP/App -I../LWIP/Target -I../Middlewares/Third_Party/LwIP/src/include -I../Middlewares/Third_Party/LwIP/system -I../Middlewares/Third_Party/LwIP/src/include/netif/ppp -I../Middlewares/Third_Party/LwIP/src/include/lwip -I../Middlewares/Third_Party/LwIP/src/include/lwip/apps -I../Middlewares/Third_Party/LwIP/src/include/lwip/priv -I../Middlewares/Third_Party/LwIP/src/include/lwip/prot -I../Middlewares/Third_Party/LwIP/src/include/netif -I../Middlewares/Third_Party/LwIP/src/include/compat/posix -I../Middlewares/Third_Party/LwIP/src/include/compat/posix/arpa -I../Middlewares/Third_Party/LwIP/src/include/compat/posix/net -I../Middlewares/Third_Party/LwIP/src/include/compat/posix/sys -I../Middlewares/Third_Party/LwIP/src/include/compat/stdc -I../Middlewares/Third_Party/LwIP/system/arch -O0 -ffunction-sections -fdata-sections -Wall -fstack-usage -MMD -MP -MF"Core/Src/main.d" -MT"Core/Src/main.o" --specs=nano.specs -mfpu=fpv5-d16 -mfloat-abi=hard -mthumb -o "Core/Src/main.o"
arm-none-eabi-gcc -o "MCU_HiL_Board.elf" @"objects.list"   -mcpu=cortex-m7 -T"C:\SKOLAN H\T11\Embedded Projekt IL2232\Github\SOFTWARE_DEV\Board-code\MCU_HiL_Board\STM32F767ZITX_FLASH.ld" --specs=nosys.specs -Wl,-Map="MCU_HiL_Board.map" -Wl,--gc-sections -static --specs=nano.specs -mfpu=fpv5-d16 -mfloat-abi=hard -mthumb -Wl,--start-group -lc -lm -Wl,--end-group
Finished building target: MCU_HiL_Board.elf
 
arm-none-eabi-size   MCU_HiL_Board.elf 
arm-none-eabi-objdump -h -S  MCU_HiL_Board.elf  > "MCU_HiL_Board.list"
arm-none-eabi-objcopy  -O binary  MCU_HiL_Board.elf  "MCU_HiL_Board.bin"
   text	   data	    bss	    dec	    hex	filename
  70724	    128	 143400	 214252	  344ec	MCU_HiL_Board.elf
Finished building: default.size.stdout
 
Finished building: MCU_HiL_Board.bin
 
Finished building: MCU_HiL_Board.list
 

15:53:24 Build Finished. 0 errors, 0 warnings. (took 2s.351ms)

