../Drivers/CMSIS/Include/core_cm7.h:2229:22:SCB_EnableICache	4	static,ignoring_inline_asm
../Drivers/CMSIS/Include/core_cm7.h:2281:22:SCB_EnableDCache	24	static,ignoring_inline_asm
../Core/Src/main.c:161:5:main	8	static
../Core/Src/main.c:285:6:SystemClock_Config	88	static
../Core/Src/main.c:339:13:MX_CAN1_Init	8	static
../Core/Src/main.c:376:13:MX_DAC_Init	16	static
../Core/Src/main.c:416:13:MX_ETH_Init	8	static
../Core/Src/main.c:470:13:MX_I2C1_Init	8	static
../Core/Src/main.c:518:6:MX_SPI1_Init	8	static
../Core/Src/main.c:559:13:MX_SPI3_Init	8	static
../Core/Src/main.c:598:13:MX_TIM1_Init	72	static
../Core/Src/main.c:674:13:MX_UART7_Init	8	static
../Core/Src/main.c:707:13:MX_DMA_Init	16	static
../Core/Src/main.c:729:13:MX_GPIO_Init	64	static
../Core/Src/main.c:870:6:StartTask_controller	32	static
../Core/Src/main.c:910:6:StartTask_SHT20	16	static
../Core/Src/main.c:929:6:StartTask_74HC595D	24	static
../Core/Src/main.c:961:6:HAL_TIM_PeriodElapsedCallback	16	static
../Core/Src/main.c:978:6:Error_Handler	4	static,ignoring_inline_asm
