../Core/Src/main.c:120:5:main	8	static
../Core/Src/main.c:212:6:SystemClock_Config	88	static
../Core/Src/main.c:267:13:MX_CAN1_Init	8	static
../Core/Src/main.c:304:13:MX_DAC_Init	16	static
../Core/Src/main.c:344:13:MX_ETH_Init	8	static
../Core/Src/main.c:393:13:MX_I2C1_Init	8	static
../Core/Src/main.c:441:13:MX_SPI1_Init	8	static
../Core/Src/main.c:480:13:MX_SPI3_Init	8	static
../Core/Src/main.c:519:13:MX_TIM1_Init	56	static
../Core/Src/main.c:579:13:MX_UART7_Init	8	static
../Core/Src/main.c:614:13:MX_GPIO_Init	56	static
../Core/Src/main.c:739:6:StartDefaultTask	16	static
../Core/Src/main.c:758:6:HAL_TIM_PeriodElapsedCallback	16	static
../Core/Src/main.c:775:6:Error_Handler	4	static,ignoring_inline_asm
