../Core/Src/stm32f7xx_it.c:76:6:NMI_Handler	4	static
../Core/Src/stm32f7xx_it.c:91:6:HardFault_Handler	4	static
../Core/Src/stm32f7xx_it.c:106:6:MemManage_Handler	4	static
../Core/Src/stm32f7xx_it.c:121:6:BusFault_Handler	4	static
../Core/Src/stm32f7xx_it.c:136:6:UsageFault_Handler	4	static
../Core/Src/stm32f7xx_it.c:151:6:DebugMon_Handler	4	static
../Core/Src/stm32f7xx_it.c:171:6:DMA1_Stream3_IRQHandler	8	static
../Core/Src/stm32f7xx_it.c:185:6:TIM1_CC_IRQHandler	8	static
../Core/Src/stm32f7xx_it.c:199:6:TIM6_DAC_IRQHandler	8	static
../Core/Src/stm32f7xx_it.c:216:6:DMA2_Stream0_IRQHandler	8	static
../Core/Src/stm32f7xx_it.c:230:6:OTG_FS_IRQHandler	8	static
../Core/Src/stm32f7xx_it.c:244:6:UART7_IRQHandler	8	static
