../Core/Src/stm32f7xx_hal_msp.c:63:6:HAL_MspInit	16	static
../Core/Src/stm32f7xx_hal_msp.c:87:6:HAL_CAN_MspInit	48	static
../Core/Src/stm32f7xx_hal_msp.c:123:6:HAL_CAN_MspDeInit	16	static
../Core/Src/stm32f7xx_hal_msp.c:152:6:HAL_CRC_MspInit	24	static
../Core/Src/stm32f7xx_hal_msp.c:174:6:HAL_CRC_MspDeInit	16	static
../Core/Src/stm32f7xx_hal_msp.c:196:6:HAL_DAC_MspInit	48	static
../Core/Src/stm32f7xx_hal_msp.c:232:6:HAL_DAC_MspDeInit	16	static
../Core/Src/stm32f7xx_hal_msp.c:262:6:HAL_ETH_MspInit	64	static
../Core/Src/stm32f7xx_hal_msp.c:329:6:HAL_ETH_MspDeInit	16	static
../Core/Src/stm32f7xx_hal_msp.c:371:6:HAL_I2C_MspInit	192	static
../Core/Src/stm32f7xx_hal_msp.c:422:6:HAL_I2C_MspDeInit	16	static
../Core/Src/stm32f7xx_hal_msp.c:456:6:HAL_SPI_MspInit	64	static
../Core/Src/stm32f7xx_hal_msp.c:532:6:HAL_SPI_MspDeInit	16	static
../Core/Src/stm32f7xx_hal_msp.c:583:6:HAL_TIM_Base_MspInit	48	static
../Core/Src/stm32f7xx_hal_msp.c:618:6:HAL_TIM_Base_MspDeInit	16	static
../Core/Src/stm32f7xx_hal_msp.c:646:6:HAL_UART_MspInit	192	static
../Core/Src/stm32f7xx_hal_msp.c:693:6:HAL_UART_MspDeInit	16	static
