Archive member included to satisfy reference by file (symbol)

c:/st/stm32cubeide_1.10.1/stm32cubeide/plugins/com.st.stm32cube.ide.mcu.externaltools.gnu-tools-for-stm32.10.3-2021.10.win32_1.0.0.202111181127/tools/bin/../lib/gcc/arm-none-eabi/10.3.1/../../../../arm-none-eabi/lib/thumb/v7e-m+dp/hard\libc_nano.a(lib_a-errno.o)
                              ./Core/Src/syscalls.o (__errno)
c:/st/stm32cubeide_1.10.1/stm32cubeide/plugins/com.st.stm32cube.ide.mcu.externaltools.gnu-tools-for-stm32.10.3-2021.10.win32_1.0.0.202111181127/tools/bin/../lib/gcc/arm-none-eabi/10.3.1/../../../../arm-none-eabi/lib/thumb/v7e-m+dp/hard\libc_nano.a(lib_a-exit.o)
                              c:/st/stm32cubeide_1.10.1/stm32cubeide/plugins/com.st.stm32cube.ide.mcu.externaltools.gnu-tools-for-stm32.10.3-2021.10.win32_1.0.0.202111181127/tools/bin/../lib/gcc/arm-none-eabi/10.3.1/../../../../arm-none-eabi/lib/thumb/v7e-m+dp/hard/crt0.o (exit)
c:/st/stm32cubeide_1.10.1/stm32cubeide/plugins/com.st.stm32cube.ide.mcu.externaltools.gnu-tools-for-stm32.10.3-2021.10.win32_1.0.0.202111181127/tools/bin/../lib/gcc/arm-none-eabi/10.3.1/../../../../arm-none-eabi/lib/thumb/v7e-m+dp/hard\libc_nano.a(lib_a-findfp.o)
                              ./Middlewares/Third_Party/FreeRTOS/Source/tasks.o (__sf_fake_stderr)
c:/st/stm32cubeide_1.10.1/stm32cubeide/plugins/com.st.stm32cube.ide.mcu.externaltools.gnu-tools-for-stm32.10.3-2021.10.win32_1.0.0.202111181127/tools/bin/../lib/gcc/arm-none-eabi/10.3.1/../../../../arm-none-eabi/lib/thumb/v7e-m+dp/hard\libc_nano.a(lib_a-fwalk.o)
                              c:/st/stm32cubeide_1.10.1/stm32cubeide/plugins/com.st.stm32cube.ide.mcu.externaltools.gnu-tools-for-stm32.10.3-2021.10.win32_1.0.0.202111181127/tools/bin/../lib/gcc/arm-none-eabi/10.3.1/../../../../arm-none-eabi/lib/thumb/v7e-m+dp/hard\libc_nano.a(lib_a-findfp.o) (_fwalk)
c:/st/stm32cubeide_1.10.1/stm32cubeide/plugins/com.st.stm32cube.ide.mcu.externaltools.gnu-tools-for-stm32.10.3-2021.10.win32_1.0.0.202111181127/tools/bin/../lib/gcc/arm-none-eabi/10.3.1/../../../../arm-none-eabi/lib/thumb/v7e-m+dp/hard\libc_nano.a(lib_a-impure.o)
                              c:/st/stm32cubeide_1.10.1/stm32cubeide/plugins/com.st.stm32cube.ide.mcu.externaltools.gnu-tools-for-stm32.10.3-2021.10.win32_1.0.0.202111181127/tools/bin/../lib/gcc/arm-none-eabi/10.3.1/../../../../arm-none-eabi/lib/thumb/v7e-m+dp/hard\libc_nano.a(lib_a-exit.o) (_global_impure_ptr)
c:/st/stm32cubeide_1.10.1/stm32cubeide/plugins/com.st.stm32cube.ide.mcu.externaltools.gnu-tools-for-stm32.10.3-2021.10.win32_1.0.0.202111181127/tools/bin/../lib/gcc/arm-none-eabi/10.3.1/../../../../arm-none-eabi/lib/thumb/v7e-m+dp/hard\libc_nano.a(lib_a-init.o)
                              c:/st/stm32cubeide_1.10.1/stm32cubeide/plugins/com.st.stm32cube.ide.mcu.externaltools.gnu-tools-for-stm32.10.3-2021.10.win32_1.0.0.202111181127/tools/bin/../lib/gcc/arm-none-eabi/10.3.1/../../../../arm-none-eabi/lib/thumb/v7e-m+dp/hard/crt0.o (__libc_init_array)
c:/st/stm32cubeide_1.10.1/stm32cubeide/plugins/com.st.stm32cube.ide.mcu.externaltools.gnu-tools-for-stm32.10.3-2021.10.win32_1.0.0.202111181127/tools/bin/../lib/gcc/arm-none-eabi/10.3.1/../../../../arm-none-eabi/lib/thumb/v7e-m+dp/hard\libc_nano.a(lib_a-lock.o)
                              c:/st/stm32cubeide_1.10.1/stm32cubeide/plugins/com.st.stm32cube.ide.mcu.externaltools.gnu-tools-for-stm32.10.3-2021.10.win32_1.0.0.202111181127/tools/bin/../lib/gcc/arm-none-eabi/10.3.1/../../../../arm-none-eabi/lib/thumb/v7e-m+dp/hard\libc_nano.a(lib_a-findfp.o) (__retarget_lock_init_recursive)
c:/st/stm32cubeide_1.10.1/stm32cubeide/plugins/com.st.stm32cube.ide.mcu.externaltools.gnu-tools-for-stm32.10.3-2021.10.win32_1.0.0.202111181127/tools/bin/../lib/gcc/arm-none-eabi/10.3.1/../../../../arm-none-eabi/lib/thumb/v7e-m+dp/hard\libc_nano.a(lib_a-malloc.o)
                              ./Middlewares/ST/STM32_USB_Device_Library/Class/CDC/Src/usbd_cdc.o (malloc)
c:/st/stm32cubeide_1.10.1/stm32cubeide/plugins/com.st.stm32cube.ide.mcu.externaltools.gnu-tools-for-stm32.10.3-2021.10.win32_1.0.0.202111181127/tools/bin/../lib/gcc/arm-none-eabi/10.3.1/../../../../arm-none-eabi/lib/thumb/v7e-m+dp/hard\libc_nano.a(lib_a-memcpy-stub.o)
                              ./Middlewares/Third_Party/FreeRTOS/Source/CMSIS_RTOS_V2/cmsis_os2.o (memcpy)
c:/st/stm32cubeide_1.10.1/stm32cubeide/plugins/com.st.stm32cube.ide.mcu.externaltools.gnu-tools-for-stm32.10.3-2021.10.win32_1.0.0.202111181127/tools/bin/../lib/gcc/arm-none-eabi/10.3.1/../../../../arm-none-eabi/lib/thumb/v7e-m+dp/hard\libc_nano.a(lib_a-memset.o)
                              c:/st/stm32cubeide_1.10.1/stm32cubeide/plugins/com.st.stm32cube.ide.mcu.externaltools.gnu-tools-for-stm32.10.3-2021.10.win32_1.0.0.202111181127/tools/bin/../lib/gcc/arm-none-eabi/10.3.1/../../../../arm-none-eabi/lib/thumb/v7e-m+dp/hard/crt0.o (memset)
[...]
Memory Configuration

Name             Origin             Length             Attributes
RAM              0x0000000020000000 0x0000000000080000 xrw
FLASH            0x0000000008000000 0x0000000000200000 xr
*default*        0x0000000000000000 0xffffffffffffffff

Linker script and memory map

LOAD c:/st/stm32cubeide_1.10.1/stm32cubeide/plugins/com.st.stm32cube.ide.mcu.externaltools.gnu-tools-for-stm32.10.3-2021.10.win32_1.0.0.202111181127/tools/bin/../lib/gcc/arm-none-eabi/10.3.1/thumb/v7e-m+dp/hard/crti.o
LOAD c:/st/stm32cubeide_1.10.1/stm32cubeide/plugins/com.st.stm32cube.ide.mcu.externaltools.gnu-tools-for-stm32.10.3-2021.10.win32_1.0.0.202111181127/tools/bin/../lib/gcc/arm-none-eabi/10.3.1/thumb/v7e-m+dp/hard/crtbegin.o
LOAD c:/st/stm32cubeide_1.10.1/stm32cubeide/plugins/com.st.stm32cube.ide.mcu.externaltools.gnu-tools-for-stm32.10.3-2021.10.win32_1.0.0.202111181127/tools/bin/../lib/gcc/arm-none-eabi/10.3.1/../../../../arm-none-eabi/lib/thumb/v7e-m+dp/hard/crt0.o
LOAD ./Core/Src/freertos.o
LOAD ./Core/Src/main.o
LOAD ./Core/Src/stm32f7xx_hal_msp.o
LOAD ./Core/Src/stm32f7xx_hal_timebase_tim.o
LOAD ./Core/Src/stm32f7xx_it.o
LOAD ./Core/Src/syscalls.o
LOAD ./Core/Src/sysmem.o
LOAD ./Core/Src/system_stm32f7xx.o
LOAD ./Core/Startup/startup_stm32f767zitx.o
LOAD ./Drivers/STM32F7xx_HAL_Driver/Src/stm32f7xx_hal.o
LOAD ./Drivers/STM32F7xx_HAL_Driver/Src/stm32f7xx_hal_cortex.o
LOAD ./Drivers/STM32F7xx_HAL_Driver/Src/stm32f7xx_hal_dma.o
LOAD ./Drivers/STM32F7xx_HAL_Driver/Src/stm32f7xx_hal_dma_ex.o
LOAD ./Drivers/STM32F7xx_HAL_Driver/Src/stm32f7xx_hal_exti.o
LOAD ./Drivers/STM32F7xx_HAL_Driver/Src/stm32f7xx_hal_flash.o
LOAD ./Drivers/STM32F7xx_HAL_Driver/Src/stm32f7xx_hal_flash_ex.o
LOAD ./Drivers/STM32F7xx_HAL_Driver/Src/stm32f7xx_hal_gpio.o
LOAD ./Drivers/STM32F7xx_HAL_Driver/Src/stm32f7xx_hal_i2c.o
LOAD ./Drivers/STM32F7xx_HAL_Driver/Src/stm32f7xx_hal_i2c_ex.o
LOAD ./Drivers/STM32F7xx_HAL_Driver/Src/stm32f7xx_hal_pcd.o
LOAD ./Drivers/STM32F7xx_HAL_Driver/Src/stm32f7xx_hal_pcd_ex.o
LOAD ./Drivers/STM32F7xx_HAL_Driver/Src/stm32f7xx_hal_pwr.o
LOAD ./Drivers/STM32F7xx_HAL_Driver/Src/stm32f7xx_hal_pwr_ex.o
LOAD ./Drivers/STM32F7xx_HAL_Driver/Src/stm32f7xx_hal_rcc.o
LOAD ./Drivers/STM32F7xx_HAL_Driver/Src/stm32f7xx_hal_rcc_ex.o
LOAD ./Drivers/STM32F7xx_HAL_Driver/Src/stm32f7xx_hal_tim.o
LOAD ./Drivers/STM32F7xx_HAL_Driver/Src/stm32f7xx_hal_tim_ex.o
LOAD ./Drivers/STM32F7xx_HAL_Driver/Src/stm32f7xx_ll_usb.o
LOAD ./Middlewares/ST/STM32_USB_Device_Library/Class/CDC/Src/usbd_cdc.o
LOAD ./Middlewares/ST/STM32_USB_Device_Library/Core/Src/usbd_core.o
LOAD ./Middlewares/ST/STM32_USB_Device_Library/Core/Src/usbd_ctlreq.o
LOAD ./Middlewares/ST/STM32_USB_Device_Library/Core/Src/usbd_ioreq.o
LOAD ./Middlewares/Third_Party/FreeRTOS/Source/CMSIS_RTOS_V2/cmsis_os2.o
LOAD ./Middlewares/Third_Party/FreeRTOS/Source/croutine.o
LOAD ./Middlewares/Third_Party/FreeRTOS/Source/event_groups.o
LOAD ./Middlewares/Third_Party/FreeRTOS/Source/list.o
LOAD ./Middlewares/Third_Party/FreeRTOS/Source/queue.o
LOAD ./Middlewares/Third_Party/FreeRTOS/Source/stream_buffer.o
LOAD ./Middlewares/Third_Party/FreeRTOS/Source/tasks.o
LOAD ./Middlewares/Third_Party/FreeRTOS/Source/timers.o
LOAD ./Middlewares/Third_Party/FreeRTOS/Source/portable/GCC/ARM_CM7/r0p1/port.o
LOAD ./Middlewares/Third_Party/FreeRTOS/Source/portable/MemMang/heap_4.o
LOAD ./USB_DEVICE/App/usb_device.o
LOAD ./USB_DEVICE/App/usbd_cdc_if.o
LOAD ./USB_DEVICE/App/usbd_desc.o
LOAD ./USB_DEVICE/Target/usbd_conf.o
START GROUP
LOAD c:/st/stm32cubeide_1.10.1/stm32cubeide/plugins/com.st.stm32cube.ide.mcu.externaltools.gnu-tools-for-stm32.10.3-2021.10.win32_1.0.0.202111181127/tools/bin/../lib/gcc/arm-none-eabi/10.3.1/../../../../arm-none-eabi/lib/thumb/v7e-m+dp/hard\libc_nano.a
LOAD c:/st/stm32cubeide_1.10.1/stm32cubeide/plugins/com.st.stm32cube.ide.mcu.externaltools.gnu-tools-for-stm32.10.3-2021.10.win32_1.0.0.202111181127/tools/bin/../lib/gcc/arm-none-eabi/10.3.1/../../../../arm-none-eabi/lib/thumb/v7e-m+dp/hard\libm.a
END GROUP
START GROUP
LOAD c:/st/stm32cubeide_1.10.1/stm32cubeide/plugins/com.st.stm32cube.ide.mcu.externaltools.gnu-tools-for-stm32.10.3-2021.10.win32_1.0.0.202111181127/tools/bin/../lib/gcc/arm-none-eabi/10.3.1/thumb/v7e-m+dp/hard\libgcc.a
LOAD c:/st/stm32cubeide_1.10.1/stm32cubeide/plugins/com.st.stm32cube.ide.mcu.externaltools.gnu-tools-for-stm32.10.3-2021.10.win32_1.0.0.202111181127/tools/bin/../lib/gcc/arm-none-eabi/10.3.1/../../../../arm-none-eabi/lib/thumb/v7e-m+dp/hard\libc_nano.a
END GROUP
START GROUP
LOAD c:/st/stm32cubeide_1.10.1/stm32cubeide/plugins/com.st.stm32cube.ide.mcu.externaltools.gnu-tools-for-stm32.10.3-2021.10.win32_1.0.0.202111181127/tools/bin/../lib/gcc/arm-none-eabi/10.3.1/thumb/v7e-m+dp/hard\libgcc.a
LOAD c:/st/stm32cubeide_1.10.1/stm32cubeide/plugins/com.st.stm32cube.ide.mcu.externaltools.gnu-tools-for-stm32.10.3-2021.10.win32_1.0.0.202111181127/tools/bin/../lib/gcc/arm-none-eabi/10.3.1/../../../../arm-none-eabi/lib/thumb/v7e-m+dp/hard\libc_nano.a
LOAD c:/st/stm32cubeide_1.10.1/stm32cubeide/plugins/com.st.stm32cube.ide.mcu.externaltools.gnu-tools-for-stm32.10.3-2021.10.win32_1.0.0.202111181127/tools/bin/../lib/gcc/arm-none-eabi/10.3.1/../../../../arm-none-eabi/lib/thumb/v7e-m+dp/hard\libnosys.a
END GROUP
START GROUP
LOAD c:/st/stm32cubeide_1.10.1/stm32cubeide/plugins/com.st.stm32cube.ide.mcu.externaltools.gnu-tools-for-stm32.10.3-2021.10.win32_1.0.0.202111181127/tools/bin/../lib/gcc/arm-none-eabi/10.3.1/thumb/v7e-m+dp/hard\libgcc.a
LOAD c:/st/stm32cubeide_1.10.1/stm32cubeide/plugins/com.st.stm32cube.ide.mcu.externaltools.gnu-tools-for-stm32.10.3-2021.10.win32_1.0.0.202111181127/tools/bin/../lib/gcc/arm-none-eabi/10.3.1/../../../../arm-none-eabi/lib/thumb/v7e-m+dp/hard\libc_nano.a
LOAD c:/st/stm32cubeide_1.10.1/stm32cubeide/plugins/com.st.stm32cube.ide.mcu.externaltools.gnu-tools-for-stm32.10.3-2021.10.win32_1.0.0.202111181127/tools/bin/../lib/gcc/arm-none-eabi/10.3.1/../../../../arm-none-eabi/lib/thumb/v7e-m+dp/hard\libnosys.a
END GROUP
LOAD c:/st/stm32cubeide_1.10.1/stm32cubeide/plugins/com.st.stm32cube.ide.mcu.externaltools.gnu-tools-for-stm32.10.3-2021.10.win32_1.0.0.202111181127/tools/bin/../lib/gcc/arm-none-eabi/10.3.1/thumb/v7e-m+dp/hard/crtend.o
LOAD c:/st/stm32cubeide_1.10.1/stm32cubeide/plugins/com.st.stm32cube.ide.mcu.externaltools.gnu-tools-for-stm32.10.3-2021.10.win32_1.0.0.202111181127/tools/bin/../lib/gcc/arm-none-eabi/10.3.1/thumb/v7e-m+dp/hard/crtn.o
                0x0000000020080000                _estack = (ORIGIN (RAM) + LENGTH (RAM))
                0x0000000000000200                _Min_Heap_Size = 0x200
                0x0000000000000400                _Min_Stack_Size = 0x400

.isr_vector     0x0000000008000000      0x1f8
                0x0000000008000000                . = ALIGN (0x4)
 *(.isr_vector)
 .isr_vector    0x0000000008000000      0x1f8 ./Core/Startup/startup_stm32f767zitx.o
                0x0000000008000000                g_pfnVectors
                0x00000000080001f8                . = ALIGN (0x4)

.text           0x0000000008000200     0xb018
                0x0000000008000200                . = ALIGN (0x4)
 *(.text)
 .text          0x0000000008000200       0x40 c:/st/stm32cubeide_1.10.1/stm32cubeide/plugins/com.st.stm32cube.ide.mcu.externaltools.gnu-tools-for-stm32.10.3-2021.10.win32_1.0.0.202111181127/tools/bin/../lib/gcc/arm-none-eabi/10.3.1/thumb/v7e-m+dp/hard/crtbegin.o
 .text          0x0000000008000240       0x30 c:/st/stm32cubeide_1.10.1/stm32cubeide/plugins/com.st.stm32cube.ide.mcu.externaltools.gnu-tools-for-stm32.10.3-2021.10.win32_1.0.0.202111181127/tools/bin/../lib/gcc/arm-none-eabi/10.3.1/thumb/v7e-m+dp/hard\libgcc.a(_aeabi_uldivmod.o)
                0x0000000008000240                __aeabi_uldivmod
 .text          0x0000000008000270      0x2d0 c:/st/stm32cubeide_1.10.1/stm32cubeide/plugins/com.st.stm32cube.ide.mcu.externaltools.gnu-tools-for-stm32.10.3-2021.10.win32_1.0.0.202111181127/tools/bin/../lib/gcc/arm-none-eabi/10.3.1/thumb/v7e-m+dp/hard\libgcc.a(_udivmoddi4.o)
                0x0000000008000270                __udivmoddi4
 .text          0x0000000008000540        0x4 c:/st/stm32cubeide_1.10.1/stm32cubeide/plugins/com.st.stm32cube.ide.mcu.externaltools.gnu-tools-for-stm32.10.3-2021.10.win32_1.0.0.202111181127/tools/bin/../lib/gcc/arm-none-eabi/10.3.1/thumb/v7e-m+dp/hard\libgcc.a(_dvmd_tls.o)
                0x0000000008000540                __aeabi_idiv0
                0x0000000008000540                __aeabi_ldiv0
 *(.text*)
 .text.SCB_EnableICache
                0x0000000008000544       0x4c ./Core/Src/main.o
 .text.SCB_EnableDCache
                0x0000000008000590       0x88 ./Core/Src/main.o
 .text.main     0x0000000008000618       0x40 ./Core/Src/main.o
                0x0000000008000618                main
 .text.SystemClock_Config
                0x0000000008000658       0xe0 ./Core/Src/main.o
                0x0000000008000658                SystemClock_Config
 .text.MX_GPIO_Init
                0x0000000008000738       0x94 ./Core/Src/main.o
 .text.StartTask_Rx
                0x00000000080007cc       0x2c ./Core/Src/main.o
                0x00000000080007cc                StartTask_Rx
 .text.HAL_TIM_PeriodElapsedCallback
                0x00000000080007f8       0x24 ./Core/Src/main.o
                0x00000000080007f8                HAL_TIM_PeriodElapsedCallback
 .text.Error_Handler
                0x000000000800081c        0xa ./Core/Src/main.o
                0x000000000800081c                Error_Handler
 *fill*         0x0000000008000826        0x2 
 .text.HAL_MspInit
                0x0000000008000828       0x50 ./Core/Src/stm32f7xx_hal_msp.o
                0x0000000008000828                HAL_MspInit
 .text.HAL_InitTick
                0x0000000008000878       0xf4 ./Core/Src/stm32f7xx_hal_timebase_tim.o
                0x0000000008000878                HAL_InitTick
 .text.NMI_Handler
                0x000000000800096c        0x6 ./Core/Src/stm32f7xx_it.o
                0x000000000800096c                NMI_Handler
 .text.HardFault_Handler
                0x0000000008000972        0x6 ./Core/Src/stm32f7xx_it.o
                0x0000000008000972                HardFault_Handler
 .text.MemManage_Handler
                0x0000000008000978        0x6 ./Core/Src/stm32f7xx_it.o
                0x0000000008000978                MemManage_Handler
 .text.BusFault_Handler
                0x000000000800097e        0x6 ./Core/Src/stm32f7xx_it.o
                0x000000000800097e                BusFault_Handler
 .text.UsageFault_Handler
                0x0000000008000984        0x6 ./Core/Src/stm32f7xx_it.o
                0x0000000008000984                UsageFault_Handler
 .text.DebugMon_Handler
                0x000000000800098a        0xe ./Core/Src/stm32f7xx_it.o
                0x000000000800098a                DebugMon_Handler
 .text.TIM6_DAC_IRQHandler
                0x0000000008000998       0x14 ./Core/Src/stm32f7xx_it.o
                0x0000000008000998                TIM6_DAC_IRQHandler
 .text.OTG_FS_IRQHandler
                0x00000000080009ac       0x14 ./Core/Src/stm32f7xx_it.o
                0x00000000080009ac                OTG_FS_IRQHandler
 .text._sbrk    0x00000000080009c0       0x6c ./Core/Src/sysmem.o
                0x00000000080009c0                _sbrk
 .text.SystemInit
                0x0000000008000a2c       0x24 ./Core/Src/system_stm32f7xx.o
                0x0000000008000a2c                SystemInit
 .text.Reset_Handler
                0x0000000008000a50       0x50 ./Core/Startup/startup_stm32f767zitx.o
                0x0000000008000a50                Reset_Handler
 .text.Default_Handler
                0x0000000008000aa0        0x2 ./Core/Startup/startup_stm32f767zitx.o
                0x0000000008000aa0                RTC_Alarm_IRQHandler
                0x0000000008000aa0                EXTI2_IRQHandler
                0x0000000008000aa0                TIM8_CC_IRQHandler
                0x0000000008000aa0                UART8_IRQHandler
                0x0000000008000aa0                SPI4_IRQHandler
                0x0000000008000aa0                TIM1_CC_IRQHandler
                0x0000000008000aa0                DMA2_Stream5_IRQHandler
                0x0000000008000aa0                JPEG_IRQHandler
                0x0000000008000aa0                DMA1_Stream5_IRQHandler
                0x0000000008000aa0                CAN3_RX1_IRQHandler
                0x0000000008000aa0                PVD_IRQHandler
                0x0000000008000aa0                TAMP_STAMP_IRQHandler
                0x0000000008000aa0                CAN2_RX1_IRQHandler
                0x0000000008000aa0                EXTI3_IRQHandler
                0x0000000008000aa0                TIM8_TRG_COM_TIM14_IRQHandler
                0x0000000008000aa0                DFSDM1_FLT1_IRQHandler
                0x0000000008000aa0                TIM1_UP_TIM10_IRQHandler
                0x0000000008000aa0                TIM8_UP_TIM13_IRQHandler
                0x0000000008000aa0                I2C3_ER_IRQHandler
                0x0000000008000aa0                DFSDM1_FLT2_IRQHandler
                0x0000000008000aa0                EXTI0_IRQHandler
                0x0000000008000aa0                I2C2_EV_IRQHandler
                0x0000000008000aa0                DMA1_Stream2_IRQHandler
                0x0000000008000aa0                CAN1_RX0_IRQHandler
                0x0000000008000aa0                FPU_IRQHandler
                0x0000000008000aa0                OTG_HS_WKUP_IRQHandler
                0x0000000008000aa0                CAN3_SCE_IRQHandler
                0x0000000008000aa0                LTDC_ER_IRQHandler
                0x0000000008000aa0                CAN2_SCE_IRQHandler
                0x0000000008000aa0                DMA2_Stream2_IRQHandler
                0x0000000008000aa0                SPI1_IRQHandler
                0x0000000008000aa0                TIM1_BRK_TIM9_IRQHandler
                0x0000000008000aa0                DCMI_IRQHandler
                0x0000000008000aa0                CAN2_RX0_IRQHandler
                0x0000000008000aa0                DMA2_Stream3_IRQHandler
                0x0000000008000aa0                SAI2_IRQHandler
                0x0000000008000aa0                DFSDM1_FLT3_IRQHandler
                0x0000000008000aa0                USART6_IRQHandler
                0x0000000008000aa0                CAN3_RX0_IRQHandler
                0x0000000008000aa0                USART3_IRQHandler
                0x0000000008000aa0                CAN1_RX1_IRQHandler
                0x0000000008000aa0                UART5_IRQHandler
                0x0000000008000aa0                DMA2_Stream0_IRQHandler
                0x0000000008000aa0                TIM4_IRQHandler
                0x0000000008000aa0                QUADSPI_IRQHandler
                0x0000000008000aa0                I2C1_EV_IRQHandler
                0x0000000008000aa0                DMA1_Stream6_IRQHandler
                0x0000000008000aa0                DMA1_Stream1_IRQHandler
                0x0000000008000aa0                UART4_IRQHandler
                0x0000000008000aa0                TIM3_IRQHandler
                0x0000000008000aa0                RCC_IRQHandler
                0x0000000008000aa0                TIM8_BRK_TIM12_IRQHandler
                0x0000000008000aa0                Default_Handler
                0x0000000008000aa0                CEC_IRQHandler
                0x0000000008000aa0                EXTI15_10_IRQHandler
                0x0000000008000aa0                ADC_IRQHandler
                0x0000000008000aa0                DMA1_Stream7_IRQHandler
                0x0000000008000aa0                SPI5_IRQHandler
                0x0000000008000aa0                TIM7_IRQHandler
                0x0000000008000aa0                SDMMC1_IRQHandler
                0x0000000008000aa0                CAN2_TX_IRQHandler
                0x0000000008000aa0                TIM5_IRQHandler
                0x0000000008000aa0                DMA2_Stream7_IRQHandler
                0x0000000008000aa0                I2C3_EV_IRQHandler
                0x0000000008000aa0                EXTI9_5_IRQHandler
                0x0000000008000aa0                RTC_WKUP_IRQHandler
                0x0000000008000aa0                LTDC_IRQHandler
                0x0000000008000aa0                ETH_WKUP_IRQHandler
                0x0000000008000aa0                SPDIF_RX_IRQHandler
                0x0000000008000aa0                SPI2_IRQHandler
                0x0000000008000aa0                OTG_HS_EP1_IN_IRQHandler
                0x0000000008000aa0                DMA1_Stream0_IRQHandler
                0x0000000008000aa0                CAN1_TX_IRQHandler
                0x0000000008000aa0                EXTI4_IRQHandler
                0x0000000008000aa0                RNG_IRQHandler
                0x0000000008000aa0                ETH_IRQHandler
                0x0000000008000aa0                OTG_HS_EP1_OUT_IRQHandler
                0x0000000008000aa0                WWDG_IRQHandler
                0x0000000008000aa0                SPI6_IRQHandler
                0x0000000008000aa0                MDIOS_IRQHandler
                0x0000000008000aa0                I2C4_EV_IRQHandler
                0x0000000008000aa0                CAN3_TX_IRQHandler
                0x0000000008000aa0                TIM2_IRQHandler
                0x0000000008000aa0                OTG_FS_WKUP_IRQHandler
                0x0000000008000aa0                TIM1_TRG_COM_TIM11_IRQHandler
                0x0000000008000aa0                OTG_HS_IRQHandler
                0x0000000008000aa0                DMA2D_IRQHandler
                0x0000000008000aa0                EXTI1_IRQHandler
                0x0000000008000aa0                SDMMC2_IRQHandler
                0x0000000008000aa0                UART7_IRQHandler
                0x0000000008000aa0                USART2_IRQHandler
                0x0000000008000aa0                DFSDM1_FLT0_IRQHandler
                0x0000000008000aa0                I2C2_ER_IRQHandler
                0x0000000008000aa0                DMA2_Stream1_IRQHandler
                0x0000000008000aa0                CAN1_SCE_IRQHandler
                0x0000000008000aa0                FLASH_IRQHandler
                0x0000000008000aa0                DMA2_Stream4_IRQHandler
                0x0000000008000aa0                USART1_IRQHandler
                0x0000000008000aa0                SPI3_IRQHandler
                0x0000000008000aa0                DMA1_Stream4_IRQHandler
                0x0000000008000aa0                I2C1_ER_IRQHandler
                0x0000000008000aa0                FMC_IRQHandler
                0x0000000008000aa0                LPTIM1_IRQHandler
                0x0000000008000aa0                I2C4_ER_IRQHandler
                0x0000000008000aa0                DMA2_Stream6_IRQHandler
                0x0000000008000aa0                SAI1_IRQHandler
                0x0000000008000aa0                DMA1_Stream3_IRQHandler
 *fill*         0x0000000008000aa2        0x2 
 .text.HAL_Init
                0x0000000008000aa4       0x2c ./Drivers/STM32F7xx_HAL_Driver/Src/stm32f7xx_hal.o
                0x0000000008000aa4                HAL_Init
 .text.HAL_IncTick
                0x0000000008000ad0       0x28 ./Drivers/STM32F7xx_HAL_Driver/Src/stm32f7xx_hal.o
                0x0000000008000ad0                HAL_IncTick
 .text.HAL_GetTick
                0x0000000008000af8       0x18 ./Drivers/STM32F7xx_HAL_Driver/Src/stm32f7xx_hal.o
                0x0000000008000af8                HAL_GetTick
 .text.HAL_Delay
                0x0000000008000b10       0x48 ./Drivers/STM32F7xx_HAL_Driver/Src/stm32f7xx_hal.o
                0x0000000008000b10                HAL_Delay
 .text.__NVIC_SetPriorityGrouping
                0x0000000008000b58       0x48 ./Drivers/STM32F7xx_HAL_Driver/Src/stm32f7xx_hal_cortex.o
 .text.__NVIC_GetPriorityGrouping
                0x0000000008000ba0       0x1c ./Drivers/STM32F7xx_HAL_Driver/Src/stm32f7xx_hal_cortex.o
 .text.__NVIC_EnableIRQ
                0x0000000008000bbc       0x3c ./Drivers/STM32F7xx_HAL_Driver/Src/stm32f7xx_hal_cortex.o
 .text.__NVIC_SetPriority
                0x0000000008000bf8       0x54 ./Drivers/STM32F7xx_HAL_Driver/Src/stm32f7xx_hal_cortex.o
 .text.NVIC_EncodePriority
                0x0000000008000c4c       0x66 ./Drivers/STM32F7xx_HAL_Driver/Src/stm32f7xx_hal_cortex.o
 .text.HAL_NVIC_SetPriorityGrouping
                0x0000000008000cb2       0x16 ./Drivers/STM32F7xx_HAL_Driver/Src/stm32f7xx_hal_cortex.o
                0x0000000008000cb2                HAL_NVIC_SetPriorityGrouping
 .text.HAL_NVIC_SetPriority
                0x0000000008000cc8       0x38 ./Drivers/STM32F7xx_HAL_Driver/Src/stm32f7xx_hal_cortex.o
                0x0000000008000cc8                HAL_NVIC_SetPriority
 .text.HAL_NVIC_EnableIRQ
                0x0000000008000d00       0x1c ./Drivers/STM32F7xx_HAL_Driver/Src/stm32f7xx_hal_cortex.o
                0x0000000008000d00                HAL_NVIC_EnableIRQ
 .text.HAL_GPIO_Init
                0x0000000008000d1c      0x358 ./Drivers/STM32F7xx_HAL_Driver/Src/stm32f7xx_hal_gpio.o
                0x0000000008000d1c                HAL_GPIO_Init
 .text.HAL_GPIO_WritePin
                0x0000000008001074       0x32 ./Drivers/STM32F7xx_HAL_Driver/Src/stm32f7xx_hal_gpio.o
                0x0000000008001074                HAL_GPIO_WritePin
 .text.HAL_GPIO_TogglePin
                0x00000000080010a6       0x34 ./Drivers/STM32F7xx_HAL_Driver/Src/stm32f7xx_hal_gpio.o
                0x00000000080010a6                HAL_GPIO_TogglePin
 .text.HAL_PCD_Init
                0x00000000080010da      0x248 ./Drivers/STM32F7xx_HAL_Driver/Src/stm32f7xx_hal_pcd.o
                0x00000000080010da                HAL_PCD_Init
 .text.HAL_PCD_Start
                0x0000000008001322       0x44 ./Drivers/STM32F7xx_HAL_Driver/Src/stm32f7xx_hal_pcd.o
                0x0000000008001322                HAL_PCD_Start
 .text.HAL_PCD_IRQHandler
                0x0000000008001366      0x998 ./Drivers/STM32F7xx_HAL_Driver/Src/stm32f7xx_hal_pcd.o
                0x0000000008001366                HAL_PCD_IRQHandler
 .text.HAL_PCD_SetAddress
                0x0000000008001cfe       0x4a ./Drivers/STM32F7xx_HAL_Driver/Src/stm32f7xx_hal_pcd.o
                0x0000000008001cfe                HAL_PCD_SetAddress
 .text.HAL_PCD_EP_Open
                0x0000000008001d48       0xd0 ./Drivers/STM32F7xx_HAL_Driver/Src/stm32f7xx_hal_pcd.o
                0x0000000008001d48                HAL_PCD_EP_Open
 .text.HAL_PCD_EP_Close
                0x0000000008001e18       0x94 ./Drivers/STM32F7xx_HAL_Driver/Src/stm32f7xx_hal_pcd.o
                0x0000000008001e18                HAL_PCD_EP_Close
 .text.HAL_PCD_EP_Receive
                0x0000000008001eac       0x96 ./Drivers/STM32F7xx_HAL_Driver/Src/stm32f7xx_hal_pcd.o
                0x0000000008001eac                HAL_PCD_EP_Receive
 .text.HAL_PCD_EP_GetRxCount
                0x0000000008001f42       0x30 ./Drivers/STM32F7xx_HAL_Driver/Src/stm32f7xx_hal_pcd.o
                0x0000000008001f42                HAL_PCD_EP_GetRxCount
 .text.HAL_PCD_EP_Transmit
                0x0000000008001f72       0x94 ./Drivers/STM32F7xx_HAL_Driver/Src/stm32f7xx_hal_pcd.o
                0x0000000008001f72                HAL_PCD_EP_Transmit
 .text.HAL_PCD_EP_SetStall
                0x0000000008002006       0xc8 ./Drivers/STM32F7xx_HAL_Driver/Src/stm32f7xx_hal_pcd.o
                0x0000000008002006                HAL_PCD_EP_SetStall
 .text.HAL_PCD_EP_ClrStall
                0x00000000080020ce       0xac ./Drivers/STM32F7xx_HAL_Driver/Src/stm32f7xx_hal_pcd.o
                0x00000000080020ce                HAL_PCD_EP_ClrStall
 .text.HAL_PCD_EP_Abort
                0x000000000800217a       0x62 ./Drivers/STM32F7xx_HAL_Driver/Src/stm32f7xx_hal_pcd.o
                0x000000000800217a                HAL_PCD_EP_Abort
 .text.PCD_WriteEmptyTxFifo
                0x00000000080021dc      0x11a ./Drivers/STM32F7xx_HAL_Driver/Src/stm32f7xx_hal_pcd.o
 *fill*         0x00000000080022f6        0x2 
 .text.PCD_EP_OutXfrComplete_int
                0x00000000080022f8      0x1d0 ./Drivers/STM32F7xx_HAL_Driver/Src/stm32f7xx_hal_pcd.o
 .text.PCD_EP_OutSetupPacket_int
                0x00000000080024c8       0x8c ./Drivers/STM32F7xx_HAL_Driver/Src/stm32f7xx_hal_pcd.o
 .text.HAL_PCDEx_SetTxFiFo
                0x0000000008002554       0x8e ./Drivers/STM32F7xx_HAL_Driver/Src/stm32f7xx_hal_pcd_ex.o
                0x0000000008002554                HAL_PCDEx_SetTxFiFo
 .text.HAL_PCDEx_SetRxFiFo
                0x00000000080025e2       0x22 ./Drivers/STM32F7xx_HAL_Driver/Src/stm32f7xx_hal_pcd_ex.o
                0x00000000080025e2                HAL_PCDEx_SetRxFiFo
 .text.HAL_PCDEx_ActivateLPM
                0x0000000008002604       0x48 ./Drivers/STM32F7xx_HAL_Driver/Src/stm32f7xx_hal_pcd_ex.o
                0x0000000008002604                HAL_PCDEx_ActivateLPM
 .text.HAL_PWREx_EnableOverDrive
                0x000000000800264c       0xa0 ./Drivers/STM32F7xx_HAL_Driver/Src/stm32f7xx_hal_pwr_ex.o
                0x000000000800264c                HAL_PWREx_EnableOverDrive
 .text.HAL_RCC_OscConfig
                0x00000000080026ec      0x55c ./Drivers/STM32F7xx_HAL_Driver/Src/stm32f7xx_hal_rcc.o
                0x00000000080026ec                HAL_RCC_OscConfig
 .text.HAL_RCC_ClockConfig
                0x0000000008002c48      0x1d8 ./Drivers/STM32F7xx_HAL_Driver/Src/stm32f7xx_hal_rcc.o
                0x0000000008002c48                HAL_RCC_ClockConfig
 .text.HAL_RCC_GetSysClockFreq
                0x0000000008002e20      0x20c ./Drivers/STM32F7xx_HAL_Driver/Src/stm32f7xx_hal_rcc.o
                0x0000000008002e20                HAL_RCC_GetSysClockFreq
 .text.HAL_RCC_GetHCLKFreq
                0x000000000800302c       0x18 ./Drivers/STM32F7xx_HAL_Driver/Src/stm32f7xx_hal_rcc.o
                0x000000000800302c                HAL_RCC_GetHCLKFreq
 .text.HAL_RCC_GetPCLK1Freq
                0x0000000008003044       0x28 ./Drivers/STM32F7xx_HAL_Driver/Src/stm32f7xx_hal_rcc.o
                0x0000000008003044                HAL_RCC_GetPCLK1Freq
 .text.HAL_RCC_GetClockConfig
                0x000000000800306c       0x64 ./Drivers/STM32F7xx_HAL_Driver/Src/stm32f7xx_hal_rcc.o
                0x000000000800306c                HAL_RCC_GetClockConfig
 .text.HAL_RCCEx_PeriphCLKConfig
                0x00000000080030d0      0x850 ./Drivers/STM32F7xx_HAL_Driver/Src/stm32f7xx_hal_rcc_ex.o
                0x00000000080030d0                HAL_RCCEx_PeriphCLKConfig
 .text.HAL_TIM_Base_Init
                0x0000000008003920       0xae ./Drivers/STM32F7xx_HAL_Driver/Src/stm32f7xx_hal_tim.o
                0x0000000008003920                HAL_TIM_Base_Init
 .text.HAL_TIM_Base_MspInit
                0x00000000080039ce       0x14 ./Drivers/STM32F7xx_HAL_Driver/Src/stm32f7xx_hal_tim.o
                0x00000000080039ce                HAL_TIM_Base_MspInit
 *fill*         0x00000000080039e2        0x2 
 .text.HAL_TIM_Base_Start_IT
                0x00000000080039e4       0xf0 ./Drivers/STM32F7xx_HAL_Driver/Src/stm32f7xx_hal_tim.o
                0x00000000080039e4                HAL_TIM_Base_Start_IT
 .text.HAL_TIM_IRQHandler
                0x0000000008003ad4      0x23e ./Drivers/STM32F7xx_HAL_Driver/Src/stm32f7xx_hal_tim.o
                0x0000000008003ad4                HAL_TIM_IRQHandler
 .text.HAL_TIM_OC_DelayElapsedCallback
                0x0000000008003d12       0x14 ./Drivers/STM32F7xx_HAL_Driver/Src/stm32f7xx_hal_tim.o
                0x0000000008003d12                HAL_TIM_OC_DelayElapsedCallback
 .text.HAL_TIM_IC_CaptureCallback
                0x0000000008003d26       0x14 ./Drivers/STM32F7xx_HAL_Driver/Src/stm32f7xx_hal_tim.o
                0x0000000008003d26                HAL_TIM_IC_CaptureCallback
 .text.HAL_TIM_PWM_PulseFinishedCallback
                0x0000000008003d3a       0x14 ./Drivers/STM32F7xx_HAL_Driver/Src/stm32f7xx_hal_tim.o
                0x0000000008003d3a                HAL_TIM_PWM_PulseFinishedCallback
 .text.HAL_TIM_TriggerCallback
                0x0000000008003d4e       0x14 ./Drivers/STM32F7xx_HAL_Driver/Src/stm32f7xx_hal_tim.o
                0x0000000008003d4e                HAL_TIM_TriggerCallback
 *fill*         0x0000000008003d62        0x2 
 .text.TIM_Base_SetConfig
                0x0000000008003d64      0x140 ./Drivers/STM32F7xx_HAL_Driver/Src/stm32f7xx_hal_tim.o
                0x0000000008003d64                TIM_Base_SetConfig
 .text.HAL_TIMEx_CommutCallback
                0x0000000008003ea4       0x14 ./Drivers/STM32F7xx_HAL_Driver/Src/stm32f7xx_hal_tim_ex.o
                0x0000000008003ea4                HAL_TIMEx_CommutCallback
 .text.HAL_TIMEx_BreakCallback
                0x0000000008003eb8       0x14 ./Drivers/STM32F7xx_HAL_Driver/Src/stm32f7xx_hal_tim_ex.o
                0x0000000008003eb8                HAL_TIMEx_BreakCallback
 .text.HAL_TIMEx_Break2Callback
                0x0000000008003ecc       0x14 ./Drivers/STM32F7xx_HAL_Driver/Src/stm32f7xx_hal_tim_ex.o
                0x0000000008003ecc                HAL_TIMEx_Break2Callback
 .text.USB_CoreInit
                0x0000000008003ee0       0xb0 ./Drivers/STM32F7xx_HAL_Driver/Src/stm32f7xx_ll_usb.o
                0x0000000008003ee0                USB_CoreInit
 .text.USB_SetTurnaroundTime
                0x0000000008003f90      0x144 ./Drivers/STM32F7xx_HAL_Driver/Src/stm32f7xx_ll_usb.o
                0x0000000008003f90                USB_SetTurnaroundTime
 .text.USB_EnableGlobalInt
                0x00000000080040d4       0x22 ./Drivers/STM32F7xx_HAL_Driver/Src/stm32f7xx_ll_usb.o
                0x00000000080040d4                USB_EnableGlobalInt
 .text.USB_DisableGlobalInt
                0x00000000080040f6       0x22 ./Drivers/STM32F7xx_HAL_Driver/Src/stm32f7xx_ll_usb.o
                0x00000000080040f6                USB_DisableGlobalInt
 .text.USB_SetCurrentMode
                0x0000000008004118       0x98 ./Drivers/STM32F7xx_HAL_Driver/Src/stm32f7xx_ll_usb.o
                0x0000000008004118                USB_SetCurrentMode
 .text.USB_DevInit
                0x00000000080041b0      0x2bc ./Drivers/STM32F7xx_HAL_Driver/Src/stm32f7xx_ll_usb.o
                0x00000000080041b0                USB_DevInit
 .text.USB_FlushTxFifo
                0x000000000800446c       0x68 ./Drivers/STM32F7xx_HAL_Driver/Src/stm32f7xx_ll_usb.o
                0x000000000800446c                USB_FlushTxFifo
 .text.USB_FlushRxFifo
                0x00000000080044d4       0x60 ./Drivers/STM32F7xx_HAL_Driver/Src/stm32f7xx_ll_usb.o
                0x00000000080044d4                USB_FlushRxFifo
 .text.USB_SetDevSpeed
                0x0000000008004534       0x32 ./Drivers/STM32F7xx_HAL_Driver/Src/stm32f7xx_ll_usb.o
                0x0000000008004534                USB_SetDevSpeed
 .text.USB_GetDevSpeed
                0x0000000008004566       0x4a ./Drivers/STM32F7xx_HAL_Driver/Src/stm32f7xx_ll_usb.o
                0x0000000008004566                USB_GetDevSpeed
 .text.USB_ActivateEndpoint
                0x00000000080045b0      0x110 ./Drivers/STM32F7xx_HAL_Driver/Src/stm32f7xx_ll_usb.o
                0x00000000080045b0                USB_ActivateEndpoint
 .text.USB_DeactivateEndpoint
                0x00000000080046c0      0x1b8 ./Drivers/STM32F7xx_HAL_Driver/Src/stm32f7xx_ll_usb.o
                0x00000000080046c0                USB_DeactivateEndpoint
 .text.USB_EPStartXfer
                0x0000000008004878      0x4a0 ./Drivers/STM32F7xx_HAL_Driver/Src/stm32f7xx_ll_usb.o
                0x0000000008004878                USB_EPStartXfer
 .text.USB_EP0StartXfer
                0x0000000008004d18      0x2b8 ./Drivers/STM32F7xx_HAL_Driver/Src/stm32f7xx_ll_usb.o
                0x0000000008004d18                USB_EP0StartXfer
 .text.USB_EPStopXfer
                0x0000000008004fd0      0x154 ./Drivers/STM32F7xx_HAL_Driver/Src/stm32f7xx_ll_usb.o
                0x0000000008004fd0                USB_EPStopXfer
 .text.USB_WritePacket
                0x0000000008005124       0x7c ./Drivers/STM32F7xx_HAL_Driver/Src/stm32f7xx_ll_usb.o
                0x0000000008005124                USB_WritePacket
 .text.USB_ReadPacket
                0x00000000080051a0       0xb0 ./Drivers/STM32F7xx_HAL_Driver/Src/stm32f7xx_ll_usb.o
                0x00000000080051a0                USB_ReadPacket
 .text.USB_EPSetStall
                0x0000000008005250       0xdc ./Drivers/STM32F7xx_HAL_Driver/Src/stm32f7xx_ll_usb.o
                0x0000000008005250                USB_EPSetStall
 .text.USB_EPClearStall
                0x000000000800532c       0xcc ./Drivers/STM32F7xx_HAL_Driver/Src/stm32f7xx_ll_usb.o
                0x000000000800532c                USB_EPClearStall
 .text.USB_SetDevAddress
                0x00000000080053f8       0x4c ./Drivers/STM32F7xx_HAL_Driver/Src/stm32f7xx_ll_usb.o
                0x00000000080053f8                USB_SetDevAddress
 .text.USB_DevConnect
                0x0000000008005444       0x42 ./Drivers/STM32F7xx_HAL_Driver/Src/stm32f7xx_ll_usb.o
                0x0000000008005444                USB_DevConnect
 .text.USB_DevDisconnect
                0x0000000008005486       0x42 ./Drivers/STM32F7xx_HAL_Driver/Src/stm32f7xx_ll_usb.o
                0x0000000008005486                USB_DevDisconnect
 .text.USB_ReadInterrupts
                0x00000000080054c8       0x26 ./Drivers/STM32F7xx_HAL_Driver/Src/stm32f7xx_ll_usb.o
                0x00000000080054c8                USB_ReadInterrupts
 .text.USB_ReadDevAllOutEpInterrupt
                0x00000000080054ee       0x34 ./Drivers/STM32F7xx_HAL_Driver/Src/stm32f7xx_ll_usb.o
                0x00000000080054ee                USB_ReadDevAllOutEpInterrupt
 .text.USB_ReadDevAllInEpInterrupt
                0x0000000008005522       0x34 ./Drivers/STM32F7xx_HAL_Driver/Src/stm32f7xx_ll_usb.o
                0x0000000008005522                USB_ReadDevAllInEpInterrupt
 .text.USB_ReadDevOutEPInterrupt
                0x0000000008005556       0x3c ./Drivers/STM32F7xx_HAL_Driver/Src/stm32f7xx_ll_usb.o
                0x0000000008005556                USB_ReadDevOutEPInterrupt
 .text.USB_ReadDevInEPInterrupt
                0x0000000008005592       0x5c ./Drivers/STM32F7xx_HAL_Driver/Src/stm32f7xx_ll_usb.o
                0x0000000008005592                USB_ReadDevInEPInterrupt
 .text.USB_GetMode
                0x00000000080055ee       0x1c ./Drivers/STM32F7xx_HAL_Driver/Src/stm32f7xx_ll_usb.o
                0x00000000080055ee                USB_GetMode
 *fill*         0x000000000800560a        0x2 
 .text.USB_ActivateSetup
                0x000000000800560c       0x48 ./Drivers/STM32F7xx_HAL_Driver/Src/stm32f7xx_ll_usb.o
                0x000000000800560c                USB_ActivateSetup
 .text.USB_EP0_OutStart
                0x0000000008005654       0xbc ./Drivers/STM32F7xx_HAL_Driver/Src/stm32f7xx_ll_usb.o
                0x0000000008005654                USB_EP0_OutStart
 .text.USB_CoreReset
                0x0000000008005710       0x68 ./Drivers/STM32F7xx_HAL_Driver/Src/stm32f7xx_ll_usb.o
 .text.USBD_CDC_Init
                0x0000000008005778      0x1f0 ./Middlewares/ST/STM32_USB_Device_Library/Class/CDC/Src/usbd_cdc.o
 .text.USBD_CDC_DeInit
                0x0000000008005968      0x104 ./Middlewares/ST/STM32_USB_Device_Library/Class/CDC/Src/usbd_cdc.o
 .text.USBD_CDC_Setup
                0x0000000008005a6c      0x1b8 ./Middlewares/ST/STM32_USB_Device_Library/Class/CDC/Src/usbd_cdc.o
 .text.USBD_CDC_DataIn
                0x0000000008005c24       0xfe ./Middlewares/ST/STM32_USB_Device_Library/Class/CDC/Src/usbd_cdc.o
 .text.USBD_CDC_DataOut
                0x0000000008005d22       0x70 ./Middlewares/ST/STM32_USB_Device_Library/Class/CDC/Src/usbd_cdc.o
 .text.USBD_CDC_EP0_RxReady
                0x0000000008005d92       0x76 ./Middlewares/ST/STM32_USB_Device_Library/Class/CDC/Src/usbd_cdc.o
 .text.USBD_CDC_GetFSCfgDesc
                0x0000000008005e08       0x70 ./Middlewares/ST/STM32_USB_Device_Library/Class/CDC/Src/usbd_cdc.o
 .text.USBD_CDC_GetHSCfgDesc
                0x0000000008005e78       0x70 ./Middlewares/ST/STM32_USB_Device_Library/Class/CDC/Src/usbd_cdc.o
 .text.USBD_CDC_GetOtherSpeedCfgDesc
                0x0000000008005ee8       0x70 ./Middlewares/ST/STM32_USB_Device_Library/Class/CDC/Src/usbd_cdc.o
 .text.USBD_CDC_GetDeviceQualifierDescriptor
                0x0000000008005f58       0x20 ./Middlewares/ST/STM32_USB_Device_Library/Class/CDC/Src/usbd_cdc.o
                0x0000000008005f58                USBD_CDC_GetDeviceQualifierDescriptor
 .text.USBD_CDC_RegisterInterface
                0x0000000008005f78       0x34 ./Middlewares/ST/STM32_USB_Device_Library/Class/CDC/Src/usbd_cdc.o
                0x0000000008005f78                USBD_CDC_RegisterInterface
 .text.USBD_CDC_SetTxBuffer
                0x0000000008005fac       0x44 ./Middlewares/ST/STM32_USB_Device_Library/Class/CDC/Src/usbd_cdc.o
                0x0000000008005fac                USBD_CDC_SetTxBuffer
 .text.USBD_CDC_SetRxBuffer
                0x0000000008005ff0       0x3a ./Middlewares/ST/STM32_USB_Device_Library/Class/CDC/Src/usbd_cdc.o
                0x0000000008005ff0                USBD_CDC_SetRxBuffer
 *fill*         0x000000000800602a        0x2 
 .text.USBD_CDC_TransmitPacket
                0x000000000800602c       0x80 ./Middlewares/ST/STM32_USB_Device_Library/Class/CDC/Src/usbd_cdc.o
                0x000000000800602c                USBD_CDC_TransmitPacket
 .text.USBD_CDC_ReceivePacket
                0x00000000080060ac       0x6c ./Middlewares/ST/STM32_USB_Device_Library/Class/CDC/Src/usbd_cdc.o
                0x00000000080060ac                USBD_CDC_ReceivePacket
 .text.USBD_Init
                0x0000000008006118       0x60 ./Middlewares/ST/STM32_USB_Device_Library/Core/Src/usbd_core.o
                0x0000000008006118                USBD_Init
 .text.USBD_RegisterClass
                0x0000000008006178       0x6c ./Middlewares/ST/STM32_USB_Device_Library/Core/Src/usbd_core.o
                0x0000000008006178                USBD_RegisterClass
 .text.USBD_Start
                0x00000000080061e4       0x18 ./Middlewares/ST/STM32_USB_Device_Library/Core/Src/usbd_core.o
                0x00000000080061e4                USBD_Start
 .text.USBD_RunTestMode
                0x00000000080061fc       0x16 ./Middlewares/ST/STM32_USB_Device_Library/Core/Src/usbd_core.o
                0x00000000080061fc                USBD_RunTestMode
 .text.USBD_SetClassConfig
                0x0000000008006212       0x38 ./Middlewares/ST/STM32_USB_Device_Library/Core/Src/usbd_core.o
                0x0000000008006212                USBD_SetClassConfig
 .text.USBD_ClrClassConfig
                0x000000000800624a       0x34 ./Middlewares/ST/STM32_USB_Device_Library/Core/Src/usbd_core.o
                0x000000000800624a                USBD_ClrClassConfig
 .text.USBD_LL_SetupStage
                0x000000000800627e       0xaa ./Middlewares/ST/STM32_USB_Device_Library/Core/Src/usbd_core.o
                0x000000000800627e                USBD_LL_SetupStage
 .text.USBD_LL_DataOutStage
                0x0000000008006328      0x166 ./Middlewares/ST/STM32_USB_Device_Library/Core/Src/usbd_core.o
                0x0000000008006328                USBD_LL_DataOutStage
 .text.USBD_LL_DataInStage
                0x000000000800648e      0x164 ./Middlewares/ST/STM32_USB_Device_Library/Core/Src/usbd_core.o
                0x000000000800648e                USBD_LL_DataInStage
 .text.USBD_LL_Reset
                0x00000000080065f2       0xa4 ./Middlewares/ST/STM32_USB_Device_Library/Core/Src/usbd_core.o
                0x00000000080065f2                USBD_LL_Reset
 .text.USBD_LL_SetSpeed
                0x0000000008006696       0x20 ./Middlewares/ST/STM32_USB_Device_Library/Core/Src/usbd_core.o
                0x0000000008006696                USBD_LL_SetSpeed
 .text.USBD_LL_Suspend
                0x00000000080066b6       0x2c ./Middlewares/ST/STM32_USB_Device_Library/Core/Src/usbd_core.o
                0x00000000080066b6                USBD_LL_Suspend
 .text.USBD_LL_Resume
                0x00000000080066e2       0x30 ./Middlewares/ST/STM32_USB_Device_Library/Core/Src/usbd_core.o
                0x00000000080066e2                USBD_LL_Resume
 .text.USBD_LL_SOF
                0x0000000008006712       0x40 ./Middlewares/ST/STM32_USB_Device_Library/Core/Src/usbd_core.o
                0x0000000008006712                USBD_LL_SOF
 .text.USBD_LL_IsoINIncomplete
                0x0000000008006752       0x64 ./Middlewares/ST/STM32_USB_Device_Library/Core/Src/usbd_core.o
                0x0000000008006752                USBD_LL_IsoINIncomplete
 .text.USBD_LL_IsoOUTIncomplete
                0x00000000080067b6       0x64 ./Middlewares/ST/STM32_USB_Device_Library/Core/Src/usbd_core.o
                0x00000000080067b6                USBD_LL_IsoOUTIncomplete
 .text.USBD_LL_DevConnected
                0x000000000800681a       0x16 ./Middlewares/ST/STM32_USB_Device_Library/Core/Src/usbd_core.o
                0x000000000800681a                USBD_LL_DevConnected
 .text.USBD_LL_DevDisconnected
                0x0000000008006830       0x46 ./Middlewares/ST/STM32_USB_Device_Library/Core/Src/usbd_core.o
                0x0000000008006830                USBD_LL_DevDisconnected
 .text.USBD_CoreFindIF
                0x0000000008006876       0x1a ./Middlewares/ST/STM32_USB_Device_Library/Core/Src/usbd_core.o
                0x0000000008006876                USBD_CoreFindIF
 .text.USBD_CoreFindEP
                0x0000000008006890       0x1a ./Middlewares/ST/STM32_USB_Device_Library/Core/Src/usbd_core.o
                0x0000000008006890                USBD_CoreFindEP
 .text.USBD_GetEpDesc
                0x00000000080068aa       0x74 ./Middlewares/ST/STM32_USB_Device_Library/Core/Src/usbd_core.o
                0x00000000080068aa                USBD_GetEpDesc
 .text.USBD_GetNextDesc
                0x000000000800691e       0x3a ./Middlewares/ST/STM32_USB_Device_Library/Core/Src/usbd_core.o
                0x000000000800691e                USBD_GetNextDesc
 .text.SWAPBYTE
                0x0000000008006958       0x3c ./Middlewares/ST/STM32_USB_Device_Library/Core/Src/usbd_ctlreq.o
 .text.USBD_StdDevReq
                0x0000000008006994       0xe4 ./Middlewares/ST/STM32_USB_Device_Library/Core/Src/usbd_ctlreq.o
                0x0000000008006994                USBD_StdDevReq
 .text.USBD_StdItfReq
                0x0000000008006a78       0xd8 ./Middlewares/ST/STM32_USB_Device_Library/Core/Src/usbd_ctlreq.o
                0x0000000008006a78                USBD_StdItfReq
 .text.USBD_StdEPReq
                0x0000000008006b50      0x33a ./Middlewares/ST/STM32_USB_Device_Library/Core/Src/usbd_ctlreq.o
                0x0000000008006b50                USBD_StdEPReq
 *fill*         0x0000000008006e8a        0x2 
 .text.USBD_GetDescriptor
                0x0000000008006e8c      0x328 ./Middlewares/ST/STM32_USB_Device_Library/Core/Src/usbd_ctlreq.o
 .text.USBD_SetAddress
                0x00000000080071b4       0x88 ./Middlewares/ST/STM32_USB_Device_Library/Core/Src/usbd_ctlreq.o
 .text.USBD_SetConfig
                0x000000000800723c      0x154 ./Middlewares/ST/STM32_USB_Device_Library/Core/Src/usbd_ctlreq.o
 .text.USBD_GetConfig
                0x0000000008007390       0x6c ./Middlewares/ST/STM32_USB_Device_Library/Core/Src/usbd_ctlreq.o
 .text.USBD_GetStatus
                0x00000000080073fc       0x68 ./Middlewares/ST/STM32_USB_Device_Library/Core/Src/usbd_ctlreq.o
 .text.USBD_SetFeature
                0x0000000008007464       0x52 ./Middlewares/ST/STM32_USB_Device_Library/Core/Src/usbd_ctlreq.o
 .text.USBD_ClrFeature
                0x00000000080074b6       0x44 ./Middlewares/ST/STM32_USB_Device_Library/Core/Src/usbd_ctlreq.o
 .text.USBD_ParseSetupRequest
                0x00000000080074fa       0x74 ./Middlewares/ST/STM32_USB_Device_Library/Core/Src/usbd_ctlreq.o
                0x00000000080074fa                USBD_ParseSetupRequest
 .text.USBD_CtlError
                0x000000000800756e       0x22 ./Middlewares/ST/STM32_USB_Device_Library/Core/Src/usbd_ctlreq.o
                0x000000000800756e                USBD_CtlError
 .text.USBD_GetString
                0x0000000008007590       0x8c ./Middlewares/ST/STM32_USB_Device_Library/Core/Src/usbd_ctlreq.o
                0x0000000008007590                USBD_GetString
 .text.USBD_GetLen
                0x000000000800761c       0x34 ./Middlewares/ST/STM32_USB_Device_Library/Core/Src/usbd_ctlreq.o
 .text.USBD_CtlSendData
                0x0000000008007650       0x36 ./Middlewares/ST/STM32_USB_Device_Library/Core/Src/usbd_ioreq.o
                0x0000000008007650                USBD_CtlSendData
 .text.USBD_CtlContinueSendData
                0x0000000008007686       0x22 ./Middlewares/ST/STM32_USB_Device_Library/Core/Src/usbd_ioreq.o
                0x0000000008007686                USBD_CtlContinueSendData
 .text.USBD_CtlPrepareRx
                0x00000000080076a8       0x3a ./Middlewares/ST/STM32_USB_Device_Library/Core/Src/usbd_ioreq.o
                0x00000000080076a8                USBD_CtlPrepareRx
 .text.USBD_CtlContinueRx
                0x00000000080076e2       0x22 ./Middlewares/ST/STM32_USB_Device_Library/Core/Src/usbd_ioreq.o
                0x00000000080076e2                USBD_CtlContinueRx
 .text.USBD_CtlSendStatus
                0x0000000008007704       0x26 ./Middlewares/ST/STM32_USB_Device_Library/Core/Src/usbd_ioreq.o
                0x0000000008007704                USBD_CtlSendStatus
 .text.USBD_CtlReceiveStatus
                0x000000000800772a       0x26 ./Middlewares/ST/STM32_USB_Device_Library/Core/Src/usbd_ioreq.o
                0x000000000800772a                USBD_CtlReceiveStatus
 .text.SVC_Setup
                0x0000000008007750        0xe ./Middlewares/Third_Party/FreeRTOS/Source/CMSIS_RTOS_V2/cmsis_os2.o
 *fill*         0x000000000800775e        0x2 
 .text.osKernelInitialize
                0x0000000008007760       0x68 ./Middlewares/Third_Party/FreeRTOS/Source/CMSIS_RTOS_V2/cmsis_os2.o
                0x0000000008007760                osKernelInitialize
 .text.osKernelStart
                0x00000000080077c8       0x6c ./Middlewares/Third_Party/FreeRTOS/Source/CMSIS_RTOS_V2/cmsis_os2.o
                0x00000000080077c8                osKernelStart
 .text.osThreadNew
                0x0000000008007834      0x14c ./Middlewares/Third_Party/FreeRTOS/Source/CMSIS_RTOS_V2/cmsis_os2.o
                0x0000000008007834                osThreadNew
 .text.osDelay  0x0000000008007980       0x5c ./Middlewares/Third_Party/FreeRTOS/Source/CMSIS_RTOS_V2/cmsis_os2.o
                0x0000000008007980                osDelay
 .text.vApplicationGetIdleTaskMemory
                0x00000000080079dc       0x34 ./Middlewares/Third_Party/FreeRTOS/Source/CMSIS_RTOS_V2/cmsis_os2.o
                0x00000000080079dc                vApplicationGetIdleTaskMemory
 .text.vApplicationGetTimerTaskMemory
                0x0000000008007a10       0x34 ./Middlewares/Third_Party/FreeRTOS/Source/CMSIS_RTOS_V2/cmsis_os2.o
                0x0000000008007a10                vApplicationGetTimerTaskMemory
 .text.vListInitialise
                0x0000000008007a44       0x40 ./Middlewares/Third_Party/FreeRTOS/Source/list.o
                0x0000000008007a44                vListInitialise
 .text.vListInitialiseItem
                0x0000000008007a84       0x1a ./Middlewares/Third_Party/FreeRTOS/Source/list.o
                0x0000000008007a84                vListInitialiseItem
 .text.vListInsertEnd
                0x0000000008007a9e       0x48 ./Middlewares/Third_Party/FreeRTOS/Source/list.o
                0x0000000008007a9e                vListInsertEnd
 .text.vListInsert
                0x0000000008007ae6       0x72 ./Middlewares/Third_Party/FreeRTOS/Source/list.o
                0x0000000008007ae6                vListInsert
 .text.uxListRemove
                0x0000000008007b58       0x54 ./Middlewares/Third_Party/FreeRTOS/Source/list.o
                0x0000000008007b58                uxListRemove
 .text.xQueueGenericReset
                0x0000000008007bac       0xd4 ./Middlewares/Third_Party/FreeRTOS/Source/queue.o
                0x0000000008007bac                xQueueGenericReset
 .text.xQueueGenericCreateStatic
                0x0000000008007c80      0x104 ./Middlewares/Third_Party/FreeRTOS/Source/queue.o
                0x0000000008007c80                xQueueGenericCreateStatic
 .text.prvInitialiseNewQueue
                0x0000000008007d84       0x46 ./Middlewares/Third_Party/FreeRTOS/Source/queue.o
 *fill*         0x0000000008007dca        0x2 
 .text.xQueueGenericSend
                0x0000000008007dcc      0x20c ./Middlewares/Third_Party/FreeRTOS/Source/queue.o
                0x0000000008007dcc                xQueueGenericSend
 .text.xQueueGenericSendFromISR
                0x0000000008007fd8      0x140 ./Middlewares/Third_Party/FreeRTOS/Source/queue.o
                0x0000000008007fd8                xQueueGenericSendFromISR
 .text.xQueueReceive
                0x0000000008008118      0x1cc ./Middlewares/Third_Party/FreeRTOS/Source/queue.o
                0x0000000008008118                xQueueReceive
 .text.prvCopyDataToQueue
                0x00000000080082e4       0xd4 ./Middlewares/Third_Party/FreeRTOS/Source/queue.o
 .text.prvCopyDataFromQueue
                0x00000000080083b8       0x4c ./Middlewares/Third_Party/FreeRTOS/Source/queue.o
 .text.prvUnlockQueue
                0x0000000008008404       0xa4 ./Middlewares/Third_Party/FreeRTOS/Source/queue.o
 .text.prvIsQueueEmpty
                0x00000000080084a8       0x2c ./Middlewares/Third_Party/FreeRTOS/Source/queue.o
 .text.prvIsQueueFull
                0x00000000080084d4       0x30 ./Middlewares/Third_Party/FreeRTOS/Source/queue.o
 .text.vQueueAddToRegistry
                0x0000000008008504       0x54 ./Middlewares/Third_Party/FreeRTOS/Source/queue.o
                0x0000000008008504                vQueueAddToRegistry
 .text.vQueueWaitForMessageRestricted
                0x0000000008008558       0x68 ./Middlewares/Third_Party/FreeRTOS/Source/queue.o
                0x0000000008008558                vQueueWaitForMessageRestricted
 .text.xTaskCreateStatic
                0x00000000080085c0       0xc6 ./Middlewares/Third_Party/FreeRTOS/Source/tasks.o
                0x00000000080085c0                xTaskCreateStatic
 .text.xTaskCreate
                0x0000000008008686       0x8a ./Middlewares/Third_Party/FreeRTOS/Source/tasks.o
                0x0000000008008686                xTaskCreate
 .text.prvInitialiseNewTask
                0x0000000008008710      0x150 ./Middlewares/Third_Party/FreeRTOS/Source/tasks.o
 .text.prvAddNewTaskToReadyList
                0x0000000008008860       0xe0 ./Middlewares/Third_Party/FreeRTOS/Source/tasks.o
 .text.vTaskDelay
                0x0000000008008940       0x6c ./Middlewares/Third_Party/FreeRTOS/Source/tasks.o
                0x0000000008008940                vTaskDelay
 .text.vTaskStartScheduler
                0x00000000080089ac       0xe8 ./Middlewares/Third_Party/FreeRTOS/Source/tasks.o
                0x00000000080089ac                vTaskStartScheduler
 .text.vTaskSuspendAll
                0x0000000008008a94       0x1c ./Middlewares/Third_Party/FreeRTOS/Source/tasks.o
                0x0000000008008a94                vTaskSuspendAll
 .text.xTaskResumeAll
                0x0000000008008ab0      0x140 ./Middlewares/Third_Party/FreeRTOS/Source/tasks.o
                0x0000000008008ab0                xTaskResumeAll
 .text.xTaskGetTickCount
                0x0000000008008bf0       0x20 ./Middlewares/Third_Party/FreeRTOS/Source/tasks.o
                0x0000000008008bf0                xTaskGetTickCount
 .text.xTaskIncrementTick
                0x0000000008008c10      0x178 ./Middlewares/Third_Party/FreeRTOS/Source/tasks.o
                0x0000000008008c10                xTaskIncrementTick
 .text.vTaskSwitchContext
                0x0000000008008d88       0xcc ./Middlewares/Third_Party/FreeRTOS/Source/tasks.o
                0x0000000008008d88                vTaskSwitchContext
 .text.vTaskPlaceOnEventList
                0x0000000008008e54       0x4c ./Middlewares/Third_Party/FreeRTOS/Source/tasks.o
                0x0000000008008e54                vTaskPlaceOnEventList
 .text.vTaskPlaceOnEventListRestricted
                0x0000000008008ea0       0x5c ./Middlewares/Third_Party/FreeRTOS/Source/tasks.o
                0x0000000008008ea0                vTaskPlaceOnEventListRestricted
 .text.xTaskRemoveFromEventList
                0x0000000008008efc       0xcc ./Middlewares/Third_Party/FreeRTOS/Source/tasks.o
                0x0000000008008efc                xTaskRemoveFromEventList
 .text.vTaskInternalSetTimeOutState
                0x0000000008008fc8       0x2c ./Middlewares/Third_Party/FreeRTOS/Source/tasks.o
                0x0000000008008fc8                vTaskInternalSetTimeOutState
 .text.xTaskCheckForTimeOut
                0x0000000008008ff4       0xcc ./Middlewares/Third_Party/FreeRTOS/Source/tasks.o
                0x0000000008008ff4                xTaskCheckForTimeOut
 .text.vTaskMissedYield
                0x00000000080090c0       0x18 ./Middlewares/Third_Party/FreeRTOS/Source/tasks.o
                0x00000000080090c0                vTaskMissedYield
 .text.prvIdleTask
                0x00000000080090d8       0x30 ./Middlewares/Third_Party/FreeRTOS/Source/tasks.o
 .text.prvInitialiseTaskLists
                0x0000000008009108       0x80 ./Middlewares/Third_Party/FreeRTOS/Source/tasks.o
 .text.prvCheckTasksWaitingTermination
                0x0000000008009188       0x5c ./Middlewares/Third_Party/FreeRTOS/Source/tasks.o
 .text.prvDeleteTCB
                0x00000000080091e4       0x6c ./Middlewares/Third_Party/FreeRTOS/Source/tasks.o
 .text.prvResetNextTaskUnblockTime
                0x0000000008009250       0x40 ./Middlewares/Third_Party/FreeRTOS/Source/tasks.o
 .text.xTaskGetSchedulerState
                0x0000000008009290       0x3c ./Middlewares/Third_Party/FreeRTOS/Source/tasks.o
                0x0000000008009290                xTaskGetSchedulerState
 .text.xTaskPriorityDisinherit
                0x00000000080092cc       0xe4 ./Middlewares/Third_Party/FreeRTOS/Source/tasks.o
                0x00000000080092cc                xTaskPriorityDisinherit
 .text.prvAddCurrentTaskToDelayedList
                0x00000000080093b0       0xa8 ./Middlewares/Third_Party/FreeRTOS/Source/tasks.o
 .text.xTimerCreateTimerTask
                0x0000000008009458       0x94 ./Middlewares/Third_Party/FreeRTOS/Source/timers.o
                0x0000000008009458                xTimerCreateTimerTask
 .text.xTimerGenericCommand
                0x00000000080094ec       0xa0 ./Middlewares/Third_Party/FreeRTOS/Source/timers.o
                0x00000000080094ec                xTimerGenericCommand
 .text.prvProcessExpiredTimer
                0x000000000800958c       0x9c ./Middlewares/Third_Party/FreeRTOS/Source/timers.o
 .text.prvTimerTask
                0x0000000008009628       0x24 ./Middlewares/Third_Party/FreeRTOS/Source/timers.o
 .text.prvProcessTimerOrBlockTask
                0x000000000800964c       0x9c ./Middlewares/Third_Party/FreeRTOS/Source/timers.o
 .text.prvGetNextExpireTime
                0x00000000080096e8       0x48 ./Middlewares/Third_Party/FreeRTOS/Source/timers.o
 .text.prvSampleTimeNow
                0x0000000008009730       0x40 ./Middlewares/Third_Party/FreeRTOS/Source/timers.o
 .text.prvInsertTimerInActiveList
                0x0000000008009770       0x84 ./Middlewares/Third_Party/FreeRTOS/Source/timers.o
 .text.prvProcessReceivedCommands
                0x00000000080097f4      0x1d0 ./Middlewares/Third_Party/FreeRTOS/Source/timers.o
 .text.prvSwitchTimerLists
                0x00000000080099c4       0xcc ./Middlewares/Third_Party/FreeRTOS/Source/timers.o
 .text.prvCheckForValidListAndQueue
                0x0000000008009a90       0x80 ./Middlewares/Third_Party/FreeRTOS/Source/timers.o
 .text.pxPortInitialiseStack
                0x0000000008009b10       0x68 ./Middlewares/Third_Party/FreeRTOS/Source/portable/GCC/ARM_CM7/r0p1/port.o
                0x0000000008009b10                pxPortInitialiseStack
 .text.prvTaskExitError
                0x0000000008009b78       0x60 ./Middlewares/Third_Party/FreeRTOS/Source/portable/GCC/ARM_CM7/r0p1/port.o
 *fill*         0x0000000008009bd8        0x8 
 .text.SVC_Handler
                0x0000000008009be0       0x28 ./Middlewares/Third_Party/FreeRTOS/Source/portable/GCC/ARM_CM7/r0p1/port.o
                0x0000000008009be0                SVC_Handler
 .text.prvPortStartFirstTask
                0x0000000008009c08       0x28 ./Middlewares/Third_Party/FreeRTOS/Source/portable/GCC/ARM_CM7/r0p1/port.o
 .text.xPortStartScheduler
                0x0000000008009c30       0xfc ./Middlewares/Third_Party/FreeRTOS/Source/portable/GCC/ARM_CM7/r0p1/port.o
                0x0000000008009c30                xPortStartScheduler
 .text.vPortEnterCritical
                0x0000000008009d2c       0x68 ./Middlewares/Third_Party/FreeRTOS/Source/portable/GCC/ARM_CM7/r0p1/port.o
                0x0000000008009d2c                vPortEnterCritical
 .text.vPortExitCritical
                0x0000000008009d94       0x58 ./Middlewares/Third_Party/FreeRTOS/Source/portable/GCC/ARM_CM7/r0p1/port.o
                0x0000000008009d94                vPortExitCritical
 *fill*         0x0000000008009dec        0x4 
 .text.PendSV_Handler
                0x0000000008009df0       0x68 ./Middlewares/Third_Party/FreeRTOS/Source/portable/GCC/ARM_CM7/r0p1/port.o
                0x0000000008009df0                PendSV_Handler
 .text.SysTick_Handler
                0x0000000008009e58       0x48 ./Middlewares/Third_Party/FreeRTOS/Source/portable/GCC/ARM_CM7/r0p1/port.o
                0x0000000008009e58                SysTick_Handler
 .text.vPortSetupTimerInterrupt
                0x0000000008009ea0       0x48 ./Middlewares/Third_Party/FreeRTOS/Source/portable/GCC/ARM_CM7/r0p1/port.o
                0x0000000008009ea0                vPortSetupTimerInterrupt
 .text.vPortEnableVFP
                0x0000000008009ee8       0x14 ./Middlewares/Third_Party/FreeRTOS/Source/portable/GCC/ARM_CM7/r0p1/port.o
 .text.vPortValidateInterruptPriority
                0x0000000008009efc       0x88 ./Middlewares/Third_Party/FreeRTOS/Source/portable/GCC/ARM_CM7/r0p1/port.o
                0x0000000008009efc                vPortValidateInterruptPriority
 .text.pvPortMalloc
                0x0000000008009f84      0x194 ./Middlewares/Third_Party/FreeRTOS/Source/portable/MemMang/heap_4.o
                0x0000000008009f84                pvPortMalloc
 .text.vPortFree
                0x000000000800a118       0xbc ./Middlewares/Third_Party/FreeRTOS/Source/portable/MemMang/heap_4.o
                0x000000000800a118                vPortFree
 .text.prvHeapInit
                0x000000000800a1d4       0xc4 ./Middlewares/Third_Party/FreeRTOS/Source/portable/MemMang/heap_4.o
 .text.prvInsertBlockIntoFreeList
                0x000000000800a298       0xb4 ./Middlewares/Third_Party/FreeRTOS/Source/portable/MemMang/heap_4.o
 .text.MX_USB_DEVICE_Init
                0x000000000800a34c       0x60 ./USB_DEVICE/App/usb_device.o
                0x000000000800a34c                MX_USB_DEVICE_Init
 .text.CDC_Init_FS
                0x000000000800a3ac       0x28 ./USB_DEVICE/App/usbd_cdc_if.o
 .text.CDC_DeInit_FS
                0x000000000800a3d4       0x10 ./USB_DEVICE/App/usbd_cdc_if.o
 .text.CDC_Control_FS
                0x000000000800a3e4       0xbc ./USB_DEVICE/App/usbd_cdc_if.o
 .text.CDC_Receive_FS
                0x000000000800a4a0       0x60 ./USB_DEVICE/App/usbd_cdc_if.o
 .text.CDC_Transmit_FS
                0x000000000800a500       0x4c ./USB_DEVICE/App/usbd_cdc_if.o
                0x000000000800a500                CDC_Transmit_FS
 .text.CDC_TransmitCplt_FS
                0x000000000800a54c       0x22 ./USB_DEVICE/App/usbd_cdc_if.o
 *fill*         0x000000000800a56e        0x2 
 .text.USBD_FS_DeviceDescriptor
                0x000000000800a570       0x24 ./USB_DEVICE/App/usbd_desc.o
                0x000000000800a570                USBD_FS_DeviceDescriptor
 .text.USBD_FS_LangIDStrDescriptor
                0x000000000800a594       0x24 ./USB_DEVICE/App/usbd_desc.o
                0x000000000800a594                USBD_FS_LangIDStrDescriptor
 .text.USBD_FS_ProductStrDescriptor
                0x000000000800a5b8       0x3c ./USB_DEVICE/App/usbd_desc.o
                0x000000000800a5b8                USBD_FS_ProductStrDescriptor
 .text.USBD_FS_ManufacturerStrDescriptor
                0x000000000800a5f4       0x28 ./USB_DEVICE/App/usbd_desc.o
                0x000000000800a5f4                USBD_FS_ManufacturerStrDescriptor
 .text.USBD_FS_SerialStrDescriptor
                0x000000000800a61c       0x24 ./USB_DEVICE/App/usbd_desc.o
                0x000000000800a61c                USBD_FS_SerialStrDescriptor
 .text.USBD_FS_ConfigStrDescriptor
                0x000000000800a640       0x3c ./USB_DEVICE/App/usbd_desc.o
                0x000000000800a640                USBD_FS_ConfigStrDescriptor
 .text.USBD_FS_InterfaceStrDescriptor
                0x000000000800a67c       0x3c ./USB_DEVICE/App/usbd_desc.o
                0x000000000800a67c                USBD_FS_InterfaceStrDescriptor
 .text.USBD_FS_USR_BOSDescriptor
                0x000000000800a6b8       0x24 ./USB_DEVICE/App/usbd_desc.o
                0x000000000800a6b8                USBD_FS_USR_BOSDescriptor
 .text.Get_SerialNum
                0x000000000800a6dc       0x58 ./USB_DEVICE/App/usbd_desc.o
 .text.IntToUnicode
                0x000000000800a734       0x7e ./USB_DEVICE/App/usbd_desc.o
 *fill*         0x000000000800a7b2        0x2 
 .text.HAL_PCD_MspInit
                0x000000000800a7b4       0xe4 ./USB_DEVICE/Target/usbd_conf.o
                0x000000000800a7b4                HAL_PCD_MspInit
 .text.HAL_PCD_SetupStageCallback
                0x000000000800a898       0x24 ./USB_DEVICE/Target/usbd_conf.o
                0x000000000800a898                HAL_PCD_SetupStageCallback
 .text.HAL_PCD_DataOutStageCallback
                0x000000000800a8bc       0x36 ./USB_DEVICE/Target/usbd_conf.o
                0x000000000800a8bc                HAL_PCD_DataOutStageCallback
 .text.HAL_PCD_DataInStageCallback
                0x000000000800a8f2       0x34 ./USB_DEVICE/Target/usbd_conf.o
                0x000000000800a8f2                HAL_PCD_DataInStageCallback
 .text.HAL_PCD_SOFCallback
                0x000000000800a926       0x1c ./USB_DEVICE/Target/usbd_conf.o
                0x000000000800a926                HAL_PCD_SOFCallback
 .text.HAL_PCD_ResetCallback
                0x000000000800a942       0x50 ./USB_DEVICE/Target/usbd_conf.o
                0x000000000800a942                HAL_PCD_ResetCallback
 *fill*         0x000000000800a992        0x2 
 .text.HAL_PCD_SuspendCallback
                0x000000000800a994       0x4c ./USB_DEVICE/Target/usbd_conf.o
                0x000000000800a994                HAL_PCD_SuspendCallback
 .text.HAL_PCD_ResumeCallback
                0x000000000800a9e0       0x1c ./USB_DEVICE/Target/usbd_conf.o
                0x000000000800a9e0                HAL_PCD_ResumeCallback
 .text.HAL_PCD_ISOOUTIncompleteCallback
                0x000000000800a9fc       0x24 ./USB_DEVICE/Target/usbd_conf.o
                0x000000000800a9fc                HAL_PCD_ISOOUTIncompleteCallback
 .text.HAL_PCD_ISOINIncompleteCallback
                0x000000000800aa20       0x24 ./USB_DEVICE/Target/usbd_conf.o
                0x000000000800aa20                HAL_PCD_ISOINIncompleteCallback
 .text.HAL_PCD_ConnectCallback
                0x000000000800aa44       0x1c ./USB_DEVICE/Target/usbd_conf.o
                0x000000000800aa44                HAL_PCD_ConnectCallback
 .text.HAL_PCD_DisconnectCallback
                0x000000000800aa60       0x1c ./USB_DEVICE/Target/usbd_conf.o
                0x000000000800aa60                HAL_PCD_DisconnectCallback
 .text.USBD_LL_Init
                0x000000000800aa7c       0x98 ./USB_DEVICE/Target/usbd_conf.o
                0x000000000800aa7c                USBD_LL_Init
 .text.USBD_LL_Start
                0x000000000800ab14       0x36 ./USB_DEVICE/Target/usbd_conf.o
                0x000000000800ab14                USBD_LL_Start
 .text.USBD_LL_OpenEP
                0x000000000800ab4a       0x4c ./USB_DEVICE/Target/usbd_conf.o
                0x000000000800ab4a                USBD_LL_OpenEP
 .text.USBD_LL_CloseEP
                0x000000000800ab96       0x3e ./USB_DEVICE/Target/usbd_conf.o
                0x000000000800ab96                USBD_LL_CloseEP
 .text.USBD_LL_StallEP
                0x000000000800abd4       0x3e ./USB_DEVICE/Target/usbd_conf.o
                0x000000000800abd4                USBD_LL_StallEP
 .text.USBD_LL_ClearStallEP
                0x000000000800ac12       0x3e ./USB_DEVICE/Target/usbd_conf.o
                0x000000000800ac12                USBD_LL_ClearStallEP
 .text.USBD_LL_IsStallEP
                0x000000000800ac50       0x58 ./USB_DEVICE/Target/usbd_conf.o
                0x000000000800ac50                USBD_LL_IsStallEP
 .text.USBD_LL_SetUSBAddress
                0x000000000800aca8       0x3e ./USB_DEVICE/Target/usbd_conf.o
                0x000000000800aca8                USBD_LL_SetUSBAddress
 .text.USBD_LL_Transmit
                0x000000000800ace6       0x42 ./USB_DEVICE/Target/usbd_conf.o
                0x000000000800ace6                USBD_LL_Transmit
 .text.USBD_LL_PrepareReceive
                0x000000000800ad28       0x42 ./USB_DEVICE/Target/usbd_conf.o
                0x000000000800ad28                USBD_LL_PrepareReceive
 .text.USBD_LL_GetRxDataSize
                0x000000000800ad6a       0x26 ./USB_DEVICE/Target/usbd_conf.o
                0x000000000800ad6a                USBD_LL_GetRxDataSize
 .text.HAL_PCDEx_LPM_Callback
                0x000000000800ad90       0x9c ./USB_DEVICE/Target/usbd_conf.o
                0x000000000800ad90                HAL_PCDEx_LPM_Callback
 .text.SystemClockConfig_Resume
                0x000000000800ae2c        0xc ./USB_DEVICE/Target/usbd_conf.o
 .text.USBD_Get_USB_Status
                0x000000000800ae38       0x58 ./USB_DEVICE/Target/usbd_conf.o
                0x000000000800ae38                USBD_Get_USB_Status
 .text.__errno  0x000000000800ae90        0xc c:/st/stm32cubeide_1.10.1/stm32cubeide/plugins/com.st.stm32cube.ide.mcu.externaltools.gnu-tools-for-stm32.10.3-2021.10.win32_1.0.0.202111181127/tools/bin/../lib/gcc/arm-none-eabi/10.3.1/../../../../arm-none-eabi/lib/thumb/v7e-m+dp/hard\libc_nano.a(lib_a-errno.o)
                0x000000000800ae90                __errno
 .text.__libc_init_array
                0x000000000800ae9c       0x48 c:/st/stm32cubeide_1.10.1/stm32cubeide/plugins/com.st.stm32cube.ide.mcu.externaltools.gnu-tools-for-stm32.10.3-2021.10.win32_1.0.0.202111181127/tools/bin/../lib/gcc/arm-none-eabi/10.3.1/../../../../arm-none-eabi/lib/thumb/v7e-m+dp/hard\libc_nano.a(lib_a-init.o)
                0x000000000800ae9c                __libc_init_array
 .text.__retarget_lock_acquire_recursive
                0x000000000800aee4        0x2 c:/st/stm32cubeide_1.10.1/stm32cubeide/plugins/com.st.stm32cube.ide.mcu.externaltools.gnu-tools-for-stm32.10.3-2021.10.win32_1.0.0.202111181127/tools/bin/../lib/gcc/arm-none-eabi/10.3.1/../../../../arm-none-eabi/lib/thumb/v7e-m+dp/hard\libc_nano.a(lib_a-lock.o)
                0x000000000800aee4                __retarget_lock_acquire_recursive
 .text.__retarget_lock_release_recursive
                0x000000000800aee6        0x2 c:/st/stm32cubeide_1.10.1/stm32cubeide/plugins/com.st.stm32cube.ide.mcu.externaltools.gnu-tools-for-stm32.10.3-2021.10.win32_1.0.0.202111181127/tools/bin/../lib/gcc/arm-none-eabi/10.3.1/../../../../arm-none-eabi/lib/thumb/v7e-m+dp/hard\libc_nano.a(lib_a-lock.o)
                0x000000000800aee6                __retarget_lock_release_recursive
 .text.malloc   0x000000000800aee8       0x10 c:/st/stm32cubeide_1.10.1/stm32cubeide/plugins/com.st.stm32cube.ide.mcu.externaltools.gnu-tools-for-stm32.10.3-2021.10.win32_1.0.0.202111181127/tools/bin/../lib/gcc/arm-none-eabi/10.3.1/../../../../arm-none-eabi/lib/thumb/v7e-m+dp/hard\libc_nano.a(lib_a-malloc.o)
                0x000000000800aee8                malloc
 .text.free     0x000000000800aef8       0x10 c:/st/stm32cubeide_1.10.1/stm32cubeide/plugins/com.st.stm32cube.ide.mcu.externaltools.gnu-tools-for-stm32.10.3-2021.10.win32_1.0.0.202111181127/tools/bin/../lib/gcc/arm-none-eabi/10.3.1/../../../../arm-none-eabi/lib/thumb/v7e-m+dp/hard\libc_nano.a(lib_a-malloc.o)
                0x000000000800aef8                free
 .text.memcpy   0x000000000800af08       0x1c c:/st/stm32cubeide_1.10.1/stm32cubeide/plugins/com.st.stm32cube.ide.mcu.externaltools.gnu-tools-for-stm32.10.3-2021.10.win32_1.0.0.202111181127/tools/bin/../lib/gcc/arm-none-eabi/10.3.1/../../../../arm-none-eabi/lib/thumb/v7e-m+dp/hard\libc_nano.a(lib_a-memcpy-stub.o)
                0x000000000800af08                memcpy
 .text.memset   0x000000000800af24       0x10 c:/st/stm32cubeide_1.10.1/stm32cubeide/plugins/com.st.stm32cube.ide.mcu.externaltools.gnu-tools-for-stm32.10.3-2021.10.win32_1.0.0.202111181127/tools/bin/../lib/gcc/arm-none-eabi/10.3.1/../../../../arm-none-eabi/lib/thumb/v7e-m+dp/hard\libc_nano.a(lib_a-memset.o)
                0x000000000800af24                memset
 .text._free_r  0x000000000800af34       0x98 c:/st/stm32cubeide_1.10.1/stm32cubeide/plugins/com.st.stm32cube.ide.mcu.externaltools.gnu-tools-for-stm32.10.3-2021.10.win32_1.0.0.202111181127/tools/bin/../lib/gcc/arm-none-eabi/10.3.1/../../../../arm-none-eabi/lib/thumb/v7e-m+dp/hard\libc_nano.a(lib_a-nano-freer.o)
                0x000000000800af34                _free_r
 .text.sbrk_aligned
                0x000000000800afcc       0x40 c:/st/stm32cubeide_1.10.1/stm32cubeide/plugins/com.st.stm32cube.ide.mcu.externaltools.gnu-tools-for-stm32.10.3-2021.10.win32_1.0.0.202111181127/tools/bin/../lib/gcc/arm-none-eabi/10.3.1/../../../../arm-none-eabi/lib/thumb/v7e-m+dp/hard\libc_nano.a(lib_a-nano-mallocr.o)
 .text._malloc_r
                0x000000000800b00c       0xe8 c:/st/stm32cubeide_1.10.1/stm32cubeide/plugins/com.st.stm32cube.ide.mcu.externaltools.gnu-tools-for-stm32.10.3-2021.10.win32_1.0.0.202111181127/tools/bin/../lib/gcc/arm-none-eabi/10.3.1/../../../../arm-none-eabi/lib/thumb/v7e-m+dp/hard\libc_nano.a(lib_a-nano-mallocr.o)
                0x000000000800b00c                _malloc_r
 .text.cleanup_glue
                0x000000000800b0f4       0x1a c:/st/stm32cubeide_1.10.1/stm32cubeide/plugins/com.st.stm32cube.ide.mcu.externaltools.gnu-tools-for-stm32.10.3-2021.10.win32_1.0.0.202111181127/tools/bin/../lib/gcc/arm-none-eabi/10.3.1/../../../../arm-none-eabi/lib/thumb/v7e-m+dp/hard\libc_nano.a(lib_a-reent.o)
                0x000000000800b0f4                cleanup_glue
 *fill*         0x000000000800b10e        0x2 
 .text._reclaim_reent
                0x000000000800b110       0xb8 c:/st/stm32cubeide_1.10.1/stm32cubeide/plugins/com.st.stm32cube.ide.mcu.externaltools.gnu-tools-for-stm32.10.3-2021.10.win32_1.0.0.202111181127/tools/bin/../lib/gcc/arm-none-eabi/10.3.1/../../../../arm-none-eabi/lib/thumb/v7e-m+dp/hard\libc_nano.a(lib_a-reent.o)
                0x000000000800b110                _reclaim_reent
 .text._sbrk_r  0x000000000800b1c8       0x20 c:/st/stm32cubeide_1.10.1/stm32cubeide/plugins/com.st.stm32cube.ide.mcu.externaltools.gnu-tools-for-stm32.10.3-2021.10.win32_1.0.0.202111181127/tools/bin/../lib/gcc/arm-none-eabi/10.3.1/../../../../arm-none-eabi/lib/thumb/v7e-m+dp/hard\libc_nano.a(lib_a-sbrkr.o)
                0x000000000800b1c8                _sbrk_r
 .text.__malloc_lock
                0x000000000800b1e8        0xc c:/st/stm32cubeide_1.10.1/stm32cubeide/plugins/com.st.stm32cube.ide.mcu.externaltools.gnu-tools-for-stm32.10.3-2021.10.win32_1.0.0.202111181127/tools/bin/../lib/gcc/arm-none-eabi/10.3.1/../../../../arm-none-eabi/lib/thumb/v7e-m+dp/hard\libc_nano.a(lib_a-mlock.o)
                0x000000000800b1e8                __malloc_lock
 .text.__malloc_unlock
                0x000000000800b1f4        0xc c:/st/stm32cubeide_1.10.1/stm32cubeide/plugins/com.st.stm32cube.ide.mcu.externaltools.gnu-tools-for-stm32.10.3-2021.10.win32_1.0.0.202111181127/tools/bin/../lib/gcc/arm-none-eabi/10.3.1/../../../../arm-none-eabi/lib/thumb/v7e-m+dp/hard\libc_nano.a(lib_a-mlock.o)
                0x000000000800b1f4                __malloc_unlock
 *(.glue_7)
 .glue_7        0x000000000800b200        0x0 linker stubs
 *(.glue_7t)
 .glue_7t       0x000000000800b200        0x0 linker stubs
 *(.eh_frame)
 .eh_frame      0x000000000800b200        0x0 c:/st/stm32cubeide_1.10.1/stm32cubeide/plugins/com.st.stm32cube.ide.mcu.externaltools.gnu-tools-for-stm32.10.3-2021.10.win32_1.0.0.202111181127/tools/bin/../lib/gcc/arm-none-eabi/10.3.1/thumb/v7e-m+dp/hard/crtbegin.o
 *(.init)
 .init          0x000000000800b200        0x4 c:/st/stm32cubeide_1.10.1/stm32cubeide/plugins/com.st.stm32cube.ide.mcu.externaltools.gnu-tools-for-stm32.10.3-2021.10.win32_1.0.0.202111181127/tools/bin/../lib/gcc/arm-none-eabi/10.3.1/thumb/v7e-m+dp/hard/crti.o
                0x000000000800b200                _init
 .init          0x000000000800b204        0x8 c:/st/stm32cubeide_1.10.1/stm32cubeide/plugins/com.st.stm32cube.ide.mcu.externaltools.gnu-tools-for-stm32.10.3-2021.10.win32_1.0.0.202111181127/tools/bin/../lib/gcc/arm-none-eabi/10.3.1/thumb/v7e-m+dp/hard/crtn.o
 *(.fini)
 .fini          0x000000000800b20c        0x4 c:/st/stm32cubeide_1.10.1/stm32cubeide/plugins/com.st.stm32cube.ide.mcu.externaltools.gnu-tools-for-stm32.10.3-2021.10.win32_1.0.0.202111181127/tools/bin/../lib/gcc/arm-none-eabi/10.3.1/thumb/v7e-m+dp/hard/crti.o
                0x000000000800b20c                _fini
 .fini          0x000000000800b210        0x8 c:/st/stm32cubeide_1.10.1/stm32cubeide/plugins/com.st.stm32cube.ide.mcu.externaltools.gnu-tools-for-stm32.10.3-2021.10.win32_1.0.0.202111181127/tools/bin/../lib/gcc/arm-none-eabi/10.3.1/thumb/v7e-m+dp/hard/crtn.o
                0x000000000800b218                . = ALIGN (0x4)
                0x000000000800b218                _etext = .

.vfp11_veneer   0x000000000800b218        0x0
 .vfp11_veneer  0x000000000800b218        0x0 linker stubs

.v4_bx          0x000000000800b218        0x0
 .v4_bx         0x000000000800b218        0x0 linker stubs

.iplt           0x000000000800b218        0x0
 .iplt          0x000000000800b218        0x0 c:/st/stm32cubeide_1.10.1/stm32cubeide/plugins/com.st.stm32cube.ide.mcu.externaltools.gnu-tools-for-stm32.10.3-2021.10.win32_1.0.0.202111181127/tools/bin/../lib/gcc/arm-none-eabi/10.3.1/thumb/v7e-m+dp/hard/crtbegin.o

.rodata         0x000000000800b218      0x100
                0x000000000800b218                . = ALIGN (0x4)
 *(.rodata)
 .rodata        0x000000000800b218        0x8 ./Core/Src/main.o
 .rodata        0x000000000800b220        0x5 ./Middlewares/Third_Party/FreeRTOS/Source/tasks.o
 *fill*         0x000000000800b225        0x3 
 .rodata        0x000000000800b228        0xd ./Middlewares/Third_Party/FreeRTOS/Source/timers.o
 *fill*         0x000000000800b235        0x3 
 .rodata        0x000000000800b238       0x42 ./USB_DEVICE/App/usbd_desc.o
 *(.rodata*)
 *fill*         0x000000000800b27a        0x2 
 .rodata.Task_Rx_attributes
                0x000000000800b27c       0x24 ./Core/Src/main.o
                0x000000000800b27c                Task_Rx_attributes
 .rodata.AHBPrescTable
                0x000000000800b2a0       0x10 ./Core/Src/system_stm32f7xx.o
                0x000000000800b2a0                AHBPrescTable
 .rodata.APBPrescTable
                0x000000000800b2b0        0x8 ./Core/Src/system_stm32f7xx.o
                0x000000000800b2b0                APBPrescTable
 .rodata.__sf_fake_stderr
                0x000000000800b2b8       0x20 c:/st/stm32cubeide_1.10.1/stm32cubeide/plugins/com.st.stm32cube.ide.mcu.externaltools.gnu-tools-for-stm32.10.3-2021.10.win32_1.0.0.202111181127/tools/bin/../lib/gcc/arm-none-eabi/10.3.1/../../../../arm-none-eabi/lib/thumb/v7e-m+dp/hard\libc_nano.a(lib_a-findfp.o)
                0x000000000800b2b8                __sf_fake_stderr
 .rodata.__sf_fake_stdin
                0x000000000800b2d8       0x20 c:/st/stm32cubeide_1.10.1/stm32cubeide/plugins/com.st.stm32cube.ide.mcu.externaltools.gnu-tools-for-stm32.10.3-2021.10.win32_1.0.0.202111181127/tools/bin/../lib/gcc/arm-none-eabi/10.3.1/../../../../arm-none-eabi/lib/thumb/v7e-m+dp/hard\libc_nano.a(lib_a-findfp.o)
                0x000000000800b2d8                __sf_fake_stdin
 .rodata.__sf_fake_stdout
                0x000000000800b2f8       0x20 c:/st/stm32cubeide_1.10.1/stm32cubeide/plugins/com.st.stm32cube.ide.mcu.externaltools.gnu-tools-for-stm32.10.3-2021.10.win32_1.0.0.202111181127/tools/bin/../lib/gcc/arm-none-eabi/10.3.1/../../../../arm-none-eabi/lib/thumb/v7e-m+dp/hard\libc_nano.a(lib_a-findfp.o)
                0x000000000800b2f8                __sf_fake_stdout
                0x000000000800b318                . = ALIGN (0x4)

.ARM.extab      0x000000000800b318        0x0
                0x000000000800b318                . = ALIGN (0x4)
 *(.ARM.extab* .gnu.linkonce.armextab.*)
                0x000000000800b318                . = ALIGN (0x4)

.ARM            0x000000000800b318        0x8
                0x000000000800b318                . = ALIGN (0x4)
                0x000000000800b318                __exidx_start = .
 *(.ARM.exidx*)
 .ARM.exidx     0x000000000800b318        0x8 c:/st/stm32cubeide_1.10.1/stm32cubeide/plugins/com.st.stm32cube.ide.mcu.externaltools.gnu-tools-for-stm32.10.3-2021.10.win32_1.0.0.202111181127/tools/bin/../lib/gcc/arm-none-eabi/10.3.1/thumb/v7e-m+dp/hard\libgcc.a(_udivmoddi4.o)
                0x000000000800b320                __exidx_end = .
                0x000000000800b320                . = ALIGN (0x4)

.rel.dyn        0x000000000800b320        0x0
 .rel.iplt      0x000000000800b320        0x0 c:/st/stm32cubeide_1.10.1/stm32cubeide/plugins/com.st.stm32cube.ide.mcu.externaltools.gnu-tools-for-stm32.10.3-2021.10.win32_1.0.0.202111181127/tools/bin/../lib/gcc/arm-none-eabi/10.3.1/thumb/v7e-m+dp/hard/crtbegin.o

.preinit_array  0x000000000800b320        0x0
                0x000000000800b320                . = ALIGN (0x4)
                0x000000000800b320                PROVIDE (__preinit_array_start = .)
 *(.preinit_array*)
                0x000000000800b320                PROVIDE (__preinit_array_end = .)
                0x000000000800b320                . = ALIGN (0x4)

.init_array     0x000000000800b320        0x4
                0x000000000800b320                . = ALIGN (0x4)
                0x000000000800b320                PROVIDE (__init_array_start = .)
 *(SORT_BY_NAME(.init_array.*))
 *(.init_array*)
 .init_array    0x000000000800b320        0x4 c:/st/stm32cubeide_1.10.1/stm32cubeide/plugins/com.st.stm32cube.ide.mcu.externaltools.gnu-tools-for-stm32.10.3-2021.10.win32_1.0.0.202111181127/tools/bin/../lib/gcc/arm-none-eabi/10.3.1/thumb/v7e-m+dp/hard/crtbegin.o
                0x000000000800b324                PROVIDE (__init_array_end = .)
                0x000000000800b324                . = ALIGN (0x4)

.fini_array     0x000000000800b324        0x4
                0x000000000800b324                . = ALIGN (0x4)
                [!provide]                        PROVIDE (__fini_array_start = .)
 *(SORT_BY_NAME(.fini_array.*))
 *(.fini_array*)
 .fini_array    0x000000000800b324        0x4 c:/st/stm32cubeide_1.10.1/stm32cubeide/plugins/com.st.stm32cube.ide.mcu.externaltools.gnu-tools-for-stm32.10.3-2021.10.win32_1.0.0.202111181127/tools/bin/../lib/gcc/arm-none-eabi/10.3.1/thumb/v7e-m+dp/hard/crtbegin.o
                [!provide]                        PROVIDE (__fini_array_end = .)
                0x000000000800b328                . = ALIGN (0x4)
                0x000000000800b328                _sidata = LOADADDR (.data)

.data           0x0000000020000000      0x174 load address 0x000000000800b328
                0x0000000020000000                . = ALIGN (0x4)
                0x0000000020000000                _sdata = .
 *(.data)
 *(.data*)
 .data.SystemCoreClock
                0x0000000020000000        0x4 ./Core/Src/system_stm32f7xx.o
                0x0000000020000000                SystemCoreClock
 .data.uwTickPrio
                0x0000000020000004        0x4 ./Drivers/STM32F7xx_HAL_Driver/Src/stm32f7xx_hal.o
                0x0000000020000004                uwTickPrio
 .data.uwTickFreq
                0x0000000020000008        0x1 ./Drivers/STM32F7xx_HAL_Driver/Src/stm32f7xx_hal.o
                0x0000000020000008                uwTickFreq
 *fill*         0x0000000020000009        0x3 
 .data.USBD_CDC_DeviceQualifierDesc
                0x000000002000000c        0xa ./Middlewares/ST/STM32_USB_Device_Library/Class/CDC/Src/usbd_cdc.o
 *fill*         0x0000000020000016        0x2 
 .data.USBD_CDC
                0x0000000020000018       0x38 ./Middlewares/ST/STM32_USB_Device_Library/Class/CDC/Src/usbd_cdc.o
                0x0000000020000018                USBD_CDC
 .data.USBD_CDC_CfgDesc
                0x0000000020000050       0x43 ./Middlewares/ST/STM32_USB_Device_Library/Class/CDC/Src/usbd_cdc.o
 .data.CDCInEpAdd
                0x0000000020000093        0x1 ./Middlewares/ST/STM32_USB_Device_Library/Class/CDC/Src/usbd_cdc.o
 .data.CDCOutEpAdd
                0x0000000020000094        0x1 ./Middlewares/ST/STM32_USB_Device_Library/Class/CDC/Src/usbd_cdc.o
 .data.CDCCmdEpAdd
                0x0000000020000095        0x1 ./Middlewares/ST/STM32_USB_Device_Library/Class/CDC/Src/usbd_cdc.o
 *fill*         0x0000000020000096        0x2 
 .data.uxCriticalNesting
                0x0000000020000098        0x4 ./Middlewares/Third_Party/FreeRTOS/Source/portable/GCC/ARM_CM7/r0p1/port.o
 .data.USBD_Interface_fops_FS
                0x000000002000009c       0x14 ./USB_DEVICE/App/usbd_cdc_if.o
                0x000000002000009c                USBD_Interface_fops_FS
 .data.FS_Desc  0x00000000200000b0       0x20 ./USB_DEVICE/App/usbd_desc.o
                0x00000000200000b0                FS_Desc
 .data.USBD_FS_DeviceDesc
                0x00000000200000d0       0x12 ./USB_DEVICE/App/usbd_desc.o
                0x00000000200000d0                USBD_FS_DeviceDesc
 *fill*         0x00000000200000e2        0x2 
 .data.USBD_FS_BOSDesc
                0x00000000200000e4        0xc ./USB_DEVICE/App/usbd_desc.o
                0x00000000200000e4                USBD_FS_BOSDesc
 .data.USBD_LangIDDesc
                0x00000000200000f0        0x4 ./USB_DEVICE/App/usbd_desc.o
                0x00000000200000f0                USBD_LangIDDesc
 .data.USBD_StringSerial
                0x00000000200000f4       0x1a ./USB_DEVICE/App/usbd_desc.o
                0x00000000200000f4                USBD_StringSerial
 *fill*         0x000000002000010e        0x2 
 .data._impure_ptr
                0x0000000020000110        0x4 c:/st/stm32cubeide_1.10.1/stm32cubeide/plugins/com.st.stm32cube.ide.mcu.externaltools.gnu-tools-for-stm32.10.3-2021.10.win32_1.0.0.202111181127/tools/bin/../lib/gcc/arm-none-eabi/10.3.1/../../../../arm-none-eabi/lib/thumb/v7e-m+dp/hard\libc_nano.a(lib_a-impure.o)
                0x0000000020000110                _impure_ptr
 .data.impure_data
                0x0000000020000114       0x60 c:/st/stm32cubeide_1.10.1/stm32cubeide/plugins/com.st.stm32cube.ide.mcu.externaltools.gnu-tools-for-stm32.10.3-2021.10.win32_1.0.0.202111181127/tools/bin/../lib/gcc/arm-none-eabi/10.3.1/../../../../arm-none-eabi/lib/thumb/v7e-m+dp/hard\libc_nano.a(lib_a-impure.o)
 *(.RamFunc)
 *(.RamFunc*)
                0x0000000020000174                . = ALIGN (0x4)
                0x0000000020000174                _edata = .

.igot.plt       0x0000000020000174        0x0 load address 0x000000000800b49c
 .igot.plt      0x0000000020000174        0x0 c:/st/stm32cubeide_1.10.1/stm32cubeide/plugins/com.st.stm32cube.ide.mcu.externaltools.gnu-tools-for-stm32.10.3-2021.10.win32_1.0.0.202111181127/tools/bin/../lib/gcc/arm-none-eabi/10.3.1/thumb/v7e-m+dp/hard/crtbegin.o
                0x0000000020000174                . = ALIGN (0x4)

.bss            0x0000000020000174     0x6ab4 load address 0x000000000800b49c
                0x0000000020000174                _sbss = .
                0x0000000020000174                __bss_start__ = _sbss
 *(.bss)
 .bss           0x0000000020000174       0x1c c:/st/stm32cubeide_1.10.1/stm32cubeide/plugins/com.st.stm32cube.ide.mcu.externaltools.gnu-tools-for-stm32.10.3-2021.10.win32_1.0.0.202111181127/tools/bin/../lib/gcc/arm-none-eabi/10.3.1/thumb/v7e-m+dp/hard/crtbegin.o
 *(.bss*)
 .bss.Task_RxHandle
                0x0000000020000190        0x4 ./Core/Src/main.o
                0x0000000020000190                Task_RxHandle
 .bss.buffer    0x0000000020000194       0x40 ./Core/Src/main.o
                0x0000000020000194                buffer
 .bss.htim6     0x00000000200001d4       0x4c ./Core/Src/stm32f7xx_hal_timebase_tim.o
                0x00000000200001d4                htim6
 .bss.__sbrk_heap_end
                0x0000000020000220        0x4 ./Core/Src/sysmem.o
 .bss.uwTick    0x0000000020000224        0x4 ./Drivers/STM32F7xx_HAL_Driver/Src/stm32f7xx_hal.o
                0x0000000020000224                uwTick
 .bss.cfgidx.0  0x0000000020000228        0x1 ./Middlewares/ST/STM32_USB_Device_Library/Core/Src/usbd_ctlreq.o
 *fill*         0x0000000020000229        0x3 
 .bss.KernelState
                0x000000002000022c        0x4 ./Middlewares/Third_Party/FreeRTOS/Source/CMSIS_RTOS_V2/cmsis_os2.o
 .bss.Idle_TCB  0x0000000020000230       0xbc ./Middlewares/Third_Party/FreeRTOS/Source/CMSIS_RTOS_V2/cmsis_os2.o
 .bss.Idle_Stack
                0x00000000200002ec      0x400 ./Middlewares/Third_Party/FreeRTOS/Source/CMSIS_RTOS_V2/cmsis_os2.o
 .bss.Timer_TCB
                0x00000000200006ec       0xbc ./Middlewares/Third_Party/FreeRTOS/Source/CMSIS_RTOS_V2/cmsis_os2.o
 .bss.Timer_Stack
                0x00000000200007a8      0x800 ./Middlewares/Third_Party/FreeRTOS/Source/CMSIS_RTOS_V2/cmsis_os2.o
 .bss.xQueueRegistry
                0x0000000020000fa8       0x40 ./Middlewares/Third_Party/FreeRTOS/Source/queue.o
                0x0000000020000fa8                xQueueRegistry
 .bss.pxCurrentTCB
                0x0000000020000fe8        0x4 ./Middlewares/Third_Party/FreeRTOS/Source/tasks.o
                0x0000000020000fe8                pxCurrentTCB
 .bss.pxReadyTasksLists
                0x0000000020000fec      0x460 ./Middlewares/Third_Party/FreeRTOS/Source/tasks.o
 .bss.xDelayedTaskList1
                0x000000002000144c       0x14 ./Middlewares/Third_Party/FreeRTOS/Source/tasks.o
 .bss.xDelayedTaskList2
                0x0000000020001460       0x14 ./Middlewares/Third_Party/FreeRTOS/Source/tasks.o
 .bss.pxDelayedTaskList
                0x0000000020001474        0x4 ./Middlewares/Third_Party/FreeRTOS/Source/tasks.o
 .bss.pxOverflowDelayedTaskList
                0x0000000020001478        0x4 ./Middlewares/Third_Party/FreeRTOS/Source/tasks.o
 .bss.xPendingReadyList
                0x000000002000147c       0x14 ./Middlewares/Third_Party/FreeRTOS/Source/tasks.o
 .bss.xTasksWaitingTermination
                0x0000000020001490       0x14 ./Middlewares/Third_Party/FreeRTOS/Source/tasks.o
 .bss.uxDeletedTasksWaitingCleanUp
                0x00000000200014a4        0x4 ./Middlewares/Third_Party/FreeRTOS/Source/tasks.o
 .bss.xSuspendedTaskList
                0x00000000200014a8       0x14 ./Middlewares/Third_Party/FreeRTOS/Source/tasks.o
 .bss.uxCurrentNumberOfTasks
                0x00000000200014bc        0x4 ./Middlewares/Third_Party/FreeRTOS/Source/tasks.o
 .bss.xTickCount
                0x00000000200014c0        0x4 ./Middlewares/Third_Party/FreeRTOS/Source/tasks.o
 .bss.uxTopReadyPriority
                0x00000000200014c4        0x4 ./Middlewares/Third_Party/FreeRTOS/Source/tasks.o
 .bss.xSchedulerRunning
                0x00000000200014c8        0x4 ./Middlewares/Third_Party/FreeRTOS/Source/tasks.o
 .bss.uxPendedTicks
                0x00000000200014cc        0x4 ./Middlewares/Third_Party/FreeRTOS/Source/tasks.o
 .bss.xYieldPending
                0x00000000200014d0        0x4 ./Middlewares/Third_Party/FreeRTOS/Source/tasks.o
 .bss.xNumOfOverflows
                0x00000000200014d4        0x4 ./Middlewares/Third_Party/FreeRTOS/Source/tasks.o
 .bss.uxTaskNumber
                0x00000000200014d8        0x4 ./Middlewares/Third_Party/FreeRTOS/Source/tasks.o
 .bss.xNextTaskUnblockTime
                0x00000000200014dc        0x4 ./Middlewares/Third_Party/FreeRTOS/Source/tasks.o
 .bss.xIdleTaskHandle
                0x00000000200014e0        0x4 ./Middlewares/Third_Party/FreeRTOS/Source/tasks.o
 .bss.uxSchedulerSuspended
                0x00000000200014e4        0x4 ./Middlewares/Third_Party/FreeRTOS/Source/tasks.o
 .bss.xActiveTimerList1
                0x00000000200014e8       0x14 ./Middlewares/Third_Party/FreeRTOS/Source/timers.o
 .bss.xActiveTimerList2
                0x00000000200014fc       0x14 ./Middlewares/Third_Party/FreeRTOS/Source/timers.o
 .bss.pxCurrentTimerList
                0x0000000020001510        0x4 ./Middlewares/Third_Party/FreeRTOS/Source/timers.o
 .bss.pxOverflowTimerList
                0x0000000020001514        0x4 ./Middlewares/Third_Party/FreeRTOS/Source/timers.o
 .bss.xTimerQueue
                0x0000000020001518        0x4 ./Middlewares/Third_Party/FreeRTOS/Source/timers.o
 .bss.xTimerTaskHandle
                0x000000002000151c        0x4 ./Middlewares/Third_Party/FreeRTOS/Source/timers.o
 .bss.xLastTime.2
                0x0000000020001520        0x4 ./Middlewares/Third_Party/FreeRTOS/Source/timers.o
 .bss.ucStaticTimerQueueStorage.1
                0x0000000020001524       0xa0 ./Middlewares/Third_Party/FreeRTOS/Source/timers.o
 .bss.xStaticTimerQueue.0
                0x00000000200015c4       0x50 ./Middlewares/Third_Party/FreeRTOS/Source/timers.o
 .bss.ucMaxSysCallPriority
                0x0000000020001614        0x1 ./Middlewares/Third_Party/FreeRTOS/Source/portable/GCC/ARM_CM7/r0p1/port.o
 *fill*         0x0000000020001615        0x3 
 .bss.ulMaxPRIGROUPValue
                0x0000000020001618        0x4 ./Middlewares/Third_Party/FreeRTOS/Source/portable/GCC/ARM_CM7/r0p1/port.o
 .bss.ucHeap    0x000000002000161c     0x3c00 ./Middlewares/Third_Party/FreeRTOS/Source/portable/MemMang/heap_4.o
 .bss.xStart    0x000000002000521c        0x8 ./Middlewares/Third_Party/FreeRTOS/Source/portable/MemMang/heap_4.o
 .bss.pxEnd     0x0000000020005224        0x4 ./Middlewares/Third_Party/FreeRTOS/Source/portable/MemMang/heap_4.o
 .bss.xFreeBytesRemaining
                0x0000000020005228        0x4 ./Middlewares/Third_Party/FreeRTOS/Source/portable/MemMang/heap_4.o
 .bss.xMinimumEverFreeBytesRemaining
                0x000000002000522c        0x4 ./Middlewares/Third_Party/FreeRTOS/Source/portable/MemMang/heap_4.o
 .bss.xBlockAllocatedBit
                0x0000000020005230        0x4 ./Middlewares/Third_Party/FreeRTOS/Source/portable/MemMang/heap_4.o
 .bss.hUsbDeviceFS
                0x0000000020005234      0x2dc ./USB_DEVICE/App/usb_device.o
                0x0000000020005234                hUsbDeviceFS
 .bss.UserRxBufferFS
                0x0000000020005510      0x800 ./USB_DEVICE/App/usbd_cdc_if.o
                0x0000000020005510                UserRxBufferFS
 .bss.UserTxBufferFS
                0x0000000020005d10      0x800 ./USB_DEVICE/App/usbd_cdc_if.o
                0x0000000020005d10                UserTxBufferFS
 .bss.USBD_StrDesc
                0x0000000020006510      0x200 ./USB_DEVICE/App/usbd_desc.o
                0x0000000020006510                USBD_StrDesc
 .bss.hpcd_USB_OTG_FS
                0x0000000020006710      0x508 ./USB_DEVICE/Target/usbd_conf.o
                0x0000000020006710                hpcd_USB_OTG_FS
 .bss.__lock___malloc_recursive_mutex
                0x0000000020006c18        0x1 c:/st/stm32cubeide_1.10.1/stm32cubeide/plugins/com.st.stm32cube.ide.mcu.externaltools.gnu-tools-for-stm32.10.3-2021.10.win32_1.0.0.202111181127/tools/bin/../lib/gcc/arm-none-eabi/10.3.1/../../../../arm-none-eabi/lib/thumb/v7e-m+dp/hard\libc_nano.a(lib_a-lock.o)
                0x0000000020006c18                __lock___malloc_recursive_mutex
 *fill*         0x0000000020006c19        0x3 
 .bss.__malloc_free_list
                0x0000000020006c1c        0x4 c:/st/stm32cubeide_1.10.1/stm32cubeide/plugins/com.st.stm32cube.ide.mcu.externaltools.gnu-tools-for-stm32.10.3-2021.10.win32_1.0.0.202111181127/tools/bin/../lib/gcc/arm-none-eabi/10.3.1/../../../../arm-none-eabi/lib/thumb/v7e-m+dp/hard\libc_nano.a(lib_a-nano-mallocr.o)
                0x0000000020006c1c                __malloc_free_list
 .bss.__malloc_sbrk_start
                0x0000000020006c20        0x4 c:/st/stm32cubeide_1.10.1/stm32cubeide/plugins/com.st.stm32cube.ide.mcu.externaltools.gnu-tools-for-stm32.10.3-2021.10.win32_1.0.0.202111181127/tools/bin/../lib/gcc/arm-none-eabi/10.3.1/../../../../arm-none-eabi/lib/thumb/v7e-m+dp/hard\libc_nano.a(lib_a-nano-mallocr.o)
                0x0000000020006c20                __malloc_sbrk_start
 .bss.errno     0x0000000020006c24        0x4 c:/st/stm32cubeide_1.10.1/stm32cubeide/plugins/com.st.stm32cube.ide.mcu.externaltools.gnu-tools-for-stm32.10.3-2021.10.win32_1.0.0.202111181127/tools/bin/../lib/gcc/arm-none-eabi/10.3.1/../../../../arm-none-eabi/lib/thumb/v7e-m+dp/hard\libc_nano.a(lib_a-reent.o)
                0x0000000020006c24                errno
 *(COMMON)
                0x0000000020006c28                . = ALIGN (0x4)
                0x0000000020006c28                _ebss = .
                0x0000000020006c28                __bss_end__ = _ebss

._user_heap_stack
                0x0000000020006c28      0x600 load address 0x000000000800b49c
                0x0000000020006c28                . = ALIGN (0x8)
                [!provide]                        PROVIDE (end = .)
                0x0000000020006c28                PROVIDE (_end = .)
                0x0000000020006e28                . = (. + _Min_Heap_Size)
 *fill*         0x0000000020006c28      0x200 
                0x0000000020007228                . = (. + _Min_Stack_Size)
 *fill*         0x0000000020006e28      0x400 