Archive member included to satisfy reference by file (symbol)

c:/st/stm32cubeide_1.10.1/stm32cubeide/plugins/com.st.stm32cube.ide.mcu.externaltools.gnu-tools-for-stm32.10.3-2021.10.win32_1.0.0.202111181127/tools/bin/../lib/gcc/arm-none-eabi/10.3.1/../../../../arm-none-eabi/lib/thumb/v7e-m+dp/hard\libc_nano.a(lib_a-errno.o)
                              ./Core/Src/syscalls.o (__errno)
c:/st/stm32cubeide_1.10.1/stm32cubeide/plugins/com.st.stm32cube.ide.mcu.externaltools.gnu-tools-for-stm32.10.3-2021.10.win32_1.0.0.202111181127/tools/bin/../lib/gcc/arm-none-eabi/10.3.1/../../../../arm-none-eabi/lib/thumb/v7e-m+dp/hard\libc_nano.a(lib_a-exit.o)
                              c:/st/stm32cubeide_1.10.1/stm32cubeide/plugins/com.st.stm32cube.ide.mcu.externaltools.gnu-tools-for-stm32.10.3-2021.10.win32_1.0.0.202111181127/tools/bin/../lib/gcc/arm-none-eabi/10.3.1/../../../../arm-none-eabi/lib/thumb/v7e-m+dp/hard/crt0.o (exit)
c:/st/stm32cubeide_1.10.1/stm32cubeide/plugins/com.st.stm32cube.ide.mcu.externaltools.gnu-tools-for-stm32.10.3-2021.10.win32_1.0.0.202111181127/tools/bin/../lib/gcc/arm-none-eabi/10.3.1/../../../../arm-none-eabi/lib/thumb/v7e-m+dp/hard\libc_nano.a(lib_a-findfp.o)
                              ./Middlewares/Third_Party/FreeRTOS/Source/tasks.o (__sf_fake_stderr)
c:/st/stm32cubeide_1.10.1/stm32cubeide/plugins/com.st.stm32cube.ide.mcu.externaltools.gnu-tools-for-stm32.10.3-2021.10.win32_1.0.0.202111181127/tools/bin/../lib/gcc/arm-none-eabi/10.3.1/../../../../arm-none-eabi/lib/thumb/v7e-m+dp/hard\libc_nano.a(lib_a-fwalk.o)
                              c:/st/stm32cubeide_1.10.1/stm32cubeide/plugins/com.st.stm32cube.ide.mcu.externaltools.gnu-tools-for-stm32.10.3-2021.10.win32_1.0.0.202111181127/tools/bin/../lib/gcc/arm-none-eabi/10.3.1/../../../../arm-none-eabi/lib/thumb/v7e-m+dp/hard\libc_nano.a(lib_a-findfp.o) (_fwalk)
c:/st/stm32cubeide_1.10.1/stm32cubeide/plugins/com.st.stm32cube.ide.mcu.externaltools.gnu-tools-for-stm32.10.3-2021.10.win32_1.0.0.202111181127/tools/bin/../lib/gcc/arm-none-eabi/10.3.1/../../../../arm-none-eabi/lib/thumb/v7e-m+dp/hard\libc_nano.a(lib_a-impure.o)
                              c:/st/stm32cubeide_1.10.1/stm32cubeide/plugins/com.st.stm32cube.ide.mcu.externaltools.gnu-tools-for-stm32.10.3-2021.10.win32_1.0.0.202111181127/tools/bin/../lib/gcc/arm-none-eabi/10.3.1/../../../../arm-none-eabi/lib/thumb/v7e-m+dp/hard\libc_nano.a(lib_a-exit.o) (_global_impure_ptr)
c:/st/stm32cubeide_1.10.1/stm32cubeide/plugins/com.st.stm32cube.ide.mcu.externaltools.gnu-tools-for-stm32.10.3-2021.10.win32_1.0.0.202111181127/tools/bin/../lib/gcc/arm-none-eabi/10.3.1/../../../../arm-none-eabi/lib/thumb/v7e-m+dp/hard\libc_nano.a(lib_a-init.o)
                              c:/st/stm32cubeide_1.10.1/stm32cubeide/plugins/com.st.stm32cube.ide.mcu.externaltools.gnu-tools-for-stm32.10.3-2021.10.win32_1.0.0.202111181127/tools/bin/../lib/gcc/arm-none-eabi/10.3.1/../../../../arm-none-eabi/lib/thumb/v7e-m+dp/hard/crt0.o (__libc_init_array)
c:/st/stm32cubeide_1.10.1/stm32cubeide/plugins/com.st.stm32cube.ide.mcu.externaltools.gnu-tools-for-stm32.10.3-2021.10.win32_1.0.0.202111181127/tools/bin/../lib/gcc/arm-none-eabi/10.3.1/../../../../arm-none-eabi/lib/thumb/v7e-m+dp/hard\libc_nano.a(lib_a-lock.o)
                              c:/st/stm32cubeide_1.10.1/stm32cubeide/plugins/com.st.stm32cube.ide.mcu.externaltools.gnu-tools-for-stm32.10.3-2021.10.win32_1.0.0.202111181127/tools/bin/../lib/gcc/arm-none-eabi/10.3.1/../../../../arm-none-eabi/lib/thumb/v7e-m+dp/hard\libc_nano.a(lib_a-findfp.o) (__retarget_lock_init_recursive)
c:/st/stm32cubeide_1.10.1/stm32cubeide/plugins/com.st.stm32cube.ide.mcu.externaltools.gnu-tools-for-stm32.10.3-2021.10.win32_1.0.0.202111181127/tools/bin/../lib/gcc/arm-none-eabi/10.3.1/../../../../arm-none-eabi/lib/thumb/v7e-m+dp/hard\libc_nano.a(lib_a-malloc.o)
                              ./Middlewares/ST/STM32_USB_Device_Library/Class/CDC/Src/usbd_cdc.o (malloc)
c:/st/stm32cubeide_1.10.1/stm32cubeide/plugins/com.st.stm32cube.ide.mcu.externaltools.gnu-tools-for-stm32.10.3-2021.10.win32_1.0.0.202111181127/tools/bin/../lib/gcc/arm-none-eabi/10.3.1/../../../../arm-none-eabi/lib/thumb/v7e-m+dp/hard\libc_nano.a(lib_a-memcpy-stub.o)
                              ./Middlewares/Third_Party/FreeRTOS/Source/CMSIS_RTOS_V2/cmsis_os2.o (memcpy)
c:/st/stm32cubeide_1.10.1/stm32cubeide/plugins/com.st.stm32cube.ide.mcu.externaltools.gnu-tools-for-stm32.10.3-2021.10.win32_1.0.0.202111181127/tools/bin/../lib/gcc/arm-none-eabi/10.3.1/../../../../arm-none-eabi/lib/thumb/v7e-m+dp/hard\libc_nano.a(lib_a-memset.o)
                              c:/st/stm32cubeide_1.10.1/stm32cubeide/plugins/com.st.stm32cube.ide.mcu.externaltools.gnu-tools-for-stm32.10.3-2021.10.win32_1.0.0.202111181127/tools/bin/../lib/gcc/arm-none-eabi/10.3.1/../../../../arm-none-eabi/lib/thumb/v7e-m+dp/hard/crt0.o (memset)
[...]
Memory Configuration

Name             Origin             Length             Attributes
RAM              0x0000000020000000 0x0000000000080000 xrw
FLASH            0x0000000008000000 0x0000000000200000 xr
*default*        0x0000000000000000 0xffffffffffffffff

Linker script and memory map

LOAD c:/st/stm32cubeide_1.10.1/stm32cubeide/plugins/com.st.stm32cube.ide.mcu.externaltools.gnu-tools-for-stm32.10.3-2021.10.win32_1.0.0.202111181127/tools/bin/../lib/gcc/arm-none-eabi/10.3.1/thumb/v7e-m+dp/hard/crti.o
LOAD c:/st/stm32cubeide_1.10.1/stm32cubeide/plugins/com.st.stm32cube.ide.mcu.externaltools.gnu-tools-for-stm32.10.3-2021.10.win32_1.0.0.202111181127/tools/bin/../lib/gcc/arm-none-eabi/10.3.1/thumb/v7e-m+dp/hard/crtbegin.o
LOAD c:/st/stm32cubeide_1.10.1/stm32cubeide/plugins/com.st.stm32cube.ide.mcu.externaltools.gnu-tools-for-stm32.10.3-2021.10.win32_1.0.0.202111181127/tools/bin/../lib/gcc/arm-none-eabi/10.3.1/../../../../arm-none-eabi/lib/thumb/v7e-m+dp/hard/crt0.o
LOAD ./Core/Src/freertos.o
LOAD ./Core/Src/main.o
LOAD ./Core/Src/stm32f7xx_hal_msp.o
LOAD ./Core/Src/stm32f7xx_hal_timebase_tim.o
LOAD ./Core/Src/stm32f7xx_it.o
LOAD ./Core/Src/syscalls.o
LOAD ./Core/Src/sysmem.o
LOAD ./Core/Src/system_stm32f7xx.o
LOAD ./Core/Startup/startup_stm32f767zitx.o
LOAD ./Drivers/STM32F7xx_HAL_Driver/Src/stm32f7xx_hal.o
LOAD ./Drivers/STM32F7xx_HAL_Driver/Src/stm32f7xx_hal_can.o
LOAD ./Drivers/STM32F7xx_HAL_Driver/Src/stm32f7xx_hal_cortex.o
LOAD ./Drivers/STM32F7xx_HAL_Driver/Src/stm32f7xx_hal_dac.o
LOAD ./Drivers/STM32F7xx_HAL_Driver/Src/stm32f7xx_hal_dac_ex.o
LOAD ./Drivers/STM32F7xx_HAL_Driver/Src/stm32f7xx_hal_dma.o
LOAD ./Drivers/STM32F7xx_HAL_Driver/Src/stm32f7xx_hal_dma_ex.o
LOAD ./Drivers/STM32F7xx_HAL_Driver/Src/stm32f7xx_hal_eth.o
LOAD ./Drivers/STM32F7xx_HAL_Driver/Src/stm32f7xx_hal_exti.o
LOAD ./Drivers/STM32F7xx_HAL_Driver/Src/stm32f7xx_hal_flash.o
LOAD ./Drivers/STM32F7xx_HAL_Driver/Src/stm32f7xx_hal_flash_ex.o
LOAD ./Drivers/STM32F7xx_HAL_Driver/Src/stm32f7xx_hal_gpio.o
LOAD ./Drivers/STM32F7xx_HAL_Driver/Src/stm32f7xx_hal_i2c.o
LOAD ./Drivers/STM32F7xx_HAL_Driver/Src/stm32f7xx_hal_i2c_ex.o
LOAD ./Drivers/STM32F7xx_HAL_Driver/Src/stm32f7xx_hal_pcd.o
LOAD ./Drivers/STM32F7xx_HAL_Driver/Src/stm32f7xx_hal_pcd_ex.o
LOAD ./Drivers/STM32F7xx_HAL_Driver/Src/stm32f7xx_hal_pwr.o
LOAD ./Drivers/STM32F7xx_HAL_Driver/Src/stm32f7xx_hal_pwr_ex.o
LOAD ./Drivers/STM32F7xx_HAL_Driver/Src/stm32f7xx_hal_rcc.o
LOAD ./Drivers/STM32F7xx_HAL_Driver/Src/stm32f7xx_hal_rcc_ex.o
LOAD ./Drivers/STM32F7xx_HAL_Driver/Src/stm32f7xx_hal_spi.o
LOAD ./Drivers/STM32F7xx_HAL_Driver/Src/stm32f7xx_hal_spi_ex.o
LOAD ./Drivers/STM32F7xx_HAL_Driver/Src/stm32f7xx_hal_tim.o
LOAD ./Drivers/STM32F7xx_HAL_Driver/Src/stm32f7xx_hal_tim_ex.o
LOAD ./Drivers/STM32F7xx_HAL_Driver/Src/stm32f7xx_hal_uart.o
LOAD ./Drivers/STM32F7xx_HAL_Driver/Src/stm32f7xx_hal_uart_ex.o
LOAD ./Drivers/STM32F7xx_HAL_Driver/Src/stm32f7xx_ll_usb.o
LOAD ./Middlewares/ST/STM32_USB_Device_Library/Class/CDC/Src/usbd_cdc.o
LOAD ./Middlewares/ST/STM32_USB_Device_Library/Core/Src/usbd_core.o
LOAD ./Middlewares/ST/STM32_USB_Device_Library/Core/Src/usbd_ctlreq.o
LOAD ./Middlewares/ST/STM32_USB_Device_Library/Core/Src/usbd_ioreq.o
LOAD ./Middlewares/Third_Party/FreeRTOS/Source/CMSIS_RTOS_V2/cmsis_os2.o
LOAD ./Middlewares/Third_Party/FreeRTOS/Source/croutine.o
LOAD ./Middlewares/Third_Party/FreeRTOS/Source/event_groups.o
LOAD ./Middlewares/Third_Party/FreeRTOS/Source/list.o
LOAD ./Middlewares/Third_Party/FreeRTOS/Source/queue.o
LOAD ./Middlewares/Third_Party/FreeRTOS/Source/stream_buffer.o
LOAD ./Middlewares/Third_Party/FreeRTOS/Source/tasks.o
LOAD ./Middlewares/Third_Party/FreeRTOS/Source/timers.o
LOAD ./Middlewares/Third_Party/FreeRTOS/Source/portable/GCC/ARM_CM7/r0p1/port.o
LOAD ./Middlewares/Third_Party/FreeRTOS/Source/portable/MemMang/heap_4.o
LOAD ./USB_DEVICE/App/usb_device.o
LOAD ./USB_DEVICE/App/usbd_cdc_if.o
LOAD ./USB_DEVICE/App/usbd_desc.o
LOAD ./USB_DEVICE/Target/usbd_conf.o
START GROUP
LOAD c:/st/stm32cubeide_1.10.1/stm32cubeide/plugins/com.st.stm32cube.ide.mcu.externaltools.gnu-tools-for-stm32.10.3-2021.10.win32_1.0.0.202111181127/tools/bin/../lib/gcc/arm-none-eabi/10.3.1/../../../../arm-none-eabi/lib/thumb/v7e-m+dp/hard\libc_nano.a
LOAD c:/st/stm32cubeide_1.10.1/stm32cubeide/plugins/com.st.stm32cube.ide.mcu.externaltools.gnu-tools-for-stm32.10.3-2021.10.win32_1.0.0.202111181127/tools/bin/../lib/gcc/arm-none-eabi/10.3.1/../../../../arm-none-eabi/lib/thumb/v7e-m+dp/hard\libm.a
END GROUP
START GROUP
LOAD c:/st/stm32cubeide_1.10.1/stm32cubeide/plugins/com.st.stm32cube.ide.mcu.externaltools.gnu-tools-for-stm32.10.3-2021.10.win32_1.0.0.202111181127/tools/bin/../lib/gcc/arm-none-eabi/10.3.1/thumb/v7e-m+dp/hard\libgcc.a
LOAD c:/st/stm32cubeide_1.10.1/stm32cubeide/plugins/com.st.stm32cube.ide.mcu.externaltools.gnu-tools-for-stm32.10.3-2021.10.win32_1.0.0.202111181127/tools/bin/../lib/gcc/arm-none-eabi/10.3.1/../../../../arm-none-eabi/lib/thumb/v7e-m+dp/hard\libc_nano.a
END GROUP
START GROUP
LOAD c:/st/stm32cubeide_1.10.1/stm32cubeide/plugins/com.st.stm32cube.ide.mcu.externaltools.gnu-tools-for-stm32.10.3-2021.10.win32_1.0.0.202111181127/tools/bin/../lib/gcc/arm-none-eabi/10.3.1/thumb/v7e-m+dp/hard\libgcc.a
LOAD c:/st/stm32cubeide_1.10.1/stm32cubeide/plugins/com.st.stm32cube.ide.mcu.externaltools.gnu-tools-for-stm32.10.3-2021.10.win32_1.0.0.202111181127/tools/bin/../lib/gcc/arm-none-eabi/10.3.1/../../../../arm-none-eabi/lib/thumb/v7e-m+dp/hard\libc_nano.a
LOAD c:/st/stm32cubeide_1.10.1/stm32cubeide/plugins/com.st.stm32cube.ide.mcu.externaltools.gnu-tools-for-stm32.10.3-2021.10.win32_1.0.0.202111181127/tools/bin/../lib/gcc/arm-none-eabi/10.3.1/../../../../arm-none-eabi/lib/thumb/v7e-m+dp/hard\libnosys.a
END GROUP
START GROUP
LOAD c:/st/stm32cubeide_1.10.1/stm32cubeide/plugins/com.st.stm32cube.ide.mcu.externaltools.gnu-tools-for-stm32.10.3-2021.10.win32_1.0.0.202111181127/tools/bin/../lib/gcc/arm-none-eabi/10.3.1/thumb/v7e-m+dp/hard\libgcc.a
LOAD c:/st/stm32cubeide_1.10.1/stm32cubeide/plugins/com.st.stm32cube.ide.mcu.externaltools.gnu-tools-for-stm32.10.3-2021.10.win32_1.0.0.202111181127/tools/bin/../lib/gcc/arm-none-eabi/10.3.1/../../../../arm-none-eabi/lib/thumb/v7e-m+dp/hard\libc_nano.a
LOAD c:/st/stm32cubeide_1.10.1/stm32cubeide/plugins/com.st.stm32cube.ide.mcu.externaltools.gnu-tools-for-stm32.10.3-2021.10.win32_1.0.0.202111181127/tools/bin/../lib/gcc/arm-none-eabi/10.3.1/../../../../arm-none-eabi/lib/thumb/v7e-m+dp/hard\libnosys.a
END GROUP
LOAD c:/st/stm32cubeide_1.10.1/stm32cubeide/plugins/com.st.stm32cube.ide.mcu.externaltools.gnu-tools-for-stm32.10.3-2021.10.win32_1.0.0.202111181127/tools/bin/../lib/gcc/arm-none-eabi/10.3.1/thumb/v7e-m+dp/hard/crtend.o
LOAD c:/st/stm32cubeide_1.10.1/stm32cubeide/plugins/com.st.stm32cube.ide.mcu.externaltools.gnu-tools-for-stm32.10.3-2021.10.win32_1.0.0.202111181127/tools/bin/../lib/gcc/arm-none-eabi/10.3.1/thumb/v7e-m+dp/hard/crtn.o
                0x0000000020080000                _estack = (ORIGIN (RAM) + LENGTH (RAM))
                0x0000000000000200                _Min_Heap_Size = 0x200
                0x0000000000000400                _Min_Stack_Size = 0x400

.isr_vector     0x0000000008000000      0x1f8
                0x0000000008000000                . = ALIGN (0x4)
 *(.isr_vector)
 .isr_vector    0x0000000008000000      0x1f8 ./Core/Startup/startup_stm32f767zitx.o
                0x0000000008000000                g_pfnVectors
                0x00000000080001f8                . = ALIGN (0x4)

.text           0x0000000008000200     0xda54
                0x0000000008000200                . = ALIGN (0x4)
 *(.text)
 .text          0x0000000008000200       0x40 c:/st/stm32cubeide_1.10.1/stm32cubeide/plugins/com.st.stm32cube.ide.mcu.externaltools.gnu-tools-for-stm32.10.3-2021.10.win32_1.0.0.202111181127/tools/bin/../lib/gcc/arm-none-eabi/10.3.1/thumb/v7e-m+dp/hard/crtbegin.o
 .text          0x0000000008000240       0x30 c:/st/stm32cubeide_1.10.1/stm32cubeide/plugins/com.st.stm32cube.ide.mcu.externaltools.gnu-tools-for-stm32.10.3-2021.10.win32_1.0.0.202111181127/tools/bin/../lib/gcc/arm-none-eabi/10.3.1/thumb/v7e-m+dp/hard\libgcc.a(_aeabi_uldivmod.o)
                0x0000000008000240                __aeabi_uldivmod
 .text          0x0000000008000270      0x2d0 c:/st/stm32cubeide_1.10.1/stm32cubeide/plugins/com.st.stm32cube.ide.mcu.externaltools.gnu-tools-for-stm32.10.3-2021.10.win32_1.0.0.202111181127/tools/bin/../lib/gcc/arm-none-eabi/10.3.1/thumb/v7e-m+dp/hard\libgcc.a(_udivmoddi4.o)
                0x0000000008000270                __udivmoddi4
 .text          0x0000000008000540        0x4 c:/st/stm32cubeide_1.10.1/stm32cubeide/plugins/com.st.stm32cube.ide.mcu.externaltools.gnu-tools-for-stm32.10.3-2021.10.win32_1.0.0.202111181127/tools/bin/../lib/gcc/arm-none-eabi/10.3.1/thumb/v7e-m+dp/hard\libgcc.a(_dvmd_tls.o)
                0x0000000008000540                __aeabi_idiv0
                0x0000000008000540                __aeabi_ldiv0
 *(.text*)
 .text.SCB_EnableICache
                0x0000000008000544       0x4c ./Core/Src/main.o
 .text.SCB_EnableDCache
                0x0000000008000590       0x88 ./Core/Src/main.o
 .text.main     0x0000000008000618       0xd0 ./Core/Src/main.o
                0x0000000008000618                main
 .text.SystemClock_Config
                0x00000000080006e8       0xe0 ./Core/Src/main.o
                0x00000000080006e8                SystemClock_Config
 .text.MX_CAN1_Init
                0x00000000080007c8       0x68 ./Core/Src/main.o
 .text.MX_DAC_Init
                0x0000000008000830       0x54 ./Core/Src/main.o
 .text.MX_ETH_Init
                0x0000000008000884       0x9c ./Core/Src/main.o
 .text.MX_I2C1_Init
                0x0000000008000920       0x80 ./Core/Src/main.o
 .text.MX_SPI1_Init
                0x00000000080009a0       0x74 ./Core/Src/main.o
 .text.MX_SPI3_Init
                0x0000000008000a14       0x74 ./Core/Src/main.o
 .text.MX_TIM1_Init
                0x0000000008000a88       0xec ./Core/Src/main.o
 .text.MX_UART7_Init
                0x0000000008000b74       0x60 ./Core/Src/main.o
 .text.MX_GPIO_Init
                0x0000000008000bd4      0x28c ./Core/Src/main.o
 .text.StartDefaultTask
                0x0000000008000e60       0x14 ./Core/Src/main.o
                0x0000000008000e60                StartDefaultTask
 .text.StartTask_gateway
                0x0000000008000e74       0x10 ./Core/Src/main.o
                0x0000000008000e74                StartTask_gateway
 .text.StartTask_controller
                0x0000000008000e84       0x10 ./Core/Src/main.o
                0x0000000008000e84                StartTask_controller
 .text.StartTask_SHT20
                0x0000000008000e94       0x10 ./Core/Src/main.o
                0x0000000008000e94                StartTask_SHT20
 .text.StartTask_74HC595D
                0x0000000008000ea4       0x10 ./Core/Src/main.o
                0x0000000008000ea4                StartTask_74HC595D
 .text.HAL_TIM_PeriodElapsedCallback
                0x0000000008000eb4       0x24 ./Core/Src/main.o
                0x0000000008000eb4                HAL_TIM_PeriodElapsedCallback
 .text.Error_Handler
                0x0000000008000ed8        0xa ./Core/Src/main.o
                0x0000000008000ed8                Error_Handler
 *fill*         0x0000000008000ee2        0x2 
 .text.HAL_MspInit
                0x0000000008000ee4       0x50 ./Core/Src/stm32f7xx_hal_msp.o
                0x0000000008000ee4                HAL_MspInit
 .text.HAL_CAN_MspInit
                0x0000000008000f34       0x88 ./Core/Src/stm32f7xx_hal_msp.o
                0x0000000008000f34                HAL_CAN_MspInit
 .text.HAL_DAC_MspInit
                0x0000000008000fbc       0x90 ./Core/Src/stm32f7xx_hal_msp.o
                0x0000000008000fbc                HAL_DAC_MspInit
 .text.HAL_ETH_MspInit
                0x000000000800104c      0x170 ./Core/Src/stm32f7xx_hal_msp.o
                0x000000000800104c                HAL_ETH_MspInit
 .text.HAL_I2C_MspInit
                0x00000000080011bc       0xc0 ./Core/Src/stm32f7xx_hal_msp.o
                0x00000000080011bc                HAL_I2C_MspInit
 .text.HAL_SPI_MspInit
                0x000000000800127c      0x160 ./Core/Src/stm32f7xx_hal_msp.o
                0x000000000800127c                HAL_SPI_MspInit
 .text.HAL_TIM_Base_MspInit
                0x00000000080013dc       0x88 ./Core/Src/stm32f7xx_hal_msp.o
                0x00000000080013dc                HAL_TIM_Base_MspInit
 .text.HAL_UART_MspInit
                0x0000000008001464       0xc0 ./Core/Src/stm32f7xx_hal_msp.o
                0x0000000008001464                HAL_UART_MspInit
 .text.HAL_InitTick
                0x0000000008001524       0xf4 ./Core/Src/stm32f7xx_hal_timebase_tim.o
                0x0000000008001524                HAL_InitTick
 .text.NMI_Handler
                0x0000000008001618        0x6 ./Core/Src/stm32f7xx_it.o
                0x0000000008001618                NMI_Handler
 .text.HardFault_Handler
                0x000000000800161e        0x6 ./Core/Src/stm32f7xx_it.o
                0x000000000800161e                HardFault_Handler
 .text.MemManage_Handler
                0x0000000008001624        0x6 ./Core/Src/stm32f7xx_it.o
                0x0000000008001624                MemManage_Handler
 .text.BusFault_Handler
                0x000000000800162a        0x6 ./Core/Src/stm32f7xx_it.o
                0x000000000800162a                BusFault_Handler
 .text.UsageFault_Handler
                0x0000000008001630        0x6 ./Core/Src/stm32f7xx_it.o
                0x0000000008001630                UsageFault_Handler
 .text.DebugMon_Handler
                0x0000000008001636        0xe ./Core/Src/stm32f7xx_it.o
                0x0000000008001636                DebugMon_Handler
 .text.TIM6_DAC_IRQHandler
                0x0000000008001644       0x28 ./Core/Src/stm32f7xx_it.o
                0x0000000008001644                TIM6_DAC_IRQHandler
 .text.OTG_FS_IRQHandler
                0x000000000800166c       0x14 ./Core/Src/stm32f7xx_it.o
                0x000000000800166c                OTG_FS_IRQHandler
 .text._sbrk    0x0000000008001680       0x6c ./Core/Src/sysmem.o
                0x0000000008001680                _sbrk
 .text.SystemInit
                0x00000000080016ec       0x24 ./Core/Src/system_stm32f7xx.o
                0x00000000080016ec                SystemInit
 .text.Reset_Handler
                0x0000000008001710       0x50 ./Core/Startup/startup_stm32f767zitx.o
                0x0000000008001710                Reset_Handler
 .text.Default_Handler
                0x0000000008001760        0x2 ./Core/Startup/startup_stm32f767zitx.o
                0x0000000008001760                RTC_Alarm_IRQHandler
                0x0000000008001760                EXTI2_IRQHandler
                0x0000000008001760                TIM8_CC_IRQHandler
                0x0000000008001760                UART8_IRQHandler
                0x0000000008001760                SPI4_IRQHandler
                0x0000000008001760                TIM1_CC_IRQHandler
                0x0000000008001760                DMA2_Stream5_IRQHandler
                0x0000000008001760                JPEG_IRQHandler
                0x0000000008001760                DMA1_Stream5_IRQHandler
                0x0000000008001760                CAN3_RX1_IRQHandler
                0x0000000008001760                PVD_IRQHandler
                0x0000000008001760                TAMP_STAMP_IRQHandler
                0x0000000008001760                CAN2_RX1_IRQHandler
                0x0000000008001760                EXTI3_IRQHandler
                0x0000000008001760                TIM8_TRG_COM_TIM14_IRQHandler
                0x0000000008001760                DFSDM1_FLT1_IRQHandler
                0x0000000008001760                TIM1_UP_TIM10_IRQHandler
                0x0000000008001760                TIM8_UP_TIM13_IRQHandler
                0x0000000008001760                I2C3_ER_IRQHandler
                0x0000000008001760                DFSDM1_FLT2_IRQHandler
                0x0000000008001760                EXTI0_IRQHandler
                0x0000000008001760                I2C2_EV_IRQHandler
                0x0000000008001760                DMA1_Stream2_IRQHandler
                0x0000000008001760                CAN1_RX0_IRQHandler
                0x0000000008001760                FPU_IRQHandler
                0x0000000008001760                OTG_HS_WKUP_IRQHandler
                0x0000000008001760                CAN3_SCE_IRQHandler
                0x0000000008001760                LTDC_ER_IRQHandler
                0x0000000008001760                CAN2_SCE_IRQHandler
                0x0000000008001760                DMA2_Stream2_IRQHandler
                0x0000000008001760                SPI1_IRQHandler
                0x0000000008001760                TIM1_BRK_TIM9_IRQHandler
                0x0000000008001760                DCMI_IRQHandler
                0x0000000008001760                CAN2_RX0_IRQHandler
                0x0000000008001760                DMA2_Stream3_IRQHandler
                0x0000000008001760                SAI2_IRQHandler
                0x0000000008001760                DFSDM1_FLT3_IRQHandler
                0x0000000008001760                USART6_IRQHandler
                0x0000000008001760                CAN3_RX0_IRQHandler
                0x0000000008001760                USART3_IRQHandler
                0x0000000008001760                CAN1_RX1_IRQHandler
                0x0000000008001760                UART5_IRQHandler
                0x0000000008001760                DMA2_Stream0_IRQHandler
                0x0000000008001760                TIM4_IRQHandler
                0x0000000008001760                QUADSPI_IRQHandler
                0x0000000008001760                I2C1_EV_IRQHandler
                0x0000000008001760                DMA1_Stream6_IRQHandler
                0x0000000008001760                DMA1_Stream1_IRQHandler
                0x0000000008001760                UART4_IRQHandler
                0x0000000008001760                TIM3_IRQHandler
                0x0000000008001760                RCC_IRQHandler
                0x0000000008001760                TIM8_BRK_TIM12_IRQHandler
                0x0000000008001760                Default_Handler
                0x0000000008001760                CEC_IRQHandler
                0x0000000008001760                EXTI15_10_IRQHandler
                0x0000000008001760                ADC_IRQHandler
                0x0000000008001760                DMA1_Stream7_IRQHandler
                0x0000000008001760                SPI5_IRQHandler
                0x0000000008001760                TIM7_IRQHandler
                0x0000000008001760                SDMMC1_IRQHandler
                0x0000000008001760                CAN2_TX_IRQHandler
                0x0000000008001760                TIM5_IRQHandler
                0x0000000008001760                DMA2_Stream7_IRQHandler
                0x0000000008001760                I2C3_EV_IRQHandler
                0x0000000008001760                EXTI9_5_IRQHandler
                0x0000000008001760                RTC_WKUP_IRQHandler
                0x0000000008001760                LTDC_IRQHandler
                0x0000000008001760                ETH_WKUP_IRQHandler
                0x0000000008001760                SPDIF_RX_IRQHandler
                0x0000000008001760                SPI2_IRQHandler
                0x0000000008001760                OTG_HS_EP1_IN_IRQHandler
                0x0000000008001760                DMA1_Stream0_IRQHandler
                0x0000000008001760                CAN1_TX_IRQHandler
                0x0000000008001760                EXTI4_IRQHandler
                0x0000000008001760                RNG_IRQHandler
                0x0000000008001760                ETH_IRQHandler
                0x0000000008001760                OTG_HS_EP1_OUT_IRQHandler
                0x0000000008001760                WWDG_IRQHandler
                0x0000000008001760                SPI6_IRQHandler
                0x0000000008001760                MDIOS_IRQHandler
                0x0000000008001760                I2C4_EV_IRQHandler
                0x0000000008001760                CAN3_TX_IRQHandler
                0x0000000008001760                TIM2_IRQHandler
                0x0000000008001760                OTG_FS_WKUP_IRQHandler
                0x0000000008001760                TIM1_TRG_COM_TIM11_IRQHandler
                0x0000000008001760                OTG_HS_IRQHandler
                0x0000000008001760                DMA2D_IRQHandler
                0x0000000008001760                EXTI1_IRQHandler
                0x0000000008001760                SDMMC2_IRQHandler
                0x0000000008001760                UART7_IRQHandler
                0x0000000008001760                USART2_IRQHandler
                0x0000000008001760                DFSDM1_FLT0_IRQHandler
                0x0000000008001760                I2C2_ER_IRQHandler
                0x0000000008001760                DMA2_Stream1_IRQHandler
                0x0000000008001760                CAN1_SCE_IRQHandler
                0x0000000008001760                FLASH_IRQHandler
                0x0000000008001760                DMA2_Stream4_IRQHandler
                0x0000000008001760                USART1_IRQHandler
                0x0000000008001760                SPI3_IRQHandler
                0x0000000008001760                DMA1_Stream4_IRQHandler
                0x0000000008001760                I2C1_ER_IRQHandler
                0x0000000008001760                FMC_IRQHandler
                0x0000000008001760                LPTIM1_IRQHandler
                0x0000000008001760                I2C4_ER_IRQHandler
                0x0000000008001760                DMA2_Stream6_IRQHandler
                0x0000000008001760                SAI1_IRQHandler
                0x0000000008001760                DMA1_Stream3_IRQHandler
 *fill*         0x0000000008001762        0x2 
 .text.HAL_Init
                0x0000000008001764       0x2c ./Drivers/STM32F7xx_HAL_Driver/Src/stm32f7xx_hal.o
                0x0000000008001764                HAL_Init
 .text.HAL_IncTick
                0x0000000008001790       0x28 ./Drivers/STM32F7xx_HAL_Driver/Src/stm32f7xx_hal.o
                0x0000000008001790                HAL_IncTick
 .text.HAL_GetTick
                0x00000000080017b8       0x18 ./Drivers/STM32F7xx_HAL_Driver/Src/stm32f7xx_hal.o
                0x00000000080017b8                HAL_GetTick
 .text.HAL_Delay
                0x00000000080017d0       0x48 ./Drivers/STM32F7xx_HAL_Driver/Src/stm32f7xx_hal.o
                0x00000000080017d0                HAL_Delay
 .text.HAL_CAN_Init
                0x0000000008001818      0x1f6 ./Drivers/STM32F7xx_HAL_Driver/Src/stm32f7xx_hal_can.o
                0x0000000008001818                HAL_CAN_Init
 *fill*         0x0000000008001a0e        0x2 
 .text.__NVIC_SetPriorityGrouping
                0x0000000008001a10       0x48 ./Drivers/STM32F7xx_HAL_Driver/Src/stm32f7xx_hal_cortex.o
 .text.__NVIC_GetPriorityGrouping
                0x0000000008001a58       0x1c ./Drivers/STM32F7xx_HAL_Driver/Src/stm32f7xx_hal_cortex.o
 .text.__NVIC_EnableIRQ
                0x0000000008001a74       0x3c ./Drivers/STM32F7xx_HAL_Driver/Src/stm32f7xx_hal_cortex.o
 .text.__NVIC_SetPriority
                0x0000000008001ab0       0x54 ./Drivers/STM32F7xx_HAL_Driver/Src/stm32f7xx_hal_cortex.o
 .text.NVIC_EncodePriority
                0x0000000008001b04       0x66 ./Drivers/STM32F7xx_HAL_Driver/Src/stm32f7xx_hal_cortex.o
 .text.HAL_NVIC_SetPriorityGrouping
                0x0000000008001b6a       0x16 ./Drivers/STM32F7xx_HAL_Driver/Src/stm32f7xx_hal_cortex.o
                0x0000000008001b6a                HAL_NVIC_SetPriorityGrouping
 .text.HAL_NVIC_SetPriority
                0x0000000008001b80       0x38 ./Drivers/STM32F7xx_HAL_Driver/Src/stm32f7xx_hal_cortex.o
                0x0000000008001b80                HAL_NVIC_SetPriority
 .text.HAL_NVIC_EnableIRQ
                0x0000000008001bb8       0x1c ./Drivers/STM32F7xx_HAL_Driver/Src/stm32f7xx_hal_cortex.o
                0x0000000008001bb8                HAL_NVIC_EnableIRQ
 .text.HAL_DAC_Init
                0x0000000008001bd4       0x44 ./Drivers/STM32F7xx_HAL_Driver/Src/stm32f7xx_hal_dac.o
                0x0000000008001bd4                HAL_DAC_Init
 .text.HAL_DAC_IRQHandler
                0x0000000008001c18       0xb4 ./Drivers/STM32F7xx_HAL_Driver/Src/stm32f7xx_hal_dac.o
                0x0000000008001c18                HAL_DAC_IRQHandler
 .text.HAL_DAC_DMAUnderrunCallbackCh1
                0x0000000008001ccc       0x14 ./Drivers/STM32F7xx_HAL_Driver/Src/stm32f7xx_hal_dac.o
                0x0000000008001ccc                HAL_DAC_DMAUnderrunCallbackCh1
 .text.HAL_DAC_ConfigChannel
                0x0000000008001ce0       0x9e ./Drivers/STM32F7xx_HAL_Driver/Src/stm32f7xx_hal_dac.o
                0x0000000008001ce0                HAL_DAC_ConfigChannel
 .text.HAL_DACEx_DMAUnderrunCallbackCh2
                0x0000000008001d7e       0x14 ./Drivers/STM32F7xx_HAL_Driver/Src/stm32f7xx_hal_dac_ex.o
                0x0000000008001d7e                HAL_DACEx_DMAUnderrunCallbackCh2
 *fill*         0x0000000008001d92        0x2 
 .text.HAL_ETH_Init
                0x0000000008001d94       0xf8 ./Drivers/STM32F7xx_HAL_Driver/Src/stm32f7xx_hal_eth.o
                0x0000000008001d94                HAL_ETH_Init
 .text.ETH_SetMACConfig
                0x0000000008001e8c      0x160 ./Drivers/STM32F7xx_HAL_Driver/Src/stm32f7xx_hal_eth.o
 .text.ETH_SetDMAConfig
                0x0000000008001fec      0x114 ./Drivers/STM32F7xx_HAL_Driver/Src/stm32f7xx_hal_eth.o
 .text.ETH_MACDMAConfig
                0x0000000008002100       0xe4 ./Drivers/STM32F7xx_HAL_Driver/Src/stm32f7xx_hal_eth.o
 .text.ETH_MACAddressConfig
                0x00000000080021e4       0x70 ./Drivers/STM32F7xx_HAL_Driver/Src/stm32f7xx_hal_eth.o
 .text.ETH_DMATxDescListInit
                0x0000000008002254       0xb2 ./Drivers/STM32F7xx_HAL_Driver/Src/stm32f7xx_hal_eth.o
 .text.ETH_DMARxDescListInit
                0x0000000008002306       0xda ./Drivers/STM32F7xx_HAL_Driver/Src/stm32f7xx_hal_eth.o
 .text.HAL_GPIO_Init
                0x00000000080023e0      0x358 ./Drivers/STM32F7xx_HAL_Driver/Src/stm32f7xx_hal_gpio.o
                0x00000000080023e0                HAL_GPIO_Init
 .text.HAL_GPIO_WritePin
                0x0000000008002738       0x32 ./Drivers/STM32F7xx_HAL_Driver/Src/stm32f7xx_hal_gpio.o
                0x0000000008002738                HAL_GPIO_WritePin
 *fill*         0x000000000800276a        0x2 
 .text.HAL_I2C_Init
                0x000000000800276c      0x120 ./Drivers/STM32F7xx_HAL_Driver/Src/stm32f7xx_hal_i2c.o
                0x000000000800276c                HAL_I2C_Init
 .text.HAL_I2CEx_ConfigAnalogFilter
                0x000000000800288c       0x96 ./Drivers/STM32F7xx_HAL_Driver/Src/stm32f7xx_hal_i2c_ex.o
                0x000000000800288c                HAL_I2CEx_ConfigAnalogFilter
 .text.HAL_I2CEx_ConfigDigitalFilter
                0x0000000008002922       0x98 ./Drivers/STM32F7xx_HAL_Driver/Src/stm32f7xx_hal_i2c_ex.o
                0x0000000008002922                HAL_I2CEx_ConfigDigitalFilter
 .text.HAL_PCD_Init
                0x00000000080029ba      0x248 ./Drivers/STM32F7xx_HAL_Driver/Src/stm32f7xx_hal_pcd.o
                0x00000000080029ba                HAL_PCD_Init
 .text.HAL_PCD_Start
                0x0000000008002c02       0x44 ./Drivers/STM32F7xx_HAL_Driver/Src/stm32f7xx_hal_pcd.o
                0x0000000008002c02                HAL_PCD_Start
 .text.HAL_PCD_IRQHandler
                0x0000000008002c46      0x998 ./Drivers/STM32F7xx_HAL_Driver/Src/stm32f7xx_hal_pcd.o
                0x0000000008002c46                HAL_PCD_IRQHandler
 .text.HAL_PCD_SetAddress
                0x00000000080035de       0x4a ./Drivers/STM32F7xx_HAL_Driver/Src/stm32f7xx_hal_pcd.o
                0x00000000080035de                HAL_PCD_SetAddress
 .text.HAL_PCD_EP_Open
                0x0000000008003628       0xd0 ./Drivers/STM32F7xx_HAL_Driver/Src/stm32f7xx_hal_pcd.o
                0x0000000008003628                HAL_PCD_EP_Open
 .text.HAL_PCD_EP_Close
                0x00000000080036f8       0x94 ./Drivers/STM32F7xx_HAL_Driver/Src/stm32f7xx_hal_pcd.o
                0x00000000080036f8                HAL_PCD_EP_Close
 .text.HAL_PCD_EP_Receive
                0x000000000800378c       0x96 ./Drivers/STM32F7xx_HAL_Driver/Src/stm32f7xx_hal_pcd.o
                0x000000000800378c                HAL_PCD_EP_Receive
 .text.HAL_PCD_EP_GetRxCount
                0x0000000008003822       0x30 ./Drivers/STM32F7xx_HAL_Driver/Src/stm32f7xx_hal_pcd.o
                0x0000000008003822                HAL_PCD_EP_GetRxCount
 .text.HAL_PCD_EP_Transmit
                0x0000000008003852       0x94 ./Drivers/STM32F7xx_HAL_Driver/Src/stm32f7xx_hal_pcd.o
                0x0000000008003852                HAL_PCD_EP_Transmit
 .text.HAL_PCD_EP_SetStall
                0x00000000080038e6       0xc8 ./Drivers/STM32F7xx_HAL_Driver/Src/stm32f7xx_hal_pcd.o
                0x00000000080038e6                HAL_PCD_EP_SetStall
 .text.HAL_PCD_EP_ClrStall
                0x00000000080039ae       0xac ./Drivers/STM32F7xx_HAL_Driver/Src/stm32f7xx_hal_pcd.o
                0x00000000080039ae                HAL_PCD_EP_ClrStall
 .text.HAL_PCD_EP_Abort
                0x0000000008003a5a       0x62 ./Drivers/STM32F7xx_HAL_Driver/Src/stm32f7xx_hal_pcd.o
                0x0000000008003a5a                HAL_PCD_EP_Abort
 .text.PCD_WriteEmptyTxFifo
                0x0000000008003abc      0x11a ./Drivers/STM32F7xx_HAL_Driver/Src/stm32f7xx_hal_pcd.o
 *fill*         0x0000000008003bd6        0x2 
 .text.PCD_EP_OutXfrComplete_int
                0x0000000008003bd8      0x1d0 ./Drivers/STM32F7xx_HAL_Driver/Src/stm32f7xx_hal_pcd.o
 .text.PCD_EP_OutSetupPacket_int
                0x0000000008003da8       0x8c ./Drivers/STM32F7xx_HAL_Driver/Src/stm32f7xx_hal_pcd.o
 .text.HAL_PCDEx_SetTxFiFo
                0x0000000008003e34       0x8e ./Drivers/STM32F7xx_HAL_Driver/Src/stm32f7xx_hal_pcd_ex.o
                0x0000000008003e34                HAL_PCDEx_SetTxFiFo
 .text.HAL_PCDEx_SetRxFiFo
                0x0000000008003ec2       0x22 ./Drivers/STM32F7xx_HAL_Driver/Src/stm32f7xx_hal_pcd_ex.o
                0x0000000008003ec2                HAL_PCDEx_SetRxFiFo
 .text.HAL_PCDEx_ActivateLPM
                0x0000000008003ee4       0x48 ./Drivers/STM32F7xx_HAL_Driver/Src/stm32f7xx_hal_pcd_ex.o
                0x0000000008003ee4                HAL_PCDEx_ActivateLPM
 .text.HAL_PWREx_EnableOverDrive
                0x0000000008003f2c       0xa0 ./Drivers/STM32F7xx_HAL_Driver/Src/stm32f7xx_hal_pwr_ex.o
                0x0000000008003f2c                HAL_PWREx_EnableOverDrive
 .text.HAL_RCC_OscConfig
                0x0000000008003fcc      0x55c ./Drivers/STM32F7xx_HAL_Driver/Src/stm32f7xx_hal_rcc.o
                0x0000000008003fcc                HAL_RCC_OscConfig
 .text.HAL_RCC_ClockConfig
                0x0000000008004528      0x1d8 ./Drivers/STM32F7xx_HAL_Driver/Src/stm32f7xx_hal_rcc.o
                0x0000000008004528                HAL_RCC_ClockConfig
 .text.HAL_RCC_GetSysClockFreq
                0x0000000008004700      0x20c ./Drivers/STM32F7xx_HAL_Driver/Src/stm32f7xx_hal_rcc.o
                0x0000000008004700                HAL_RCC_GetSysClockFreq
 .text.HAL_RCC_GetHCLKFreq
                0x000000000800490c       0x18 ./Drivers/STM32F7xx_HAL_Driver/Src/stm32f7xx_hal_rcc.o
                0x000000000800490c                HAL_RCC_GetHCLKFreq
 .text.HAL_RCC_GetPCLK1Freq
                0x0000000008004924       0x28 ./Drivers/STM32F7xx_HAL_Driver/Src/stm32f7xx_hal_rcc.o
                0x0000000008004924                HAL_RCC_GetPCLK1Freq
 .text.HAL_RCC_GetPCLK2Freq
                0x000000000800494c       0x28 ./Drivers/STM32F7xx_HAL_Driver/Src/stm32f7xx_hal_rcc.o
                0x000000000800494c                HAL_RCC_GetPCLK2Freq
 .text.HAL_RCC_GetClockConfig
                0x0000000008004974       0x64 ./Drivers/STM32F7xx_HAL_Driver/Src/stm32f7xx_hal_rcc.o
                0x0000000008004974                HAL_RCC_GetClockConfig
 .text.HAL_RCCEx_PeriphCLKConfig
                0x00000000080049d8      0x850 ./Drivers/STM32F7xx_HAL_Driver/Src/stm32f7xx_hal_rcc_ex.o
                0x00000000080049d8                HAL_RCCEx_PeriphCLKConfig
 .text.HAL_SPI_Init
                0x0000000008005228      0x156 ./Drivers/STM32F7xx_HAL_Driver/Src/stm32f7xx_hal_spi.o
                0x0000000008005228                HAL_SPI_Init
 .text.HAL_TIM_Base_Init
                0x000000000800537e       0xae ./Drivers/STM32F7xx_HAL_Driver/Src/stm32f7xx_hal_tim.o
                0x000000000800537e                HAL_TIM_Base_Init
 .text.HAL_TIM_Base_Start_IT
                0x000000000800542c       0xf0 ./Drivers/STM32F7xx_HAL_Driver/Src/stm32f7xx_hal_tim.o
                0x000000000800542c                HAL_TIM_Base_Start_IT
 .text.HAL_TIM_IC_Init
                0x000000000800551c       0xae ./Drivers/STM32F7xx_HAL_Driver/Src/stm32f7xx_hal_tim.o
                0x000000000800551c                HAL_TIM_IC_Init
 .text.HAL_TIM_IC_MspInit
                0x00000000080055ca       0x14 ./Drivers/STM32F7xx_HAL_Driver/Src/stm32f7xx_hal_tim.o
                0x00000000080055ca                HAL_TIM_IC_MspInit
 .text.HAL_TIM_IRQHandler
                0x00000000080055de      0x23e ./Drivers/STM32F7xx_HAL_Driver/Src/stm32f7xx_hal_tim.o
                0x00000000080055de                HAL_TIM_IRQHandler
 .text.HAL_TIM_IC_ConfigChannel
                0x000000000800581c      0x138 ./Drivers/STM32F7xx_HAL_Driver/Src/stm32f7xx_hal_tim.o
                0x000000000800581c                HAL_TIM_IC_ConfigChannel
 .text.HAL_TIM_ConfigClockSource
                0x0000000008005954      0x194 ./Drivers/STM32F7xx_HAL_Driver/Src/stm32f7xx_hal_tim.o
                0x0000000008005954                HAL_TIM_ConfigClockSource
 .text.HAL_TIM_OC_DelayElapsedCallback
                0x0000000008005ae8       0x14 ./Drivers/STM32F7xx_HAL_Driver/Src/stm32f7xx_hal_tim.o
                0x0000000008005ae8                HAL_TIM_OC_DelayElapsedCallback
 .text.HAL_TIM_IC_CaptureCallback
                0x0000000008005afc       0x14 ./Drivers/STM32F7xx_HAL_Driver/Src/stm32f7xx_hal_tim.o
                0x0000000008005afc                HAL_TIM_IC_CaptureCallback
 .text.HAL_TIM_PWM_PulseFinishedCallback
                0x0000000008005b10       0x14 ./Drivers/STM32F7xx_HAL_Driver/Src/stm32f7xx_hal_tim.o
                0x0000000008005b10                HAL_TIM_PWM_PulseFinishedCallback
 .text.HAL_TIM_TriggerCallback
                0x0000000008005b24       0x14 ./Drivers/STM32F7xx_HAL_Driver/Src/stm32f7xx_hal_tim.o
                0x0000000008005b24                HAL_TIM_TriggerCallback
 .text.TIM_Base_SetConfig
                0x0000000008005b38      0x140 ./Drivers/STM32F7xx_HAL_Driver/Src/stm32f7xx_hal_tim.o
                0x0000000008005b38                TIM_Base_SetConfig
 .text.TIM_TI1_SetConfig
                0x0000000008005c78       0xe8 ./Drivers/STM32F7xx_HAL_Driver/Src/stm32f7xx_hal_tim.o
                0x0000000008005c78                TIM_TI1_SetConfig
 .text.TIM_TI1_ConfigInputStage
                0x0000000008005d60       0x5e ./Drivers/STM32F7xx_HAL_Driver/Src/stm32f7xx_hal_tim.o
 .text.TIM_TI2_SetConfig
                0x0000000008005dbe       0x7a ./Drivers/STM32F7xx_HAL_Driver/Src/stm32f7xx_hal_tim.o
 .text.TIM_TI2_ConfigInputStage
                0x0000000008005e38       0x60 ./Drivers/STM32F7xx_HAL_Driver/Src/stm32f7xx_hal_tim.o
 .text.TIM_TI3_SetConfig
                0x0000000008005e98       0x78 ./Drivers/STM32F7xx_HAL_Driver/Src/stm32f7xx_hal_tim.o
 .text.TIM_TI4_SetConfig
                0x0000000008005f10       0x7a ./Drivers/STM32F7xx_HAL_Driver/Src/stm32f7xx_hal_tim.o
 .text.TIM_ITRx_SetConfig
                0x0000000008005f8a       0x36 ./Drivers/STM32F7xx_HAL_Driver/Src/stm32f7xx_hal_tim.o
 .text.TIM_ETR_SetConfig
                0x0000000008005fc0       0x40 ./Drivers/STM32F7xx_HAL_Driver/Src/stm32f7xx_hal_tim.o
                0x0000000008005fc0                TIM_ETR_SetConfig
 .text.HAL_TIMEx_MasterConfigSynchronization
                0x0000000008006000      0x11c ./Drivers/STM32F7xx_HAL_Driver/Src/stm32f7xx_hal_tim_ex.o
                0x0000000008006000                HAL_TIMEx_MasterConfigSynchronization
 .text.HAL_TIMEx_CommutCallback
                0x000000000800611c       0x14 ./Drivers/STM32F7xx_HAL_Driver/Src/stm32f7xx_hal_tim_ex.o
                0x000000000800611c                HAL_TIMEx_CommutCallback
 .text.HAL_TIMEx_BreakCallback
                0x0000000008006130       0x14 ./Drivers/STM32F7xx_HAL_Driver/Src/stm32f7xx_hal_tim_ex.o
                0x0000000008006130                HAL_TIMEx_BreakCallback
 .text.HAL_TIMEx_Break2Callback
                0x0000000008006144       0x14 ./Drivers/STM32F7xx_HAL_Driver/Src/stm32f7xx_hal_tim_ex.o
                0x0000000008006144                HAL_TIMEx_Break2Callback
 .text.HAL_UART_Init
                0x0000000008006158       0x9c ./Drivers/STM32F7xx_HAL_Driver/Src/stm32f7xx_hal_uart.o
                0x0000000008006158                HAL_UART_Init
 .text.UART_SetConfig
                0x00000000080061f4      0x4c8 ./Drivers/STM32F7xx_HAL_Driver/Src/stm32f7xx_hal_uart.o
                0x00000000080061f4                UART_SetConfig
 .text.UART_AdvFeatureConfig
                0x00000000080066bc      0x144 ./Drivers/STM32F7xx_HAL_Driver/Src/stm32f7xx_hal_uart.o
                0x00000000080066bc                UART_AdvFeatureConfig
 .text.UART_CheckIdleState
                0x0000000008006800       0x9a ./Drivers/STM32F7xx_HAL_Driver/Src/stm32f7xx_hal_uart.o
                0x0000000008006800                UART_CheckIdleState
 .text.UART_WaitOnFlagUntilTimeout
                0x000000000800689a      0x18c ./Drivers/STM32F7xx_HAL_Driver/Src/stm32f7xx_hal_uart.o
                0x000000000800689a                UART_WaitOnFlagUntilTimeout
 *fill*         0x0000000008006a26        0x2 
 .text.USB_CoreInit
                0x0000000008006a28       0xb0 ./Drivers/STM32F7xx_HAL_Driver/Src/stm32f7xx_ll_usb.o
                0x0000000008006a28                USB_CoreInit
 .text.USB_SetTurnaroundTime
                0x0000000008006ad8      0x144 ./Drivers/STM32F7xx_HAL_Driver/Src/stm32f7xx_ll_usb.o
                0x0000000008006ad8                USB_SetTurnaroundTime
 .text.USB_EnableGlobalInt
                0x0000000008006c1c       0x22 ./Drivers/STM32F7xx_HAL_Driver/Src/stm32f7xx_ll_usb.o
                0x0000000008006c1c                USB_EnableGlobalInt
 .text.USB_DisableGlobalInt
                0x0000000008006c3e       0x22 ./Drivers/STM32F7xx_HAL_Driver/Src/stm32f7xx_ll_usb.o
                0x0000000008006c3e                USB_DisableGlobalInt
 .text.USB_SetCurrentMode
                0x0000000008006c60       0x98 ./Drivers/STM32F7xx_HAL_Driver/Src/stm32f7xx_ll_usb.o
                0x0000000008006c60                USB_SetCurrentMode
 .text.USB_DevInit
                0x0000000008006cf8      0x2bc ./Drivers/STM32F7xx_HAL_Driver/Src/stm32f7xx_ll_usb.o
                0x0000000008006cf8                USB_DevInit
 .text.USB_FlushTxFifo
                0x0000000008006fb4       0x68 ./Drivers/STM32F7xx_HAL_Driver/Src/stm32f7xx_ll_usb.o
                0x0000000008006fb4                USB_FlushTxFifo
 .text.USB_FlushRxFifo
                0x000000000800701c       0x60 ./Drivers/STM32F7xx_HAL_Driver/Src/stm32f7xx_ll_usb.o
                0x000000000800701c                USB_FlushRxFifo
 .text.USB_SetDevSpeed
                0x000000000800707c       0x32 ./Drivers/STM32F7xx_HAL_Driver/Src/stm32f7xx_ll_usb.o
                0x000000000800707c                USB_SetDevSpeed
 .text.USB_GetDevSpeed
                0x00000000080070ae       0x4a ./Drivers/STM32F7xx_HAL_Driver/Src/stm32f7xx_ll_usb.o
                0x00000000080070ae                USB_GetDevSpeed
 .text.USB_ActivateEndpoint
                0x00000000080070f8      0x110 ./Drivers/STM32F7xx_HAL_Driver/Src/stm32f7xx_ll_usb.o
                0x00000000080070f8                USB_ActivateEndpoint
 .text.USB_DeactivateEndpoint
                0x0000000008007208      0x1b8 ./Drivers/STM32F7xx_HAL_Driver/Src/stm32f7xx_ll_usb.o
                0x0000000008007208                USB_DeactivateEndpoint
 .text.USB_EPStartXfer
                0x00000000080073c0      0x4a0 ./Drivers/STM32F7xx_HAL_Driver/Src/stm32f7xx_ll_usb.o
                0x00000000080073c0                USB_EPStartXfer
 .text.USB_EP0StartXfer
                0x0000000008007860      0x2b8 ./Drivers/STM32F7xx_HAL_Driver/Src/stm32f7xx_ll_usb.o
                0x0000000008007860                USB_EP0StartXfer
 .text.USB_EPStopXfer
                0x0000000008007b18      0x154 ./Drivers/STM32F7xx_HAL_Driver/Src/stm32f7xx_ll_usb.o
                0x0000000008007b18                USB_EPStopXfer
 .text.USB_WritePacket
                0x0000000008007c6c       0x7c ./Drivers/STM32F7xx_HAL_Driver/Src/stm32f7xx_ll_usb.o
                0x0000000008007c6c                USB_WritePacket
 .text.USB_ReadPacket
                0x0000000008007ce8       0xb0 ./Drivers/STM32F7xx_HAL_Driver/Src/stm32f7xx_ll_usb.o
                0x0000000008007ce8                USB_ReadPacket
 .text.USB_EPSetStall
                0x0000000008007d98       0xdc ./Drivers/STM32F7xx_HAL_Driver/Src/stm32f7xx_ll_usb.o
                0x0000000008007d98                USB_EPSetStall
 .text.USB_EPClearStall
                0x0000000008007e74       0xcc ./Drivers/STM32F7xx_HAL_Driver/Src/stm32f7xx_ll_usb.o
                0x0000000008007e74                USB_EPClearStall
 .text.USB_SetDevAddress
                0x0000000008007f40       0x4c ./Drivers/STM32F7xx_HAL_Driver/Src/stm32f7xx_ll_usb.o
                0x0000000008007f40                USB_SetDevAddress
 .text.USB_DevConnect
                0x0000000008007f8c       0x42 ./Drivers/STM32F7xx_HAL_Driver/Src/stm32f7xx_ll_usb.o
                0x0000000008007f8c                USB_DevConnect
 .text.USB_DevDisconnect
                0x0000000008007fce       0x42 ./Drivers/STM32F7xx_HAL_Driver/Src/stm32f7xx_ll_usb.o
                0x0000000008007fce                USB_DevDisconnect
 .text.USB_ReadInterrupts
                0x0000000008008010       0x26 ./Drivers/STM32F7xx_HAL_Driver/Src/stm32f7xx_ll_usb.o
                0x0000000008008010                USB_ReadInterrupts
 .text.USB_ReadDevAllOutEpInterrupt
                0x0000000008008036       0x34 ./Drivers/STM32F7xx_HAL_Driver/Src/stm32f7xx_ll_usb.o
                0x0000000008008036                USB_ReadDevAllOutEpInterrupt
 .text.USB_ReadDevAllInEpInterrupt
                0x000000000800806a       0x34 ./Drivers/STM32F7xx_HAL_Driver/Src/stm32f7xx_ll_usb.o
                0x000000000800806a                USB_ReadDevAllInEpInterrupt
 .text.USB_ReadDevOutEPInterrupt
                0x000000000800809e       0x3c ./Drivers/STM32F7xx_HAL_Driver/Src/stm32f7xx_ll_usb.o
                0x000000000800809e                USB_ReadDevOutEPInterrupt
 .text.USB_ReadDevInEPInterrupt
                0x00000000080080da       0x5c ./Drivers/STM32F7xx_HAL_Driver/Src/stm32f7xx_ll_usb.o
                0x00000000080080da                USB_ReadDevInEPInterrupt
 .text.USB_GetMode
                0x0000000008008136       0x1c ./Drivers/STM32F7xx_HAL_Driver/Src/stm32f7xx_ll_usb.o
                0x0000000008008136                USB_GetMode
 *fill*         0x0000000008008152        0x2 
 .text.USB_ActivateSetup
                0x0000000008008154       0x48 ./Drivers/STM32F7xx_HAL_Driver/Src/stm32f7xx_ll_usb.o
                0x0000000008008154                USB_ActivateSetup
 .text.USB_EP0_OutStart
                0x000000000800819c       0xbc ./Drivers/STM32F7xx_HAL_Driver/Src/stm32f7xx_ll_usb.o
                0x000000000800819c                USB_EP0_OutStart
 .text.USB_CoreReset
                0x0000000008008258       0x68 ./Drivers/STM32F7xx_HAL_Driver/Src/stm32f7xx_ll_usb.o
 .text.USBD_CDC_Init
                0x00000000080082c0      0x1f0 ./Middlewares/ST/STM32_USB_Device_Library/Class/CDC/Src/usbd_cdc.o
 .text.USBD_CDC_DeInit
                0x00000000080084b0      0x104 ./Middlewares/ST/STM32_USB_Device_Library/Class/CDC/Src/usbd_cdc.o
 .text.USBD_CDC_Setup
                0x00000000080085b4      0x1b8 ./Middlewares/ST/STM32_USB_Device_Library/Class/CDC/Src/usbd_cdc.o
 .text.USBD_CDC_DataIn
                0x000000000800876c       0xfe ./Middlewares/ST/STM32_USB_Device_Library/Class/CDC/Src/usbd_cdc.o
 .text.USBD_CDC_DataOut
                0x000000000800886a       0x70 ./Middlewares/ST/STM32_USB_Device_Library/Class/CDC/Src/usbd_cdc.o
 .text.USBD_CDC_EP0_RxReady
                0x00000000080088da       0x76 ./Middlewares/ST/STM32_USB_Device_Library/Class/CDC/Src/usbd_cdc.o
 .text.USBD_CDC_GetFSCfgDesc
                0x0000000008008950       0x70 ./Middlewares/ST/STM32_USB_Device_Library/Class/CDC/Src/usbd_cdc.o
 .text.USBD_CDC_GetHSCfgDesc
                0x00000000080089c0       0x70 ./Middlewares/ST/STM32_USB_Device_Library/Class/CDC/Src/usbd_cdc.o
 .text.USBD_CDC_GetOtherSpeedCfgDesc
                0x0000000008008a30       0x70 ./Middlewares/ST/STM32_USB_Device_Library/Class/CDC/Src/usbd_cdc.o
 .text.USBD_CDC_GetDeviceQualifierDescriptor
                0x0000000008008aa0       0x20 ./Middlewares/ST/STM32_USB_Device_Library/Class/CDC/Src/usbd_cdc.o
                0x0000000008008aa0                USBD_CDC_GetDeviceQualifierDescriptor
 .text.USBD_CDC_RegisterInterface
                0x0000000008008ac0       0x34 ./Middlewares/ST/STM32_USB_Device_Library/Class/CDC/Src/usbd_cdc.o
                0x0000000008008ac0                USBD_CDC_RegisterInterface
 .text.USBD_CDC_SetTxBuffer
                0x0000000008008af4       0x44 ./Middlewares/ST/STM32_USB_Device_Library/Class/CDC/Src/usbd_cdc.o
                0x0000000008008af4                USBD_CDC_SetTxBuffer
 .text.USBD_CDC_SetRxBuffer
                0x0000000008008b38       0x3a ./Middlewares/ST/STM32_USB_Device_Library/Class/CDC/Src/usbd_cdc.o
                0x0000000008008b38                USBD_CDC_SetRxBuffer
 *fill*         0x0000000008008b72        0x2 
 .text.USBD_CDC_ReceivePacket
                0x0000000008008b74       0x6c ./Middlewares/ST/STM32_USB_Device_Library/Class/CDC/Src/usbd_cdc.o
                0x0000000008008b74                USBD_CDC_ReceivePacket
 .text.USBD_Init
                0x0000000008008be0       0x60 ./Middlewares/ST/STM32_USB_Device_Library/Core/Src/usbd_core.o
                0x0000000008008be0                USBD_Init
 .text.USBD_RegisterClass
                0x0000000008008c40       0x6c ./Middlewares/ST/STM32_USB_Device_Library/Core/Src/usbd_core.o
                0x0000000008008c40                USBD_RegisterClass
 .text.USBD_Start
                0x0000000008008cac       0x18 ./Middlewares/ST/STM32_USB_Device_Library/Core/Src/usbd_core.o
                0x0000000008008cac                USBD_Start
 .text.USBD_RunTestMode
                0x0000000008008cc4       0x16 ./Middlewares/ST/STM32_USB_Device_Library/Core/Src/usbd_core.o
                0x0000000008008cc4                USBD_RunTestMode
 .text.USBD_SetClassConfig
                0x0000000008008cda       0x38 ./Middlewares/ST/STM32_USB_Device_Library/Core/Src/usbd_core.o
                0x0000000008008cda                USBD_SetClassConfig
 .text.USBD_ClrClassConfig
                0x0000000008008d12       0x34 ./Middlewares/ST/STM32_USB_Device_Library/Core/Src/usbd_core.o
                0x0000000008008d12                USBD_ClrClassConfig
 .text.USBD_LL_SetupStage
                0x0000000008008d46       0xaa ./Middlewares/ST/STM32_USB_Device_Library/Core/Src/usbd_core.o
                0x0000000008008d46                USBD_LL_SetupStage
 .text.USBD_LL_DataOutStage
                0x0000000008008df0      0x166 ./Middlewares/ST/STM32_USB_Device_Library/Core/Src/usbd_core.o
                0x0000000008008df0                USBD_LL_DataOutStage
 .text.USBD_LL_DataInStage
                0x0000000008008f56      0x164 ./Middlewares/ST/STM32_USB_Device_Library/Core/Src/usbd_core.o
                0x0000000008008f56                USBD_LL_DataInStage
 .text.USBD_LL_Reset
                0x00000000080090ba       0xa4 ./Middlewares/ST/STM32_USB_Device_Library/Core/Src/usbd_core.o
                0x00000000080090ba                USBD_LL_Reset
 .text.USBD_LL_SetSpeed
                0x000000000800915e       0x20 ./Middlewares/ST/STM32_USB_Device_Library/Core/Src/usbd_core.o
                0x000000000800915e                USBD_LL_SetSpeed
 .text.USBD_LL_Suspend
                0x000000000800917e       0x2c ./Middlewares/ST/STM32_USB_Device_Library/Core/Src/usbd_core.o
                0x000000000800917e                USBD_LL_Suspend
 .text.USBD_LL_Resume
                0x00000000080091aa       0x30 ./Middlewares/ST/STM32_USB_Device_Library/Core/Src/usbd_core.o
                0x00000000080091aa                USBD_LL_Resume
 .text.USBD_LL_SOF
                0x00000000080091da       0x40 ./Middlewares/ST/STM32_USB_Device_Library/Core/Src/usbd_core.o
                0x00000000080091da                USBD_LL_SOF
 .text.USBD_LL_IsoINIncomplete
                0x000000000800921a       0x64 ./Middlewares/ST/STM32_USB_Device_Library/Core/Src/usbd_core.o
                0x000000000800921a                USBD_LL_IsoINIncomplete
 .text.USBD_LL_IsoOUTIncomplete
                0x000000000800927e       0x64 ./Middlewares/ST/STM32_USB_Device_Library/Core/Src/usbd_core.o
                0x000000000800927e                USBD_LL_IsoOUTIncomplete
 .text.USBD_LL_DevConnected
                0x00000000080092e2       0x16 ./Middlewares/ST/STM32_USB_Device_Library/Core/Src/usbd_core.o
                0x00000000080092e2                USBD_LL_DevConnected
 .text.USBD_LL_DevDisconnected
                0x00000000080092f8       0x46 ./Middlewares/ST/STM32_USB_Device_Library/Core/Src/usbd_core.o
                0x00000000080092f8                USBD_LL_DevDisconnected
 .text.USBD_CoreFindIF
                0x000000000800933e       0x1a ./Middlewares/ST/STM32_USB_Device_Library/Core/Src/usbd_core.o
                0x000000000800933e                USBD_CoreFindIF
 .text.USBD_CoreFindEP
                0x0000000008009358       0x1a ./Middlewares/ST/STM32_USB_Device_Library/Core/Src/usbd_core.o
                0x0000000008009358                USBD_CoreFindEP
 .text.USBD_GetEpDesc
                0x0000000008009372       0x74 ./Middlewares/ST/STM32_USB_Device_Library/Core/Src/usbd_core.o
                0x0000000008009372                USBD_GetEpDesc
 .text.USBD_GetNextDesc
                0x00000000080093e6       0x3a ./Middlewares/ST/STM32_USB_Device_Library/Core/Src/usbd_core.o
                0x00000000080093e6                USBD_GetNextDesc
 .text.SWAPBYTE
                0x0000000008009420       0x3c ./Middlewares/ST/STM32_USB_Device_Library/Core/Src/usbd_ctlreq.o
 .text.USBD_StdDevReq
                0x000000000800945c       0xe4 ./Middlewares/ST/STM32_USB_Device_Library/Core/Src/usbd_ctlreq.o
                0x000000000800945c                USBD_StdDevReq
 .text.USBD_StdItfReq
                0x0000000008009540       0xd8 ./Middlewares/ST/STM32_USB_Device_Library/Core/Src/usbd_ctlreq.o
                0x0000000008009540                USBD_StdItfReq
 .text.USBD_StdEPReq
                0x0000000008009618      0x33a ./Middlewares/ST/STM32_USB_Device_Library/Core/Src/usbd_ctlreq.o
                0x0000000008009618                USBD_StdEPReq
 *fill*         0x0000000008009952        0x2 
 .text.USBD_GetDescriptor
                0x0000000008009954      0x328 ./Middlewares/ST/STM32_USB_Device_Library/Core/Src/usbd_ctlreq.o
 .text.USBD_SetAddress
                0x0000000008009c7c       0x88 ./Middlewares/ST/STM32_USB_Device_Library/Core/Src/usbd_ctlreq.o
 .text.USBD_SetConfig
                0x0000000008009d04      0x154 ./Middlewares/ST/STM32_USB_Device_Library/Core/Src/usbd_ctlreq.o
 .text.USBD_GetConfig
                0x0000000008009e58       0x6c ./Middlewares/ST/STM32_USB_Device_Library/Core/Src/usbd_ctlreq.o
 .text.USBD_GetStatus
                0x0000000008009ec4       0x68 ./Middlewares/ST/STM32_USB_Device_Library/Core/Src/usbd_ctlreq.o
 .text.USBD_SetFeature
                0x0000000008009f2c       0x52 ./Middlewares/ST/STM32_USB_Device_Library/Core/Src/usbd_ctlreq.o
 .text.USBD_ClrFeature
                0x0000000008009f7e       0x44 ./Middlewares/ST/STM32_USB_Device_Library/Core/Src/usbd_ctlreq.o
 .text.USBD_ParseSetupRequest
                0x0000000008009fc2       0x74 ./Middlewares/ST/STM32_USB_Device_Library/Core/Src/usbd_ctlreq.o
                0x0000000008009fc2                USBD_ParseSetupRequest
 .text.USBD_CtlError
                0x000000000800a036       0x22 ./Middlewares/ST/STM32_USB_Device_Library/Core/Src/usbd_ctlreq.o
                0x000000000800a036                USBD_CtlError
 .text.USBD_GetString
                0x000000000800a058       0x8c ./Middlewares/ST/STM32_USB_Device_Library/Core/Src/usbd_ctlreq.o
                0x000000000800a058                USBD_GetString
 .text.USBD_GetLen
                0x000000000800a0e4       0x34 ./Middlewares/ST/STM32_USB_Device_Library/Core/Src/usbd_ctlreq.o
 .text.USBD_CtlSendData
                0x000000000800a118       0x36 ./Middlewares/ST/STM32_USB_Device_Library/Core/Src/usbd_ioreq.o
                0x000000000800a118                USBD_CtlSendData
 .text.USBD_CtlContinueSendData
                0x000000000800a14e       0x22 ./Middlewares/ST/STM32_USB_Device_Library/Core/Src/usbd_ioreq.o
                0x000000000800a14e                USBD_CtlContinueSendData
 .text.USBD_CtlPrepareRx
                0x000000000800a170       0x3a ./Middlewares/ST/STM32_USB_Device_Library/Core/Src/usbd_ioreq.o
                0x000000000800a170                USBD_CtlPrepareRx
 .text.USBD_CtlContinueRx
                0x000000000800a1aa       0x22 ./Middlewares/ST/STM32_USB_Device_Library/Core/Src/usbd_ioreq.o
                0x000000000800a1aa                USBD_CtlContinueRx
 .text.USBD_CtlSendStatus
                0x000000000800a1cc       0x26 ./Middlewares/ST/STM32_USB_Device_Library/Core/Src/usbd_ioreq.o
                0x000000000800a1cc                USBD_CtlSendStatus
 .text.USBD_CtlReceiveStatus
                0x000000000800a1f2       0x26 ./Middlewares/ST/STM32_USB_Device_Library/Core/Src/usbd_ioreq.o
                0x000000000800a1f2                USBD_CtlReceiveStatus
 .text.SVC_Setup
                0x000000000800a218        0xe ./Middlewares/Third_Party/FreeRTOS/Source/CMSIS_RTOS_V2/cmsis_os2.o
 *fill*         0x000000000800a226        0x2 
 .text.osKernelInitialize
                0x000000000800a228       0x68 ./Middlewares/Third_Party/FreeRTOS/Source/CMSIS_RTOS_V2/cmsis_os2.o
                0x000000000800a228                osKernelInitialize
 .text.osKernelStart
                0x000000000800a290       0x6c ./Middlewares/Third_Party/FreeRTOS/Source/CMSIS_RTOS_V2/cmsis_os2.o
                0x000000000800a290                osKernelStart
 .text.osThreadNew
                0x000000000800a2fc      0x14c ./Middlewares/Third_Party/FreeRTOS/Source/CMSIS_RTOS_V2/cmsis_os2.o
                0x000000000800a2fc                osThreadNew
 .text.osDelay  0x000000000800a448       0x5c ./Middlewares/Third_Party/FreeRTOS/Source/CMSIS_RTOS_V2/cmsis_os2.o
                0x000000000800a448                osDelay
 .text.vApplicationGetIdleTaskMemory
                0x000000000800a4a4       0x34 ./Middlewares/Third_Party/FreeRTOS/Source/CMSIS_RTOS_V2/cmsis_os2.o
                0x000000000800a4a4                vApplicationGetIdleTaskMemory
 .text.vApplicationGetTimerTaskMemory
                0x000000000800a4d8       0x34 ./Middlewares/Third_Party/FreeRTOS/Source/CMSIS_RTOS_V2/cmsis_os2.o
                0x000000000800a4d8                vApplicationGetTimerTaskMemory
 .text.vListInitialise
                0x000000000800a50c       0x40 ./Middlewares/Third_Party/FreeRTOS/Source/list.o
                0x000000000800a50c                vListInitialise
 .text.vListInitialiseItem
                0x000000000800a54c       0x1a ./Middlewares/Third_Party/FreeRTOS/Source/list.o
                0x000000000800a54c                vListInitialiseItem
 .text.vListInsertEnd
                0x000000000800a566       0x48 ./Middlewares/Third_Party/FreeRTOS/Source/list.o
                0x000000000800a566                vListInsertEnd
 .text.vListInsert
                0x000000000800a5ae       0x72 ./Middlewares/Third_Party/FreeRTOS/Source/list.o
                0x000000000800a5ae                vListInsert
 .text.uxListRemove
                0x000000000800a620       0x54 ./Middlewares/Third_Party/FreeRTOS/Source/list.o
                0x000000000800a620                uxListRemove
 .text.xQueueGenericReset
                0x000000000800a674       0xd4 ./Middlewares/Third_Party/FreeRTOS/Source/queue.o
                0x000000000800a674                xQueueGenericReset
 .text.xQueueGenericCreateStatic
                0x000000000800a748      0x104 ./Middlewares/Third_Party/FreeRTOS/Source/queue.o
                0x000000000800a748                xQueueGenericCreateStatic
 .text.prvInitialiseNewQueue
                0x000000000800a84c       0x46 ./Middlewares/Third_Party/FreeRTOS/Source/queue.o
 *fill*         0x000000000800a892        0x2 
 .text.xQueueGenericSend
                0x000000000800a894      0x20c ./Middlewares/Third_Party/FreeRTOS/Source/queue.o
                0x000000000800a894                xQueueGenericSend
 .text.xQueueGenericSendFromISR
                0x000000000800aaa0      0x140 ./Middlewares/Third_Party/FreeRTOS/Source/queue.o
                0x000000000800aaa0                xQueueGenericSendFromISR
 .text.xQueueReceive
                0x000000000800abe0      0x1cc ./Middlewares/Third_Party/FreeRTOS/Source/queue.o
                0x000000000800abe0                xQueueReceive
 .text.prvCopyDataToQueue
                0x000000000800adac       0xd4 ./Middlewares/Third_Party/FreeRTOS/Source/queue.o
 .text.prvCopyDataFromQueue
                0x000000000800ae80       0x4c ./Middlewares/Third_Party/FreeRTOS/Source/queue.o
 .text.prvUnlockQueue
                0x000000000800aecc       0xa4 ./Middlewares/Third_Party/FreeRTOS/Source/queue.o
 .text.prvIsQueueEmpty
                0x000000000800af70       0x2c ./Middlewares/Third_Party/FreeRTOS/Source/queue.o
 .text.prvIsQueueFull
                0x000000000800af9c       0x30 ./Middlewares/Third_Party/FreeRTOS/Source/queue.o
 .text.vQueueAddToRegistry
                0x000000000800afcc       0x54 ./Middlewares/Third_Party/FreeRTOS/Source/queue.o
                0x000000000800afcc                vQueueAddToRegistry
 .text.vQueueWaitForMessageRestricted
                0x000000000800b020       0x68 ./Middlewares/Third_Party/FreeRTOS/Source/queue.o
                0x000000000800b020                vQueueWaitForMessageRestricted
 .text.xTaskCreateStatic
                0x000000000800b088       0xc6 ./Middlewares/Third_Party/FreeRTOS/Source/tasks.o
                0x000000000800b088                xTaskCreateStatic
 .text.xTaskCreate
                0x000000000800b14e       0x8a ./Middlewares/Third_Party/FreeRTOS/Source/tasks.o
                0x000000000800b14e                xTaskCreate
 .text.prvInitialiseNewTask
                0x000000000800b1d8      0x150 ./Middlewares/Third_Party/FreeRTOS/Source/tasks.o
 .text.prvAddNewTaskToReadyList
                0x000000000800b328       0xe0 ./Middlewares/Third_Party/FreeRTOS/Source/tasks.o
 .text.vTaskDelay
                0x000000000800b408       0x6c ./Middlewares/Third_Party/FreeRTOS/Source/tasks.o
                0x000000000800b408                vTaskDelay
 .text.vTaskStartScheduler
                0x000000000800b474       0xe8 ./Middlewares/Third_Party/FreeRTOS/Source/tasks.o
                0x000000000800b474                vTaskStartScheduler
 .text.vTaskSuspendAll
                0x000000000800b55c       0x1c ./Middlewares/Third_Party/FreeRTOS/Source/tasks.o
                0x000000000800b55c                vTaskSuspendAll
 .text.xTaskResumeAll
                0x000000000800b578      0x140 ./Middlewares/Third_Party/FreeRTOS/Source/tasks.o
                0x000000000800b578                xTaskResumeAll
 .text.xTaskGetTickCount
                0x000000000800b6b8       0x20 ./Middlewares/Third_Party/FreeRTOS/Source/tasks.o
                0x000000000800b6b8                xTaskGetTickCount
 .text.xTaskIncrementTick
                0x000000000800b6d8      0x178 ./Middlewares/Third_Party/FreeRTOS/Source/tasks.o
                0x000000000800b6d8                xTaskIncrementTick
 .text.vTaskSwitchContext
                0x000000000800b850       0xcc ./Middlewares/Third_Party/FreeRTOS/Source/tasks.o
                0x000000000800b850                vTaskSwitchContext
 .text.vTaskPlaceOnEventList
                0x000000000800b91c       0x4c ./Middlewares/Third_Party/FreeRTOS/Source/tasks.o
                0x000000000800b91c                vTaskPlaceOnEventList
 .text.vTaskPlaceOnEventListRestricted
                0x000000000800b968       0x5c ./Middlewares/Third_Party/FreeRTOS/Source/tasks.o
                0x000000000800b968                vTaskPlaceOnEventListRestricted
 .text.xTaskRemoveFromEventList
                0x000000000800b9c4       0xcc ./Middlewares/Third_Party/FreeRTOS/Source/tasks.o
                0x000000000800b9c4                xTaskRemoveFromEventList
 .text.vTaskInternalSetTimeOutState
                0x000000000800ba90       0x2c ./Middlewares/Third_Party/FreeRTOS/Source/tasks.o
                0x000000000800ba90                vTaskInternalSetTimeOutState
 .text.xTaskCheckForTimeOut
                0x000000000800babc       0xcc ./Middlewares/Third_Party/FreeRTOS/Source/tasks.o
                0x000000000800babc                xTaskCheckForTimeOut
 .text.vTaskMissedYield
                0x000000000800bb88       0x18 ./Middlewares/Third_Party/FreeRTOS/Source/tasks.o
                0x000000000800bb88                vTaskMissedYield
 .text.prvIdleTask
                0x000000000800bba0       0x30 ./Middlewares/Third_Party/FreeRTOS/Source/tasks.o
 .text.prvInitialiseTaskLists
                0x000000000800bbd0       0x80 ./Middlewares/Third_Party/FreeRTOS/Source/tasks.o
 .text.prvCheckTasksWaitingTermination
                0x000000000800bc50       0x5c ./Middlewares/Third_Party/FreeRTOS/Source/tasks.o
 .text.prvDeleteTCB
                0x000000000800bcac       0x6c ./Middlewares/Third_Party/FreeRTOS/Source/tasks.o
 .text.prvResetNextTaskUnblockTime
                0x000000000800bd18       0x40 ./Middlewares/Third_Party/FreeRTOS/Source/tasks.o
 .text.xTaskGetSchedulerState
                0x000000000800bd58       0x3c ./Middlewares/Third_Party/FreeRTOS/Source/tasks.o
                0x000000000800bd58                xTaskGetSchedulerState
 .text.xTaskPriorityDisinherit
                0x000000000800bd94       0xe4 ./Middlewares/Third_Party/FreeRTOS/Source/tasks.o
                0x000000000800bd94                xTaskPriorityDisinherit
 .text.prvAddCurrentTaskToDelayedList
                0x000000000800be78       0xa8 ./Middlewares/Third_Party/FreeRTOS/Source/tasks.o
 .text.xTimerCreateTimerTask
                0x000000000800bf20       0x94 ./Middlewares/Third_Party/FreeRTOS/Source/timers.o
                0x000000000800bf20                xTimerCreateTimerTask
 .text.xTimerGenericCommand
                0x000000000800bfb4       0xa0 ./Middlewares/Third_Party/FreeRTOS/Source/timers.o
                0x000000000800bfb4                xTimerGenericCommand
 .text.prvProcessExpiredTimer
                0x000000000800c054       0x9c ./Middlewares/Third_Party/FreeRTOS/Source/timers.o
 .text.prvTimerTask
                0x000000000800c0f0       0x24 ./Middlewares/Third_Party/FreeRTOS/Source/timers.o
 .text.prvProcessTimerOrBlockTask
                0x000000000800c114       0x9c ./Middlewares/Third_Party/FreeRTOS/Source/timers.o
 .text.prvGetNextExpireTime
                0x000000000800c1b0       0x48 ./Middlewares/Third_Party/FreeRTOS/Source/timers.o
 .text.prvSampleTimeNow
                0x000000000800c1f8       0x40 ./Middlewares/Third_Party/FreeRTOS/Source/timers.o
 .text.prvInsertTimerInActiveList
                0x000000000800c238       0x84 ./Middlewares/Third_Party/FreeRTOS/Source/timers.o
 .text.prvProcessReceivedCommands
                0x000000000800c2bc      0x1d0 ./Middlewares/Third_Party/FreeRTOS/Source/timers.o
 .text.prvSwitchTimerLists
                0x000000000800c48c       0xcc ./Middlewares/Third_Party/FreeRTOS/Source/timers.o
 .text.prvCheckForValidListAndQueue
                0x000000000800c558       0x80 ./Middlewares/Third_Party/FreeRTOS/Source/timers.o
 .text.pxPortInitialiseStack
                0x000000000800c5d8       0x68 ./Middlewares/Third_Party/FreeRTOS/Source/portable/GCC/ARM_CM7/r0p1/port.o
                0x000000000800c5d8                pxPortInitialiseStack
 .text.prvTaskExitError
                0x000000000800c640       0x60 ./Middlewares/Third_Party/FreeRTOS/Source/portable/GCC/ARM_CM7/r0p1/port.o
 .text.SVC_Handler
                0x000000000800c6a0       0x28 ./Middlewares/Third_Party/FreeRTOS/Source/portable/GCC/ARM_CM7/r0p1/port.o
                0x000000000800c6a0                SVC_Handler
 .text.prvPortStartFirstTask
                0x000000000800c6c8       0x28 ./Middlewares/Third_Party/FreeRTOS/Source/portable/GCC/ARM_CM7/r0p1/port.o
 .text.xPortStartScheduler
                0x000000000800c6f0       0xfc ./Middlewares/Third_Party/FreeRTOS/Source/portable/GCC/ARM_CM7/r0p1/port.o
                0x000000000800c6f0                xPortStartScheduler
 .text.vPortEnterCritical
                0x000000000800c7ec       0x68 ./Middlewares/Third_Party/FreeRTOS/Source/portable/GCC/ARM_CM7/r0p1/port.o
                0x000000000800c7ec                vPortEnterCritical
 .text.vPortExitCritical
                0x000000000800c854       0x58 ./Middlewares/Third_Party/FreeRTOS/Source/portable/GCC/ARM_CM7/r0p1/port.o
                0x000000000800c854                vPortExitCritical
 *fill*         0x000000000800c8ac        0x4 
 .text.PendSV_Handler
                0x000000000800c8b0       0x68 ./Middlewares/Third_Party/FreeRTOS/Source/portable/GCC/ARM_CM7/r0p1/port.o
                0x000000000800c8b0                PendSV_Handler
 .text.SysTick_Handler
                0x000000000800c918       0x48 ./Middlewares/Third_Party/FreeRTOS/Source/portable/GCC/ARM_CM7/r0p1/port.o
                0x000000000800c918                SysTick_Handler
 .text.vPortSetupTimerInterrupt
                0x000000000800c960       0x48 ./Middlewares/Third_Party/FreeRTOS/Source/portable/GCC/ARM_CM7/r0p1/port.o
                0x000000000800c960                vPortSetupTimerInterrupt
 .text.vPortEnableVFP
                0x000000000800c9a8       0x14 ./Middlewares/Third_Party/FreeRTOS/Source/portable/GCC/ARM_CM7/r0p1/port.o
 .text.vPortValidateInterruptPriority
                0x000000000800c9bc       0x88 ./Middlewares/Third_Party/FreeRTOS/Source/portable/GCC/ARM_CM7/r0p1/port.o
                0x000000000800c9bc                vPortValidateInterruptPriority
 .text.pvPortMalloc
                0x000000000800ca44      0x194 ./Middlewares/Third_Party/FreeRTOS/Source/portable/MemMang/heap_4.o
                0x000000000800ca44                pvPortMalloc
 .text.vPortFree
                0x000000000800cbd8       0xbc ./Middlewares/Third_Party/FreeRTOS/Source/portable/MemMang/heap_4.o
                0x000000000800cbd8                vPortFree
 .text.prvHeapInit
                0x000000000800cc94       0xc4 ./Middlewares/Third_Party/FreeRTOS/Source/portable/MemMang/heap_4.o
 .text.prvInsertBlockIntoFreeList
                0x000000000800cd58       0xb4 ./Middlewares/Third_Party/FreeRTOS/Source/portable/MemMang/heap_4.o
 .text.MX_USB_DEVICE_Init
                0x000000000800ce0c       0x60 ./USB_DEVICE/App/usb_device.o
                0x000000000800ce0c                MX_USB_DEVICE_Init
 .text.CDC_Init_FS
                0x000000000800ce6c       0x28 ./USB_DEVICE/App/usbd_cdc_if.o
 .text.CDC_DeInit_FS
                0x000000000800ce94       0x10 ./USB_DEVICE/App/usbd_cdc_if.o
 .text.CDC_Control_FS
                0x000000000800cea4       0xbc ./USB_DEVICE/App/usbd_cdc_if.o
 .text.CDC_Receive_FS
                0x000000000800cf60       0x28 ./USB_DEVICE/App/usbd_cdc_if.o
 .text.CDC_TransmitCplt_FS
                0x000000000800cf88       0x22 ./USB_DEVICE/App/usbd_cdc_if.o
 *fill*         0x000000000800cfaa        0x2 
 .text.USBD_FS_DeviceDescriptor
                0x000000000800cfac       0x24 ./USB_DEVICE/App/usbd_desc.o
                0x000000000800cfac                USBD_FS_DeviceDescriptor
 .text.USBD_FS_LangIDStrDescriptor
                0x000000000800cfd0       0x24 ./USB_DEVICE/App/usbd_desc.o
                0x000000000800cfd0                USBD_FS_LangIDStrDescriptor
 .text.USBD_FS_ProductStrDescriptor
                0x000000000800cff4       0x3c ./USB_DEVICE/App/usbd_desc.o
                0x000000000800cff4                USBD_FS_ProductStrDescriptor
 .text.USBD_FS_ManufacturerStrDescriptor
                0x000000000800d030       0x28 ./USB_DEVICE/App/usbd_desc.o
                0x000000000800d030                USBD_FS_ManufacturerStrDescriptor
 .text.USBD_FS_SerialStrDescriptor
                0x000000000800d058       0x24 ./USB_DEVICE/App/usbd_desc.o
                0x000000000800d058                USBD_FS_SerialStrDescriptor
 .text.USBD_FS_ConfigStrDescriptor
                0x000000000800d07c       0x3c ./USB_DEVICE/App/usbd_desc.o
                0x000000000800d07c                USBD_FS_ConfigStrDescriptor
 .text.USBD_FS_InterfaceStrDescriptor
                0x000000000800d0b8       0x3c ./USB_DEVICE/App/usbd_desc.o
                0x000000000800d0b8                USBD_FS_InterfaceStrDescriptor
 .text.USBD_FS_USR_BOSDescriptor
                0x000000000800d0f4       0x24 ./USB_DEVICE/App/usbd_desc.o
                0x000000000800d0f4                USBD_FS_USR_BOSDescriptor
 .text.Get_SerialNum
                0x000000000800d118       0x58 ./USB_DEVICE/App/usbd_desc.o
 .text.IntToUnicode
                0x000000000800d170       0x7e ./USB_DEVICE/App/usbd_desc.o
 *fill*         0x000000000800d1ee        0x2 
 .text.HAL_PCD_MspInit
                0x000000000800d1f0       0xe4 ./USB_DEVICE/Target/usbd_conf.o
                0x000000000800d1f0                HAL_PCD_MspInit
 .text.HAL_PCD_SetupStageCallback
                0x000000000800d2d4       0x24 ./USB_DEVICE/Target/usbd_conf.o
                0x000000000800d2d4                HAL_PCD_SetupStageCallback
 .text.HAL_PCD_DataOutStageCallback
                0x000000000800d2f8       0x36 ./USB_DEVICE/Target/usbd_conf.o
                0x000000000800d2f8                HAL_PCD_DataOutStageCallback
 .text.HAL_PCD_DataInStageCallback
                0x000000000800d32e       0x34 ./USB_DEVICE/Target/usbd_conf.o
                0x000000000800d32e                HAL_PCD_DataInStageCallback
 .text.HAL_PCD_SOFCallback
                0x000000000800d362       0x1c ./USB_DEVICE/Target/usbd_conf.o
                0x000000000800d362                HAL_PCD_SOFCallback
 .text.HAL_PCD_ResetCallback
                0x000000000800d37e       0x50 ./USB_DEVICE/Target/usbd_conf.o
                0x000000000800d37e                HAL_PCD_ResetCallback
 *fill*         0x000000000800d3ce        0x2 
 .text.HAL_PCD_SuspendCallback
                0x000000000800d3d0       0x4c ./USB_DEVICE/Target/usbd_conf.o
                0x000000000800d3d0                HAL_PCD_SuspendCallback
 .text.HAL_PCD_ResumeCallback
                0x000000000800d41c       0x1c ./USB_DEVICE/Target/usbd_conf.o
                0x000000000800d41c                HAL_PCD_ResumeCallback
 .text.HAL_PCD_ISOOUTIncompleteCallback
                0x000000000800d438       0x24 ./USB_DEVICE/Target/usbd_conf.o
                0x000000000800d438                HAL_PCD_ISOOUTIncompleteCallback
 .text.HAL_PCD_ISOINIncompleteCallback
                0x000000000800d45c       0x24 ./USB_DEVICE/Target/usbd_conf.o
                0x000000000800d45c                HAL_PCD_ISOINIncompleteCallback
 .text.HAL_PCD_ConnectCallback
                0x000000000800d480       0x1c ./USB_DEVICE/Target/usbd_conf.o
                0x000000000800d480                HAL_PCD_ConnectCallback
 .text.HAL_PCD_DisconnectCallback
                0x000000000800d49c       0x1c ./USB_DEVICE/Target/usbd_conf.o
                0x000000000800d49c                HAL_PCD_DisconnectCallback
 .text.USBD_LL_Init
                0x000000000800d4b8       0x98 ./USB_DEVICE/Target/usbd_conf.o
                0x000000000800d4b8                USBD_LL_Init
 .text.USBD_LL_Start
                0x000000000800d550       0x36 ./USB_DEVICE/Target/usbd_conf.o
                0x000000000800d550                USBD_LL_Start
 .text.USBD_LL_OpenEP
                0x000000000800d586       0x4c ./USB_DEVICE/Target/usbd_conf.o
                0x000000000800d586                USBD_LL_OpenEP
 .text.USBD_LL_CloseEP
                0x000000000800d5d2       0x3e ./USB_DEVICE/Target/usbd_conf.o
                0x000000000800d5d2                USBD_LL_CloseEP
 .text.USBD_LL_StallEP
                0x000000000800d610       0x3e ./USB_DEVICE/Target/usbd_conf.o
                0x000000000800d610                USBD_LL_StallEP
 .text.USBD_LL_ClearStallEP
                0x000000000800d64e       0x3e ./USB_DEVICE/Target/usbd_conf.o
                0x000000000800d64e                USBD_LL_ClearStallEP
 .text.USBD_LL_IsStallEP
                0x000000000800d68c       0x58 ./USB_DEVICE/Target/usbd_conf.o
                0x000000000800d68c                USBD_LL_IsStallEP
 .text.USBD_LL_SetUSBAddress
                0x000000000800d6e4       0x3e ./USB_DEVICE/Target/usbd_conf.o
                0x000000000800d6e4                USBD_LL_SetUSBAddress
 .text.USBD_LL_Transmit
                0x000000000800d722       0x42 ./USB_DEVICE/Target/usbd_conf.o
                0x000000000800d722                USBD_LL_Transmit
 .text.USBD_LL_PrepareReceive
                0x000000000800d764       0x42 ./USB_DEVICE/Target/usbd_conf.o
                0x000000000800d764                USBD_LL_PrepareReceive
 .text.USBD_LL_GetRxDataSize
                0x000000000800d7a6       0x26 ./USB_DEVICE/Target/usbd_conf.o
                0x000000000800d7a6                USBD_LL_GetRxDataSize
 .text.HAL_PCDEx_LPM_Callback
                0x000000000800d7cc       0x9c ./USB_DEVICE/Target/usbd_conf.o
                0x000000000800d7cc                HAL_PCDEx_LPM_Callback
 .text.SystemClockConfig_Resume
                0x000000000800d868        0xc ./USB_DEVICE/Target/usbd_conf.o
 .text.USBD_Get_USB_Status
                0x000000000800d874       0x58 ./USB_DEVICE/Target/usbd_conf.o
                0x000000000800d874                USBD_Get_USB_Status
 .text.__errno  0x000000000800d8cc        0xc c:/st/stm32cubeide_1.10.1/stm32cubeide/plugins/com.st.stm32cube.ide.mcu.externaltools.gnu-tools-for-stm32.10.3-2021.10.win32_1.0.0.202111181127/tools/bin/../lib/gcc/arm-none-eabi/10.3.1/../../../../arm-none-eabi/lib/thumb/v7e-m+dp/hard\libc_nano.a(lib_a-errno.o)
                0x000000000800d8cc                __errno
 .text.__libc_init_array
                0x000000000800d8d8       0x48 c:/st/stm32cubeide_1.10.1/stm32cubeide/plugins/com.st.stm32cube.ide.mcu.externaltools.gnu-tools-for-stm32.10.3-2021.10.win32_1.0.0.202111181127/tools/bin/../lib/gcc/arm-none-eabi/10.3.1/../../../../arm-none-eabi/lib/thumb/v7e-m+dp/hard\libc_nano.a(lib_a-init.o)
                0x000000000800d8d8                __libc_init_array
 .text.__retarget_lock_acquire_recursive
                0x000000000800d920        0x2 c:/st/stm32cubeide_1.10.1/stm32cubeide/plugins/com.st.stm32cube.ide.mcu.externaltools.gnu-tools-for-stm32.10.3-2021.10.win32_1.0.0.202111181127/tools/bin/../lib/gcc/arm-none-eabi/10.3.1/../../../../arm-none-eabi/lib/thumb/v7e-m+dp/hard\libc_nano.a(lib_a-lock.o)
                0x000000000800d920                __retarget_lock_acquire_recursive
 .text.__retarget_lock_release_recursive
                0x000000000800d922        0x2 c:/st/stm32cubeide_1.10.1/stm32cubeide/plugins/com.st.stm32cube.ide.mcu.externaltools.gnu-tools-for-stm32.10.3-2021.10.win32_1.0.0.202111181127/tools/bin/../lib/gcc/arm-none-eabi/10.3.1/../../../../arm-none-eabi/lib/thumb/v7e-m+dp/hard\libc_nano.a(lib_a-lock.o)
                0x000000000800d922                __retarget_lock_release_recursive
 .text.malloc   0x000000000800d924       0x10 c:/st/stm32cubeide_1.10.1/stm32cubeide/plugins/com.st.stm32cube.ide.mcu.externaltools.gnu-tools-for-stm32.10.3-2021.10.win32_1.0.0.202111181127/tools/bin/../lib/gcc/arm-none-eabi/10.3.1/../../../../arm-none-eabi/lib/thumb/v7e-m+dp/hard\libc_nano.a(lib_a-malloc.o)
                0x000000000800d924                malloc
 .text.free     0x000000000800d934       0x10 c:/st/stm32cubeide_1.10.1/stm32cubeide/plugins/com.st.stm32cube.ide.mcu.externaltools.gnu-tools-for-stm32.10.3-2021.10.win32_1.0.0.202111181127/tools/bin/../lib/gcc/arm-none-eabi/10.3.1/../../../../arm-none-eabi/lib/thumb/v7e-m+dp/hard\libc_nano.a(lib_a-malloc.o)
                0x000000000800d934                free
 .text.memcpy   0x000000000800d944       0x1c c:/st/stm32cubeide_1.10.1/stm32cubeide/plugins/com.st.stm32cube.ide.mcu.externaltools.gnu-tools-for-stm32.10.3-2021.10.win32_1.0.0.202111181127/tools/bin/../lib/gcc/arm-none-eabi/10.3.1/../../../../arm-none-eabi/lib/thumb/v7e-m+dp/hard\libc_nano.a(lib_a-memcpy-stub.o)
                0x000000000800d944                memcpy
 .text.memset   0x000000000800d960       0x10 c:/st/stm32cubeide_1.10.1/stm32cubeide/plugins/com.st.stm32cube.ide.mcu.externaltools.gnu-tools-for-stm32.10.3-2021.10.win32_1.0.0.202111181127/tools/bin/../lib/gcc/arm-none-eabi/10.3.1/../../../../arm-none-eabi/lib/thumb/v7e-m+dp/hard\libc_nano.a(lib_a-memset.o)
                0x000000000800d960                memset
 .text._free_r  0x000000000800d970       0x98 c:/st/stm32cubeide_1.10.1/stm32cubeide/plugins/com.st.stm32cube.ide.mcu.externaltools.gnu-tools-for-stm32.10.3-2021.10.win32_1.0.0.202111181127/tools/bin/../lib/gcc/arm-none-eabi/10.3.1/../../../../arm-none-eabi/lib/thumb/v7e-m+dp/hard\libc_nano.a(lib_a-nano-freer.o)
                0x000000000800d970                _free_r
 .text.sbrk_aligned
                0x000000000800da08       0x40 c:/st/stm32cubeide_1.10.1/stm32cubeide/plugins/com.st.stm32cube.ide.mcu.externaltools.gnu-tools-for-stm32.10.3-2021.10.win32_1.0.0.202111181127/tools/bin/../lib/gcc/arm-none-eabi/10.3.1/../../../../arm-none-eabi/lib/thumb/v7e-m+dp/hard\libc_nano.a(lib_a-nano-mallocr.o)
 .text._malloc_r
                0x000000000800da48       0xe8 c:/st/stm32cubeide_1.10.1/stm32cubeide/plugins/com.st.stm32cube.ide.mcu.externaltools.gnu-tools-for-stm32.10.3-2021.10.win32_1.0.0.202111181127/tools/bin/../lib/gcc/arm-none-eabi/10.3.1/../../../../arm-none-eabi/lib/thumb/v7e-m+dp/hard\libc_nano.a(lib_a-nano-mallocr.o)
                0x000000000800da48                _malloc_r
 .text.cleanup_glue
                0x000000000800db30       0x1a c:/st/stm32cubeide_1.10.1/stm32cubeide/plugins/com.st.stm32cube.ide.mcu.externaltools.gnu-tools-for-stm32.10.3-2021.10.win32_1.0.0.202111181127/tools/bin/../lib/gcc/arm-none-eabi/10.3.1/../../../../arm-none-eabi/lib/thumb/v7e-m+dp/hard\libc_nano.a(lib_a-reent.o)
                0x000000000800db30                cleanup_glue
 *fill*         0x000000000800db4a        0x2 
 .text._reclaim_reent
                0x000000000800db4c       0xb8 c:/st/stm32cubeide_1.10.1/stm32cubeide/plugins/com.st.stm32cube.ide.mcu.externaltools.gnu-tools-for-stm32.10.3-2021.10.win32_1.0.0.202111181127/tools/bin/../lib/gcc/arm-none-eabi/10.3.1/../../../../arm-none-eabi/lib/thumb/v7e-m+dp/hard\libc_nano.a(lib_a-reent.o)
                0x000000000800db4c                _reclaim_reent
 .text._sbrk_r  0x000000000800dc04       0x20 c:/st/stm32cubeide_1.10.1/stm32cubeide/plugins/com.st.stm32cube.ide.mcu.externaltools.gnu-tools-for-stm32.10.3-2021.10.win32_1.0.0.202111181127/tools/bin/../lib/gcc/arm-none-eabi/10.3.1/../../../../arm-none-eabi/lib/thumb/v7e-m+dp/hard\libc_nano.a(lib_a-sbrkr.o)
                0x000000000800dc04                _sbrk_r
 .text.__malloc_lock
                0x000000000800dc24        0xc c:/st/stm32cubeide_1.10.1/stm32cubeide/plugins/com.st.stm32cube.ide.mcu.externaltools.gnu-tools-for-stm32.10.3-2021.10.win32_1.0.0.202111181127/tools/bin/../lib/gcc/arm-none-eabi/10.3.1/../../../../arm-none-eabi/lib/thumb/v7e-m+dp/hard\libc_nano.a(lib_a-mlock.o)
                0x000000000800dc24                __malloc_lock
 .text.__malloc_unlock
                0x000000000800dc30        0xc c:/st/stm32cubeide_1.10.1/stm32cubeide/plugins/com.st.stm32cube.ide.mcu.externaltools.gnu-tools-for-stm32.10.3-2021.10.win32_1.0.0.202111181127/tools/bin/../lib/gcc/arm-none-eabi/10.3.1/../../../../arm-none-eabi/lib/thumb/v7e-m+dp/hard\libc_nano.a(lib_a-mlock.o)
                0x000000000800dc30                __malloc_unlock
 *(.glue_7)
 .glue_7        0x000000000800dc3c        0x0 linker stubs
 *(.glue_7t)
 .glue_7t       0x000000000800dc3c        0x0 linker stubs
 *(.eh_frame)
 .eh_frame      0x000000000800dc3c        0x0 c:/st/stm32cubeide_1.10.1/stm32cubeide/plugins/com.st.stm32cube.ide.mcu.externaltools.gnu-tools-for-stm32.10.3-2021.10.win32_1.0.0.202111181127/tools/bin/../lib/gcc/arm-none-eabi/10.3.1/thumb/v7e-m+dp/hard/crtbegin.o
 *(.init)
 .init          0x000000000800dc3c        0x4 c:/st/stm32cubeide_1.10.1/stm32cubeide/plugins/com.st.stm32cube.ide.mcu.externaltools.gnu-tools-for-stm32.10.3-2021.10.win32_1.0.0.202111181127/tools/bin/../lib/gcc/arm-none-eabi/10.3.1/thumb/v7e-m+dp/hard/crti.o
                0x000000000800dc3c                _init
 .init          0x000000000800dc40        0x8 c:/st/stm32cubeide_1.10.1/stm32cubeide/plugins/com.st.stm32cube.ide.mcu.externaltools.gnu-tools-for-stm32.10.3-2021.10.win32_1.0.0.202111181127/tools/bin/../lib/gcc/arm-none-eabi/10.3.1/thumb/v7e-m+dp/hard/crtn.o
 *(.fini)
 .fini          0x000000000800dc48        0x4 c:/st/stm32cubeide_1.10.1/stm32cubeide/plugins/com.st.stm32cube.ide.mcu.externaltools.gnu-tools-for-stm32.10.3-2021.10.win32_1.0.0.202111181127/tools/bin/../lib/gcc/arm-none-eabi/10.3.1/thumb/v7e-m+dp/hard/crti.o
                0x000000000800dc48                _fini
 .fini          0x000000000800dc4c        0x8 c:/st/stm32cubeide_1.10.1/stm32cubeide/plugins/com.st.stm32cube.ide.mcu.externaltools.gnu-tools-for-stm32.10.3-2021.10.win32_1.0.0.202111181127/tools/bin/../lib/gcc/arm-none-eabi/10.3.1/thumb/v7e-m+dp/hard/crtn.o
                0x000000000800dc54                . = ALIGN (0x4)
                0x000000000800dc54                _etext = .

.vfp11_veneer   0x000000000800dc54        0x0
 .vfp11_veneer  0x000000000800dc54        0x0 linker stubs

.v4_bx          0x000000000800dc54        0x0
 .v4_bx         0x000000000800dc54        0x0 linker stubs

.iplt           0x000000000800dc54        0x0
 .iplt          0x000000000800dc54        0x0 c:/st/stm32cubeide_1.10.1/stm32cubeide/plugins/com.st.stm32cube.ide.mcu.externaltools.gnu-tools-for-stm32.10.3-2021.10.win32_1.0.0.202111181127/tools/bin/../lib/gcc/arm-none-eabi/10.3.1/thumb/v7e-m+dp/hard/crtbegin.o

.rodata         0x000000000800dc54      0x1d0
                0x000000000800dc54                . = ALIGN (0x4)
 *(.rodata)
 .rodata        0x000000000800dc54       0x46 ./Core/Src/main.o
 *fill*         0x000000000800dc9a        0x2 
 .rodata        0x000000000800dc9c        0x5 ./Middlewares/Third_Party/FreeRTOS/Source/tasks.o
 *fill*         0x000000000800dca1        0x3 
 .rodata        0x000000000800dca4        0xd ./Middlewares/Third_Party/FreeRTOS/Source/timers.o
 *fill*         0x000000000800dcb1        0x3 
 .rodata        0x000000000800dcb4       0x42 ./USB_DEVICE/App/usbd_desc.o
 *(.rodata*)
 *fill*         0x000000000800dcf6        0x2 
 .rodata.defaultTask_attributes
                0x000000000800dcf8       0x24 ./Core/Src/main.o
                0x000000000800dcf8                defaultTask_attributes
 .rodata.Task_gateway_attributes
                0x000000000800dd1c       0x24 ./Core/Src/main.o
                0x000000000800dd1c                Task_gateway_attributes
 .rodata.Task_controller_attributes
                0x000000000800dd40       0x24 ./Core/Src/main.o
                0x000000000800dd40                Task_controller_attributes
 .rodata.Task_SHT20_attributes
                0x000000000800dd64       0x24 ./Core/Src/main.o
                0x000000000800dd64                Task_SHT20_attributes
 .rodata.Task_74HC595D_attributes
                0x000000000800dd88       0x24 ./Core/Src/main.o
                0x000000000800dd88                Task_74HC595D_attributes
 .rodata.AHBPrescTable
                0x000000000800ddac       0x10 ./Core/Src/system_stm32f7xx.o
                0x000000000800ddac                AHBPrescTable
 .rodata.APBPrescTable
                0x000000000800ddbc        0x8 ./Core/Src/system_stm32f7xx.o
                0x000000000800ddbc                APBPrescTable
 .rodata.__sf_fake_stderr
                0x000000000800ddc4       0x20 c:/st/stm32cubeide_1.10.1/stm32cubeide/plugins/com.st.stm32cube.ide.mcu.externaltools.gnu-tools-for-stm32.10.3-2021.10.win32_1.0.0.202111181127/tools/bin/../lib/gcc/arm-none-eabi/10.3.1/../../../../arm-none-eabi/lib/thumb/v7e-m+dp/hard\libc_nano.a(lib_a-findfp.o)
                0x000000000800ddc4                __sf_fake_stderr
 .rodata.__sf_fake_stdin
                0x000000000800dde4       0x20 c:/st/stm32cubeide_1.10.1/stm32cubeide/plugins/com.st.stm32cube.ide.mcu.externaltools.gnu-tools-for-stm32.10.3-2021.10.win32_1.0.0.202111181127/tools/bin/../lib/gcc/arm-none-eabi/10.3.1/../../../../arm-none-eabi/lib/thumb/v7e-m+dp/hard\libc_nano.a(lib_a-findfp.o)
                0x000000000800dde4                __sf_fake_stdin
 .rodata.__sf_fake_stdout
                0x000000000800de04       0x20 c:/st/stm32cubeide_1.10.1/stm32cubeide/plugins/com.st.stm32cube.ide.mcu.externaltools.gnu-tools-for-stm32.10.3-2021.10.win32_1.0.0.202111181127/tools/bin/../lib/gcc/arm-none-eabi/10.3.1/../../../../arm-none-eabi/lib/thumb/v7e-m+dp/hard\libc_nano.a(lib_a-findfp.o)
                0x000000000800de04                __sf_fake_stdout
                0x000000000800de24                . = ALIGN (0x4)

.ARM.extab      0x000000000800de24        0x0
                0x000000000800de24                . = ALIGN (0x4)
 *(.ARM.extab* .gnu.linkonce.armextab.*)
                0x000000000800de24                . = ALIGN (0x4)

.ARM            0x000000000800de24        0x8
                0x000000000800de24                . = ALIGN (0x4)
                0x000000000800de24                __exidx_start = .
 *(.ARM.exidx*)
 .ARM.exidx     0x000000000800de24        0x8 c:/st/stm32cubeide_1.10.1/stm32cubeide/plugins/com.st.stm32cube.ide.mcu.externaltools.gnu-tools-for-stm32.10.3-2021.10.win32_1.0.0.202111181127/tools/bin/../lib/gcc/arm-none-eabi/10.3.1/thumb/v7e-m+dp/hard\libgcc.a(_udivmoddi4.o)
                0x000000000800de2c                __exidx_end = .
                0x000000000800de2c                . = ALIGN (0x4)

.rel.dyn        0x000000000800de2c        0x0
 .rel.iplt      0x000000000800de2c        0x0 c:/st/stm32cubeide_1.10.1/stm32cubeide/plugins/com.st.stm32cube.ide.mcu.externaltools.gnu-tools-for-stm32.10.3-2021.10.win32_1.0.0.202111181127/tools/bin/../lib/gcc/arm-none-eabi/10.3.1/thumb/v7e-m+dp/hard/crtbegin.o

.preinit_array  0x000000000800de2c        0x0
                0x000000000800de2c                . = ALIGN (0x4)
                0x000000000800de2c                PROVIDE (__preinit_array_start = .)
 *(.preinit_array*)
                0x000000000800de2c                PROVIDE (__preinit_array_end = .)
                0x000000000800de2c                . = ALIGN (0x4)

.init_array     0x000000000800de2c        0x4
                0x000000000800de2c                . = ALIGN (0x4)
                0x000000000800de2c                PROVIDE (__init_array_start = .)
 *(SORT_BY_NAME(.init_array.*))
 *(.init_array*)
 .init_array    0x000000000800de2c        0x4 c:/st/stm32cubeide_1.10.1/stm32cubeide/plugins/com.st.stm32cube.ide.mcu.externaltools.gnu-tools-for-stm32.10.3-2021.10.win32_1.0.0.202111181127/tools/bin/../lib/gcc/arm-none-eabi/10.3.1/thumb/v7e-m+dp/hard/crtbegin.o
                0x000000000800de30                PROVIDE (__init_array_end = .)
                0x000000000800de30                . = ALIGN (0x4)

.fini_array     0x000000000800de30        0x4
                0x000000000800de30                . = ALIGN (0x4)
                [!provide]                        PROVIDE (__fini_array_start = .)
 *(SORT_BY_NAME(.fini_array.*))
 *(.fini_array*)
 .fini_array    0x000000000800de30        0x4 c:/st/stm32cubeide_1.10.1/stm32cubeide/plugins/com.st.stm32cube.ide.mcu.externaltools.gnu-tools-for-stm32.10.3-2021.10.win32_1.0.0.202111181127/tools/bin/../lib/gcc/arm-none-eabi/10.3.1/thumb/v7e-m+dp/hard/crtbegin.o
                [!provide]                        PROVIDE (__fini_array_end = .)
                0x000000000800de34                . = ALIGN (0x4)
                0x000000000800de34                _sidata = LOADADDR (.data)

.data           0x0000000020000000      0x174 load address 0x000000000800de34
                0x0000000020000000                . = ALIGN (0x4)
                0x0000000020000000                _sdata = .
 *(.data)
 *(.data*)
 .data.SystemCoreClock
                0x0000000020000000        0x4 ./Core/Src/system_stm32f7xx.o
                0x0000000020000000                SystemCoreClock
 .data.uwTickPrio
                0x0000000020000004        0x4 ./Drivers/STM32F7xx_HAL_Driver/Src/stm32f7xx_hal.o
                0x0000000020000004                uwTickPrio
 .data.uwTickFreq
                0x0000000020000008        0x1 ./Drivers/STM32F7xx_HAL_Driver/Src/stm32f7xx_hal.o
                0x0000000020000008                uwTickFreq
 *fill*         0x0000000020000009        0x3 
 .data.USBD_CDC_DeviceQualifierDesc
                0x000000002000000c        0xa ./Middlewares/ST/STM32_USB_Device_Library/Class/CDC/Src/usbd_cdc.o
 *fill*         0x0000000020000016        0x2 
 .data.USBD_CDC
                0x0000000020000018       0x38 ./Middlewares/ST/STM32_USB_Device_Library/Class/CDC/Src/usbd_cdc.o
                0x0000000020000018                USBD_CDC
 .data.USBD_CDC_CfgDesc
                0x0000000020000050       0x43 ./Middlewares/ST/STM32_USB_Device_Library/Class/CDC/Src/usbd_cdc.o
 .data.CDCInEpAdd
                0x0000000020000093        0x1 ./Middlewares/ST/STM32_USB_Device_Library/Class/CDC/Src/usbd_cdc.o
 .data.CDCOutEpAdd
                0x0000000020000094        0x1 ./Middlewares/ST/STM32_USB_Device_Library/Class/CDC/Src/usbd_cdc.o
 .data.CDCCmdEpAdd
                0x0000000020000095        0x1 ./Middlewares/ST/STM32_USB_Device_Library/Class/CDC/Src/usbd_cdc.o
 *fill*         0x0000000020000096        0x2 
 .data.uxCriticalNesting
                0x0000000020000098        0x4 ./Middlewares/Third_Party/FreeRTOS/Source/portable/GCC/ARM_CM7/r0p1/port.o
 .data.USBD_Interface_fops_FS
                0x000000002000009c       0x14 ./USB_DEVICE/App/usbd_cdc_if.o
                0x000000002000009c                USBD_Interface_fops_FS
 .data.FS_Desc  0x00000000200000b0       0x20 ./USB_DEVICE/App/usbd_desc.o
                0x00000000200000b0                FS_Desc
 .data.USBD_FS_DeviceDesc
                0x00000000200000d0       0x12 ./USB_DEVICE/App/usbd_desc.o
                0x00000000200000d0                USBD_FS_DeviceDesc
 *fill*         0x00000000200000e2        0x2 
 .data.USBD_FS_BOSDesc
                0x00000000200000e4        0xc ./USB_DEVICE/App/usbd_desc.o
                0x00000000200000e4                USBD_FS_BOSDesc
 .data.USBD_LangIDDesc
                0x00000000200000f0        0x4 ./USB_DEVICE/App/usbd_desc.o
                0x00000000200000f0                USBD_LangIDDesc
 .data.USBD_StringSerial
                0x00000000200000f4       0x1a ./USB_DEVICE/App/usbd_desc.o
                0x00000000200000f4                USBD_StringSerial
 *fill*         0x000000002000010e        0x2 
 .data._impure_ptr
                0x0000000020000110        0x4 c:/st/stm32cubeide_1.10.1/stm32cubeide/plugins/com.st.stm32cube.ide.mcu.externaltools.gnu-tools-for-stm32.10.3-2021.10.win32_1.0.0.202111181127/tools/bin/../lib/gcc/arm-none-eabi/10.3.1/../../../../arm-none-eabi/lib/thumb/v7e-m+dp/hard\libc_nano.a(lib_a-impure.o)
                0x0000000020000110                _impure_ptr
 .data.impure_data
                0x0000000020000114       0x60 c:/st/stm32cubeide_1.10.1/stm32cubeide/plugins/com.st.stm32cube.ide.mcu.externaltools.gnu-tools-for-stm32.10.3-2021.10.win32_1.0.0.202111181127/tools/bin/../lib/gcc/arm-none-eabi/10.3.1/../../../../arm-none-eabi/lib/thumb/v7e-m+dp/hard\libc_nano.a(lib_a-impure.o)
 *(.RamFunc)
 *(.RamFunc*)
                0x0000000020000174                . = ALIGN (0x4)
                0x0000000020000174                _edata = .

.igot.plt       0x0000000020000174        0x0 load address 0x000000000800dfa8
 .igot.plt      0x0000000020000174        0x0 c:/st/stm32cubeide_1.10.1/stm32cubeide/plugins/com.st.stm32cube.ide.mcu.externaltools.gnu-tools-for-stm32.10.3-2021.10.win32_1.0.0.202111181127/tools/bin/../lib/gcc/arm-none-eabi/10.3.1/thumb/v7e-m+dp/hard/crtbegin.o

.RxDecripSection
                0x0000000020000174       0xa0 load address 0x000000000800dfa8
 .RxDecripSection
                0x0000000020000174       0xa0 ./Core/Src/main.o
                0x0000000020000174                DMARxDscrTab

.TxDecripSection
                0x0000000020000214       0xa0 load address 0x000000000800e048
 .TxDecripSection
                0x0000000020000214       0xa0 ./Core/Src/main.o
                0x0000000020000214                DMATxDscrTab
                0x00000000200002b4                . = ALIGN (0x4)

.bss            0x00000000200002b4     0x6da0 load address 0x000000000800e0e8
                0x00000000200002b4                _sbss = .
                0x00000000200002b4                __bss_start__ = _sbss
 *(.bss)