../Drivers/CMSIS/Include/core_cm7.h:2229:22:SCB_EnableICache	4	static,ignoring_inline_asm
../Drivers/CMSIS/Include/core_cm7.h:2281:22:SCB_EnableDCache	24	static,ignoring_inline_asm
../Core/Src/main.c:86:5:main	8	static
../Core/Src/main.c:176:6:SystemClock_Config	88	static
../Core/Src/main.c:231:13:MX_CAN1_Init	8	static
../Core/Src/main.c:268:13:MX_I2C1_Init	8	static
../Core/Src/main.c:316:13:MX_SPI1_Init	8	static
../Core/Src/main.c:355:13:MX_USART1_UART_Init	8	static
../Core/Src/main.c:390:13:MX_GPIO_Init	48	static
../Core/Src/main.c:424:6:StartDefaultTask	16	static
../Core/Src/main.c:445:6:HAL_TIM_PeriodElapsedCallback	16	static
../Core/Src/main.c:462:6:Error_Handler	4	static,ignoring_inline_asm
